Archive member included to satisfy reference by file (symbol)

/Applications/STM32CubeIDE.app/Contents/Eclipse/plugins/com.st.stm32cube.ide.mcu.externaltools.gnu-tools-for-stm32.7-2018-q2-update.macos64_1.0.0.201904181610/tools/bin/../lib/gcc/arm-none-eabi/7.3.1/../../../../arm-none-eabi/lib/thumb/v7e-m/fpv4-sp/hard/libc_nano.a(lib_a-errno.o)
                              Src/syscalls.o (__errno)
/Applications/STM32CubeIDE.app/Contents/Eclipse/plugins/com.st.stm32cube.ide.mcu.externaltools.gnu-tools-for-stm32.7-2018-q2-update.macos64_1.0.0.201904181610/tools/bin/../lib/gcc/arm-none-eabi/7.3.1/../../../../arm-none-eabi/lib/thumb/v7e-m/fpv4-sp/hard/libc_nano.a(lib_a-exit.o)
                              /Applications/STM32CubeIDE.app/Contents/Eclipse/plugins/com.st.stm32cube.ide.mcu.externaltools.gnu-tools-for-stm32.7-2018-q2-update.macos64_1.0.0.201904181610/tools/bin/../lib/gcc/arm-none-eabi/7.3.1/../../../../arm-none-eabi/lib/thumb/v7e-m/fpv4-sp/hard/crt0.o (exit)
/Applications/STM32CubeIDE.app/Contents/Eclipse/plugins/com.st.stm32cube.ide.mcu.externaltools.gnu-tools-for-stm32.7-2018-q2-update.macos64_1.0.0.201904181610/tools/bin/../lib/gcc/arm-none-eabi/7.3.1/../../../../arm-none-eabi/lib/thumb/v7e-m/fpv4-sp/hard/libc_nano.a(lib_a-impure.o)
                              /Applications/STM32CubeIDE.app/Contents/Eclipse/plugins/com.st.stm32cube.ide.mcu.externaltools.gnu-tools-for-stm32.7-2018-q2-update.macos64_1.0.0.201904181610/tools/bin/../lib/gcc/arm-none-eabi/7.3.1/../../../../arm-none-eabi/lib/thumb/v7e-m/fpv4-sp/hard/libc_nano.a(lib_a-exit.o) (_global_impure_ptr)
/Applications/STM32CubeIDE.app/Contents/Eclipse/plugins/com.st.stm32cube.ide.mcu.externaltools.gnu-tools-for-stm32.7-2018-q2-update.macos64_1.0.0.201904181610/tools/bin/../lib/gcc/arm-none-eabi/7.3.1/../../../../arm-none-eabi/lib/thumb/v7e-m/fpv4-sp/hard/libc_nano.a(lib_a-init.o)
                              /Applications/STM32CubeIDE.app/Contents/Eclipse/plugins/com.st.stm32cube.ide.mcu.externaltools.gnu-tools-for-stm32.7-2018-q2-update.macos64_1.0.0.201904181610/tools/bin/../lib/gcc/arm-none-eabi/7.3.1/../../../../arm-none-eabi/lib/thumb/v7e-m/fpv4-sp/hard/crt0.o (__libc_init_array)
/Applications/STM32CubeIDE.app/Contents/Eclipse/plugins/com.st.stm32cube.ide.mcu.externaltools.gnu-tools-for-stm32.7-2018-q2-update.macos64_1.0.0.201904181610/tools/bin/../lib/gcc/arm-none-eabi/7.3.1/../../../../arm-none-eabi/lib/thumb/v7e-m/fpv4-sp/hard/libc_nano.a(lib_a-memset.o)
                              /Applications/STM32CubeIDE.app/Contents/Eclipse/plugins/com.st.stm32cube.ide.mcu.externaltools.gnu-tools-for-stm32.7-2018-q2-update.macos64_1.0.0.201904181610/tools/bin/../lib/gcc/arm-none-eabi/7.3.1/../../../../arm-none-eabi/lib/thumb/v7e-m/fpv4-sp/hard/crt0.o (memset)

Allocating common symbols
Common symbol       size              file

RemoteControl_CH2_Min
                    0x4               Src/Common_Data.o
Enc1_diff           0x4               Middlewares/Robocup/WheelSpeedProvider/src/WheelSpeedProvider.o
Timer_IC_Channel1_Raw_data
                    0x4               Src/Common_Data.o
Timer_IC_Channel3_Raw_data
                    0x4               Src/Common_Data.o
RemoteControl_CH2_Max
                    0x4               Src/Common_Data.o
Enc1_value_old      0x4               Middlewares/Robocup/WheelSpeedProvider/src/WheelSpeedProvider.o
Timer_IC_Channel2_Raw_data
                    0x4               Src/Common_Data.o
RemoteControl_CH3_Min
                    0x4               Src/Common_Data.o
RemoteControl_CH1_Min
                    0x4               Src/Common_Data.o
RemoteControl_CH1_Max
                    0x4               Src/Common_Data.o
uwTick              0x4               Drivers/STM32L4xx_HAL_Driver/Src/stm32l4xx_hal.o
Enc1_value          0x4               Middlewares/Robocup/WheelSpeedProvider/src/WheelSpeedProvider.o
TIM_IC_1_Value_1    0x4               Drivers/Robocup/Timer/src/Timer_InputCapture.o
TIM_IC_3_Value_1    0x4               Drivers/Robocup/Timer/src/Timer_InputCapture.o
WheelSpeedCalculation_Calculated_WheelSpeeds
                    0x10              Src/Common_Data.o
htim1               0x40              Src/Initialize_System.o
TIM_IC_1_CaptureIndex
                    0x4               Drivers/Robocup/Timer/src/Timer_InputCapture.o
RemoteControl_Provided_Robot_Speed
                    0xc               Src/Common_Data.o
RemoteControl_CH3_Max
                    0x4               Src/Common_Data.o
Button_Pressed      0x1               Src/Common_Data.o
TIM_IC_2_CaptureIndex
                    0x4               Drivers/Robocup/Timer/src/Timer_InputCapture.o
TIM_handler         0x40              Drivers/Robocup/Timer/src/Timer_InputCapture.o
TIM_IC_2_Value_1    0x4               Drivers/Robocup/Timer/src/Timer_InputCapture.o
TIM_IC_3_CaptureIndex
                    0x4               Drivers/Robocup/Timer/src/Timer_InputCapture.o
[...]
Memory Configuration

Name             Origin             Length             Attributes
RAM              0x0000000020000000 0x0000000000018000 xrw
RAM2             0x0000000010000000 0x0000000000008000 xrw
FLASH            0x0000000008000000 0x0000000000100000 xr
*default*        0x0000000000000000 0xffffffffffffffff

Linker script and memory map

LOAD /Applications/STM32CubeIDE.app/Contents/Eclipse/plugins/com.st.stm32cube.ide.mcu.externaltools.gnu-tools-for-stm32.7-2018-q2-update.macos64_1.0.0.201904181610/tools/bin/../lib/gcc/arm-none-eabi/7.3.1/thumb/v7e-m/fpv4-sp/hard/crti.o
LOAD /Applications/STM32CubeIDE.app/Contents/Eclipse/plugins/com.st.stm32cube.ide.mcu.externaltools.gnu-tools-for-stm32.7-2018-q2-update.macos64_1.0.0.201904181610/tools/bin/../lib/gcc/arm-none-eabi/7.3.1/thumb/v7e-m/fpv4-sp/hard/crtbegin.o
LOAD /Applications/STM32CubeIDE.app/Contents/Eclipse/plugins/com.st.stm32cube.ide.mcu.externaltools.gnu-tools-for-stm32.7-2018-q2-update.macos64_1.0.0.201904181610/tools/bin/../lib/gcc/arm-none-eabi/7.3.1/../../../../arm-none-eabi/lib/thumb/v7e-m/fpv4-sp/hard/crt0.o
LOAD Drivers/Robocup/Timer/src/Timer_InputCapture.o
LOAD Drivers/Robocup/Timer/src/Timer_PWM.o
LOAD Drivers/Robocup/Timer/src/Timer_encoder.o
LOAD Drivers/STM32L4xx_HAL_Driver/Src/stm32l4xx_hal.o
LOAD Drivers/STM32L4xx_HAL_Driver/Src/stm32l4xx_hal_cortex.o
LOAD Drivers/STM32L4xx_HAL_Driver/Src/stm32l4xx_hal_dma.o
LOAD Drivers/STM32L4xx_HAL_Driver/Src/stm32l4xx_hal_dma_ex.o
LOAD Drivers/STM32L4xx_HAL_Driver/Src/stm32l4xx_hal_exti.o
LOAD Drivers/STM32L4xx_HAL_Driver/Src/stm32l4xx_hal_flash.o
LOAD Drivers/STM32L4xx_HAL_Driver/Src/stm32l4xx_hal_flash_ex.o
LOAD Drivers/STM32L4xx_HAL_Driver/Src/stm32l4xx_hal_flash_ramfunc.o
LOAD Drivers/STM32L4xx_HAL_Driver/Src/stm32l4xx_hal_gpio.o
LOAD Drivers/STM32L4xx_HAL_Driver/Src/stm32l4xx_hal_i2c.o
LOAD Drivers/STM32L4xx_HAL_Driver/Src/stm32l4xx_hal_i2c_ex.o
LOAD Drivers/STM32L4xx_HAL_Driver/Src/stm32l4xx_hal_pwr.o
LOAD Drivers/STM32L4xx_HAL_Driver/Src/stm32l4xx_hal_pwr_ex.o
LOAD Drivers/STM32L4xx_HAL_Driver/Src/stm32l4xx_hal_rcc.o
LOAD Drivers/STM32L4xx_HAL_Driver/Src/stm32l4xx_hal_rcc_ex.o
LOAD Drivers/STM32L4xx_HAL_Driver/Src/stm32l4xx_hal_tim.o
LOAD Drivers/STM32L4xx_HAL_Driver/Src/stm32l4xx_hal_tim_ex.o
LOAD Middlewares/Robocup/MotorController/src/MotorController.o
LOAD Middlewares/Robocup/RemoteControl/src/RemoteControl.o
LOAD Middlewares/Robocup/WheelSpeedCalculation/src/WheelSpeedCalculation.o
LOAD Middlewares/Robocup/WheelSpeedProvider/src/WheelSpeedProvider.o
LOAD Src/Common_Data.o
LOAD Src/Initialize_System.o
LOAD Src/main.o
LOAD Src/stm32l4xx_hal_msp.o
LOAD Src/stm32l4xx_it.o
LOAD Src/syscalls.o
LOAD Src/sysmem.o
LOAD Src/system_stm32l4xx.o
LOAD Startup/startup_stm32l476rgtx.o
START GROUP
LOAD /Applications/STM32CubeIDE.app/Contents/Eclipse/plugins/com.st.stm32cube.ide.mcu.externaltools.gnu-tools-for-stm32.7-2018-q2-update.macos64_1.0.0.201904181610/tools/bin/../lib/gcc/arm-none-eabi/7.3.1/../../../../arm-none-eabi/lib/thumb/v7e-m/fpv4-sp/hard/libc_nano.a
LOAD /Applications/STM32CubeIDE.app/Contents/Eclipse/plugins/com.st.stm32cube.ide.mcu.externaltools.gnu-tools-for-stm32.7-2018-q2-update.macos64_1.0.0.201904181610/tools/bin/../lib/gcc/arm-none-eabi/7.3.1/../../../../arm-none-eabi/lib/thumb/v7e-m/fpv4-sp/hard/libm.a
END GROUP
START GROUP
LOAD /Applications/STM32CubeIDE.app/Contents/Eclipse/plugins/com.st.stm32cube.ide.mcu.externaltools.gnu-tools-for-stm32.7-2018-q2-update.macos64_1.0.0.201904181610/tools/bin/../lib/gcc/arm-none-eabi/7.3.1/thumb/v7e-m/fpv4-sp/hard/libgcc.a
LOAD /Applications/STM32CubeIDE.app/Contents/Eclipse/plugins/com.st.stm32cube.ide.mcu.externaltools.gnu-tools-for-stm32.7-2018-q2-update.macos64_1.0.0.201904181610/tools/bin/../lib/gcc/arm-none-eabi/7.3.1/../../../../arm-none-eabi/lib/thumb/v7e-m/fpv4-sp/hard/libc_nano.a
END GROUP
START GROUP
LOAD /Applications/STM32CubeIDE.app/Contents/Eclipse/plugins/com.st.stm32cube.ide.mcu.externaltools.gnu-tools-for-stm32.7-2018-q2-update.macos64_1.0.0.201904181610/tools/bin/../lib/gcc/arm-none-eabi/7.3.1/thumb/v7e-m/fpv4-sp/hard/libgcc.a
LOAD /Applications/STM32CubeIDE.app/Contents/Eclipse/plugins/com.st.stm32cube.ide.mcu.externaltools.gnu-tools-for-stm32.7-2018-q2-update.macos64_1.0.0.201904181610/tools/bin/../lib/gcc/arm-none-eabi/7.3.1/../../../../arm-none-eabi/lib/thumb/v7e-m/fpv4-sp/hard/libc_nano.a
LOAD /Applications/STM32CubeIDE.app/Contents/Eclipse/plugins/com.st.stm32cube.ide.mcu.externaltools.gnu-tools-for-stm32.7-2018-q2-update.macos64_1.0.0.201904181610/tools/bin/../lib/gcc/arm-none-eabi/7.3.1/../../../../arm-none-eabi/lib/thumb/v7e-m/fpv4-sp/hard/libnosys.a
END GROUP
START GROUP
LOAD /Applications/STM32CubeIDE.app/Contents/Eclipse/plugins/com.st.stm32cube.ide.mcu.externaltools.gnu-tools-for-stm32.7-2018-q2-update.macos64_1.0.0.201904181610/tools/bin/../lib/gcc/arm-none-eabi/7.3.1/thumb/v7e-m/fpv4-sp/hard/libgcc.a
LOAD /Applications/STM32CubeIDE.app/Contents/Eclipse/plugins/com.st.stm32cube.ide.mcu.externaltools.gnu-tools-for-stm32.7-2018-q2-update.macos64_1.0.0.201904181610/tools/bin/../lib/gcc/arm-none-eabi/7.3.1/../../../../arm-none-eabi/lib/thumb/v7e-m/fpv4-sp/hard/libc_nano.a
LOAD /Applications/STM32CubeIDE.app/Contents/Eclipse/plugins/com.st.stm32cube.ide.mcu.externaltools.gnu-tools-for-stm32.7-2018-q2-update.macos64_1.0.0.201904181610/tools/bin/../lib/gcc/arm-none-eabi/7.3.1/../../../../arm-none-eabi/lib/thumb/v7e-m/fpv4-sp/hard/libnosys.a
END GROUP
LOAD /Applications/STM32CubeIDE.app/Contents/Eclipse/plugins/com.st.stm32cube.ide.mcu.externaltools.gnu-tools-for-stm32.7-2018-q2-update.macos64_1.0.0.201904181610/tools/bin/../lib/gcc/arm-none-eabi/7.3.1/thumb/v7e-m/fpv4-sp/hard/crtend.o
LOAD /Applications/STM32CubeIDE.app/Contents/Eclipse/plugins/com.st.stm32cube.ide.mcu.externaltools.gnu-tools-for-stm32.7-2018-q2-update.macos64_1.0.0.201904181610/tools/bin/../lib/gcc/arm-none-eabi/7.3.1/thumb/v7e-m/fpv4-sp/hard/crtn.o
                0x0000000020018000                _estack = 0x20018000
                0x0000000000000200                _Min_Heap_Size = 0x200
                0x0000000000000400                _Min_Stack_Size = 0x400

.isr_vector     0x0000000008000000      0x188
                0x0000000008000000                . = ALIGN (0x4)
 *(.isr_vector)
 .isr_vector    0x0000000008000000      0x188 Startup/startup_stm32l476rgtx.o
                0x0000000008000000                g_pfnVectors
                0x0000000008000188                . = ALIGN (0x4)

.text           0x0000000008000188     0x21b8
                0x0000000008000188                . = ALIGN (0x4)
 *(.text)
 .text          0x0000000008000188       0x40 /Applications/STM32CubeIDE.app/Contents/Eclipse/plugins/com.st.stm32cube.ide.mcu.externaltools.gnu-tools-for-stm32.7-2018-q2-update.macos64_1.0.0.201904181610/tools/bin/../lib/gcc/arm-none-eabi/7.3.1/thumb/v7e-m/fpv4-sp/hard/crtbegin.o
 *(.text*)
 .text.HAL_TIM_IC_CaptureCallback
                0x00000000080001c8      0x1cc Drivers/Robocup/Timer/src/Timer_InputCapture.o
                0x00000000080001c8                HAL_TIM_IC_CaptureCallback
 .text.TIMx_ENC_Init
                0x0000000008000394      0x1e4 Drivers/Robocup/Timer/src/Timer_encoder.o
                0x0000000008000394                TIMx_ENC_Init
 .text.HAL_TIM_Encoder_MspInit
                0x0000000008000578       0x8c Drivers/Robocup/Timer/src/Timer_encoder.o
                0x0000000008000578                HAL_TIM_Encoder_MspInit
 .text.TIMx_ENC_Start
                0x0000000008000604       0x2c Drivers/Robocup/Timer/src/Timer_encoder.o
                0x0000000008000604                TIMx_ENC_Start
 .text.HAL_Init
                0x0000000008000630       0x40 Drivers/STM32L4xx_HAL_Driver/Src/stm32l4xx_hal.o
                0x0000000008000630                HAL_Init
 .text.HAL_InitTick
                0x0000000008000670       0x74 Drivers/STM32L4xx_HAL_Driver/Src/stm32l4xx_hal.o
                0x0000000008000670                HAL_InitTick
 .text.HAL_GetTick
                0x00000000080006e4       0x18 Drivers/STM32L4xx_HAL_Driver/Src/stm32l4xx_hal.o
                0x00000000080006e4                HAL_GetTick
 .text.__NVIC_SetPriorityGrouping
                0x00000000080006fc       0x48 Drivers/STM32L4xx_HAL_Driver/Src/stm32l4xx_hal_cortex.o
 .text.__NVIC_GetPriorityGrouping
                0x0000000008000744       0x1c Drivers/STM32L4xx_HAL_Driver/Src/stm32l4xx_hal_cortex.o
 .text.__NVIC_SetPriority
                0x0000000008000760       0x54 Drivers/STM32L4xx_HAL_Driver/Src/stm32l4xx_hal_cortex.o
 .text.NVIC_EncodePriority
                0x00000000080007b4       0x66 Drivers/STM32L4xx_HAL_Driver/Src/stm32l4xx_hal_cortex.o
 *fill*         0x000000000800081a        0x2 
 .text.SysTick_Config
                0x000000000800081c       0x44 Drivers/STM32L4xx_HAL_Driver/Src/stm32l4xx_hal_cortex.o
 .text.HAL_NVIC_SetPriorityGrouping
                0x0000000008000860       0x16 Drivers/STM32L4xx_HAL_Driver/Src/stm32l4xx_hal_cortex.o
                0x0000000008000860                HAL_NVIC_SetPriorityGrouping
 .text.HAL_NVIC_SetPriority
                0x0000000008000876       0x38 Drivers/STM32L4xx_HAL_Driver/Src/stm32l4xx_hal_cortex.o
                0x0000000008000876                HAL_NVIC_SetPriority
 .text.HAL_SYSTICK_Config
                0x00000000080008ae       0x18 Drivers/STM32L4xx_HAL_Driver/Src/stm32l4xx_hal_cortex.o
                0x00000000080008ae                HAL_SYSTICK_Config
 *fill*         0x00000000080008c6        0x2 
 .text.HAL_GPIO_Init
                0x00000000080008c8      0x350 Drivers/STM32L4xx_HAL_Driver/Src/stm32l4xx_hal_gpio.o
                0x00000000080008c8                HAL_GPIO_Init
 .text.HAL_GPIO_EXTI_IRQHandler
                0x0000000008000c18       0x30 Drivers/STM32L4xx_HAL_Driver/Src/stm32l4xx_hal_gpio.o
                0x0000000008000c18                HAL_GPIO_EXTI_IRQHandler
 .text.HAL_GPIO_EXTI_Callback
                0x0000000008000c48       0x16 Drivers/STM32L4xx_HAL_Driver/Src/stm32l4xx_hal_gpio.o
                0x0000000008000c48                HAL_GPIO_EXTI_Callback
 *fill*         0x0000000008000c5e        0x2 
 .text.HAL_PWREx_GetVoltageRange
                0x0000000008000c60       0x1c Drivers/STM32L4xx_HAL_Driver/Src/stm32l4xx_hal_pwr_ex.o
                0x0000000008000c60                HAL_PWREx_GetVoltageRange
 .text.HAL_PWREx_ControlVoltageScaling
                0x0000000008000c7c       0xac Drivers/STM32L4xx_HAL_Driver/Src/stm32l4xx_hal_pwr_ex.o
                0x0000000008000c7c                HAL_PWREx_ControlVoltageScaling
 .text.HAL_RCC_OscConfig
                0x0000000008000d28      0x760 Drivers/STM32L4xx_HAL_Driver/Src/stm32l4xx_hal_rcc.o
                0x0000000008000d28                HAL_RCC_OscConfig
 .text.HAL_RCC_ClockConfig
                0x0000000008001488      0x1c4 Drivers/STM32L4xx_HAL_Driver/Src/stm32l4xx_hal_rcc.o
                0x0000000008001488                HAL_RCC_ClockConfig
 .text.HAL_RCC_GetSysClockFreq
                0x000000000800164c      0x114 Drivers/STM32L4xx_HAL_Driver/Src/stm32l4xx_hal_rcc.o
                0x000000000800164c                HAL_RCC_GetSysClockFreq
 .text.RCC_SetFlashLatencyFromMSIRange
                0x0000000008001760       0xc0 Drivers/STM32L4xx_HAL_Driver/Src/stm32l4xx_hal_rcc.o
 .text.HAL_TIM_Encoder_Init
                0x0000000008001820      0x124 Drivers/STM32L4xx_HAL_Driver/Src/stm32l4xx_hal_tim.o
                0x0000000008001820                HAL_TIM_Encoder_Init
 .text.HAL_TIM_Encoder_Start
                0x0000000008001944       0x6e Drivers/STM32L4xx_HAL_Driver/Src/stm32l4xx_hal_tim.o
                0x0000000008001944                HAL_TIM_Encoder_Start
 .text.HAL_TIM_IRQHandler
                0x00000000080019b2      0x23e Drivers/STM32L4xx_HAL_Driver/Src/stm32l4xx_hal_tim.o
                0x00000000080019b2                HAL_TIM_IRQHandler
 .text.HAL_TIM_ReadCapturedValue
                0x0000000008001bf0       0x88 Drivers/STM32L4xx_HAL_Driver/Src/stm32l4xx_hal_tim.o
                0x0000000008001bf0                HAL_TIM_ReadCapturedValue
 .text.HAL_TIM_PeriodElapsedCallback
                0x0000000008001c78       0x14 Drivers/STM32L4xx_HAL_Driver/Src/stm32l4xx_hal_tim.o
                0x0000000008001c78                HAL_TIM_PeriodElapsedCallback
 .text.HAL_TIM_OC_DelayElapsedCallback
                0x0000000008001c8c       0x14 Drivers/STM32L4xx_HAL_Driver/Src/stm32l4xx_hal_tim.o
                0x0000000008001c8c                HAL_TIM_OC_DelayElapsedCallback
 .text.HAL_TIM_PWM_PulseFinishedCallback
                0x0000000008001ca0       0x14 Drivers/STM32L4xx_HAL_Driver/Src/stm32l4xx_hal_tim.o
                0x0000000008001ca0                HAL_TIM_PWM_PulseFinishedCallback
 .text.HAL_TIM_TriggerCallback
                0x0000000008001cb4       0x14 Drivers/STM32L4xx_HAL_Driver/Src/stm32l4xx_hal_tim.o
                0x0000000008001cb4                HAL_TIM_TriggerCallback
 .text.TIM_Base_SetConfig
                0x0000000008001cc8      0x134 Drivers/STM32L4xx_HAL_Driver/Src/stm32l4xx_hal_tim.o
                0x0000000008001cc8                TIM_Base_SetConfig
 .text.TIM_CCxChannelCmd
                0x0000000008001dfc       0x4a Drivers/STM32L4xx_HAL_Driver/Src/stm32l4xx_hal_tim.o
                0x0000000008001dfc                TIM_CCxChannelCmd
 *fill*         0x0000000008001e46        0x2 
 .text.HAL_TIMEx_MasterConfigSynchronization
                0x0000000008001e48       0xb8 Drivers/STM32L4xx_HAL_Driver/Src/stm32l4xx_hal_tim_ex.o
                0x0000000008001e48                HAL_TIMEx_MasterConfigSynchronization
 .text.HAL_TIMEx_CommutCallback
                0x0000000008001f00       0x14 Drivers/STM32L4xx_HAL_Driver/Src/stm32l4xx_hal_tim_ex.o
                0x0000000008001f00                HAL_TIMEx_CommutCallback
 .text.HAL_TIMEx_BreakCallback
                0x0000000008001f14       0x14 Drivers/STM32L4xx_HAL_Driver/Src/stm32l4xx_hal_tim_ex.o
                0x0000000008001f14                HAL_TIMEx_BreakCallback
 .text.HAL_TIMEx_Break2Callback
                0x0000000008001f28       0x14 Drivers/STM32L4xx_HAL_Driver/Src/stm32l4xx_hal_tim_ex.o
                0x0000000008001f28                HAL_TIMEx_Break2Callback
 .text.Init_Wheel_Speed_Provision
                0x0000000008001f3c       0x74 Middlewares/Robocup/WheelSpeedProvider/src/WheelSpeedProvider.o
                0x0000000008001f3c                Init_Wheel_Speed_Provision
 .text.Provide_Wheel_Speeds
                0x0000000008001fb0       0x48 Middlewares/Robocup/WheelSpeedProvider/src/WheelSpeedProvider.o
                0x0000000008001fb0                Provide_Wheel_Speeds
 .text.Write_IC_Channel1_Raw_data
                0x0000000008001ff8       0x20 Src/Common_Data.o
                0x0000000008001ff8                Write_IC_Channel1_Raw_data
 .text.Write_IC_Channel2_Raw_data
                0x0000000008002018       0x20 Src/Common_Data.o
                0x0000000008002018                Write_IC_Channel2_Raw_data
 .text.Write_IC_Channel3_Raw_data
                0x0000000008002038       0x20 Src/Common_Data.o
                0x0000000008002038                Write_IC_Channel3_Raw_data
 .text.Init_System_Startup
                0x0000000008002058        0xc Src/Initialize_System.o
                0x0000000008002058                Init_System_Startup
 .text.main     0x0000000008002064       0x28 Src/main.o
                0x0000000008002064                main
 .text.SystemClock_Config
                0x000000000800208c       0xa2 Src/main.o
                0x000000000800208c                SystemClock_Config
 *fill*         0x000000000800212e        0x2 
 .text.SysTick_Handler
                0x0000000008002130       0x1c Src/main.o
                0x0000000008002130                SysTick_Handler
 .text.Error_Handler
                0x000000000800214c        0x6 Src/main.o
                0x000000000800214c                Error_Handler
 *fill*         0x0000000008002152        0x2 
 .text.HAL_MspInit
                0x0000000008002154       0x48 Src/stm32l4xx_hal_msp.o
                0x0000000008002154                HAL_MspInit
 .text.NMI_Handler
                0x000000000800219c        0xe Src/stm32l4xx_it.o
                0x000000000800219c                NMI_Handler
 .text.HardFault_Handler
                0x00000000080021aa        0x6 Src/stm32l4xx_it.o
                0x00000000080021aa                HardFault_Handler
 .text.MemManage_Handler
                0x00000000080021b0        0x6 Src/stm32l4xx_it.o
                0x00000000080021b0                MemManage_Handler
 .text.BusFault_Handler
                0x00000000080021b6        0x6 Src/stm32l4xx_it.o
                0x00000000080021b6                BusFault_Handler
 .text.UsageFault_Handler
                0x00000000080021bc        0x6 Src/stm32l4xx_it.o
                0x00000000080021bc                UsageFault_Handler
 .text.SVC_Handler
                0x00000000080021c2        0xe Src/stm32l4xx_it.o
                0x00000000080021c2                SVC_Handler
 .text.DebugMon_Handler
                0x00000000080021d0        0xe Src/stm32l4xx_it.o
                0x00000000080021d0                DebugMon_Handler
 .text.PendSV_Handler
                0x00000000080021de        0xe Src/stm32l4xx_it.o
                0x00000000080021de                PendSV_Handler
 .text.TIM1_CC_IRQHandler
                0x00000000080021ec       0x14 Src/stm32l4xx_it.o
                0x00000000080021ec                TIM1_CC_IRQHandler
 .text.EXTI15_10_IRQHandler
                0x0000000008002200       0x10 Src/stm32l4xx_it.o
                0x0000000008002200                EXTI15_10_IRQHandler
 .text.SystemInit
                0x0000000008002210       0x6c Src/system_stm32l4xx.o
                0x0000000008002210                SystemInit
 .text.Reset_Handler
                0x000000000800227c       0x50 Startup/startup_stm32l476rgtx.o
                0x000000000800227c                Reset_Handler
 .text.Default_Handler
                0x00000000080022cc        0x2 Startup/startup_stm32l476rgtx.o
                0x00000000080022cc                TIM1_BRK_TIM15_IRQHandler
                0x00000000080022cc                EXTI2_IRQHandler
                0x00000000080022cc                TIM8_TRG_COM_IRQHandler
                0x00000000080022cc                TIM8_CC_IRQHandler
                0x00000000080022cc                TSC_IRQHandler
                0x00000000080022cc                TAMP_STAMP_IRQHandler
                0x00000000080022cc                EXTI3_IRQHandler
                0x00000000080022cc                LPTIM2_IRQHandler
                0x00000000080022cc                DFSDM1_FLT1_IRQHandler
                0x00000000080022cc                I2C3_ER_IRQHandler
                0x00000000080022cc                DFSDM1_FLT2_IRQHandler
                0x00000000080022cc                EXTI0_IRQHandler
                0x00000000080022cc                I2C2_EV_IRQHandler
                0x00000000080022cc                CAN1_RX0_IRQHandler
                0x00000000080022cc                FPU_IRQHandler
                0x00000000080022cc                TIM1_UP_TIM16_IRQHandler
                0x00000000080022cc                ADC1_2_IRQHandler
                0x00000000080022cc                SPI1_IRQHandler
                0x00000000080022cc                TIM6_DAC_IRQHandler
                0x00000000080022cc                TIM8_UP_IRQHandler
                0x00000000080022cc                DMA2_Channel2_IRQHandler
                0x00000000080022cc                DMA1_Channel4_IRQHandler
                0x00000000080022cc                SAI2_IRQHandler
                0x00000000080022cc                DFSDM1_FLT3_IRQHandler
                0x00000000080022cc                USART3_IRQHandler
                0x00000000080022cc                DMA1_Channel7_IRQHandler
                0x00000000080022cc                CAN1_RX1_IRQHandler
                0x00000000080022cc                LCD_IRQHandler
                0x00000000080022cc                UART5_IRQHandler
                0x00000000080022cc                ADC3_IRQHandler
                0x00000000080022cc                TIM4_IRQHandler
                0x00000000080022cc                DMA2_Channel1_IRQHandler
                0x00000000080022cc                QUADSPI_IRQHandler
                0x00000000080022cc                I2C1_EV_IRQHandler
                0x00000000080022cc                DMA1_Channel6_IRQHandler
                0x00000000080022cc                UART4_IRQHandler
                0x00000000080022cc                DMA2_Channel4_IRQHandler
                0x00000000080022cc                TIM3_IRQHandler
                0x00000000080022cc                RCC_IRQHandler
                0x00000000080022cc                DMA1_Channel1_IRQHandler
                0x00000000080022cc                Default_Handler
                0x00000000080022cc                DMA2_Channel7_IRQHandler
                0x00000000080022cc                TIM7_IRQHandler
                0x00000000080022cc                SDMMC1_IRQHandler
                0x00000000080022cc                TIM5_IRQHandler
                0x00000000080022cc                I2C3_EV_IRQHandler
                0x00000000080022cc                EXTI9_5_IRQHandler
                0x00000000080022cc                RTC_WKUP_IRQHandler
                0x00000000080022cc                PVD_PVM_IRQHandler
                0x00000000080022cc                SPI2_IRQHandler
                0x00000000080022cc                CAN1_TX_IRQHandler
                0x00000000080022cc                DMA2_Channel5_IRQHandler
                0x00000000080022cc                DMA1_Channel5_IRQHandler
                0x00000000080022cc                EXTI4_IRQHandler
                0x00000000080022cc                RNG_IRQHandler
                0x00000000080022cc                TIM1_TRG_COM_TIM17_IRQHandler
                0x00000000080022cc                DMA1_Channel3_IRQHandler
                0x00000000080022cc                COMP_IRQHandler
                0x00000000080022cc                WWDG_IRQHandler
                0x00000000080022cc                LPUART1_IRQHandler
                0x00000000080022cc                DMA2_Channel6_IRQHandler
                0x00000000080022cc                TIM2_IRQHandler
                0x00000000080022cc                EXTI1_IRQHandler
                0x00000000080022cc                USART2_IRQHandler
                0x00000000080022cc                DFSDM1_FLT0_IRQHandler
                0x00000000080022cc                I2C2_ER_IRQHandler
                0x00000000080022cc                DMA1_Channel2_IRQHandler
                0x00000000080022cc                TIM8_BRK_IRQHandler
                0x00000000080022cc                CAN1_SCE_IRQHandler
                0x00000000080022cc                FLASH_IRQHandler
                0x00000000080022cc                USART1_IRQHandler
                0x00000000080022cc                OTG_FS_IRQHandler
                0x00000000080022cc                SPI3_IRQHandler
                0x00000000080022cc                I2C1_ER_IRQHandler
                0x00000000080022cc                FMC_IRQHandler
                0x00000000080022cc                SWPMI1_IRQHandler
                0x00000000080022cc                LPTIM1_IRQHandler
                0x00000000080022cc                SAI1_IRQHandler
                0x00000000080022cc                DMA2_Channel3_IRQHandler
                0x00000000080022cc                RTC_Alarm_IRQHandler
 *fill*         0x00000000080022ce        0x2 
 .text.__libc_init_array
                0x00000000080022d0       0x48 /Applications/STM32CubeIDE.app/Contents/Eclipse/plugins/com.st.stm32cube.ide.mcu.externaltools.gnu-tools-for-stm32.7-2018-q2-update.macos64_1.0.0.201904181610/tools/bin/../lib/gcc/arm-none-eabi/7.3.1/../../../../arm-none-eabi/lib/thumb/v7e-m/fpv4-sp/hard/libc_nano.a(lib_a-init.o)
                0x00000000080022d0                __libc_init_array
 .text.memset   0x0000000008002318       0x10 /Applications/STM32CubeIDE.app/Contents/Eclipse/plugins/com.st.stm32cube.ide.mcu.externaltools.gnu-tools-for-stm32.7-2018-q2-update.macos64_1.0.0.201904181610/tools/bin/../lib/gcc/arm-none-eabi/7.3.1/../../../../arm-none-eabi/lib/thumb/v7e-m/fpv4-sp/hard/libc_nano.a(lib_a-memset.o)
                0x0000000008002318                memset
 *(.glue_7)
 .glue_7        0x0000000008002328        0x0 linker stubs
 *(.glue_7t)
 .glue_7t       0x0000000008002328        0x0 linker stubs
 *(.eh_frame)
 .eh_frame      0x0000000008002328        0x0 /Applications/STM32CubeIDE.app/Contents/Eclipse/plugins/com.st.stm32cube.ide.mcu.externaltools.gnu-tools-for-stm32.7-2018-q2-update.macos64_1.0.0.201904181610/tools/bin/../lib/gcc/arm-none-eabi/7.3.1/thumb/v7e-m/fpv4-sp/hard/crtbegin.o
 *(.init)
 .init          0x0000000008002328        0x4 /Applications/STM32CubeIDE.app/Contents/Eclipse/plugins/com.st.stm32cube.ide.mcu.externaltools.gnu-tools-for-stm32.7-2018-q2-update.macos64_1.0.0.201904181610/tools/bin/../lib/gcc/arm-none-eabi/7.3.1/thumb/v7e-m/fpv4-sp/hard/crti.o
                0x0000000008002328                _init
 .init          0x000000000800232c        0x8 /Applications/STM32CubeIDE.app/Contents/Eclipse/plugins/com.st.stm32cube.ide.mcu.externaltools.gnu-tools-for-stm32.7-2018-q2-update.macos64_1.0.0.201904181610/tools/bin/../lib/gcc/arm-none-eabi/7.3.1/thumb/v7e-m/fpv4-sp/hard/crtn.o
 *(.fini)
 .fini          0x0000000008002334        0x4 /Applications/STM32CubeIDE.app/Contents/Eclipse/plugins/com.st.stm32cube.ide.mcu.externaltools.gnu-tools-for-stm32.7-2018-q2-update.macos64_1.0.0.201904181610/tools/bin/../lib/gcc/arm-none-eabi/7.3.1/thumb/v7e-m/fpv4-sp/hard/crti.o
                0x0000000008002334                _fini
 .fini          0x0000000008002338        0x8 /Applications/STM32CubeIDE.app/Contents/Eclipse/plugins/com.st.stm32cube.ide.mcu.externaltools.gnu-tools-for-stm32.7-2018-q2-update.macos64_1.0.0.201904181610/tools/bin/../lib/gcc/arm-none-eabi/7.3.1/thumb/v7e-m/fpv4-sp/hard/crtn.o
                0x0000000008002340                . = ALIGN (0x4)
                0x0000000008002340                _etext = .

.vfp11_veneer   0x0000000008002340        0x0
 .vfp11_veneer  0x0000000008002340        0x0 linker stubs

.v4_bx          0x0000000008002340        0x0
 .v4_bx         0x0000000008002340        0x0 linker stubs

.iplt           0x0000000008002340        0x0
 .iplt          0x0000000008002340        0x0 /Applications/STM32CubeIDE.app/Contents/Eclipse/plugins/com.st.stm32cube.ide.mcu.externaltools.gnu-tools-for-stm32.7-2018-q2-update.macos64_1.0.0.201904181610/tools/bin/../lib/gcc/arm-none-eabi/7.3.1/thumb/v7e-m/fpv4-sp/hard/crtbegin.o

.rodata         0x0000000008002340       0x40
                0x0000000008002340                . = ALIGN (0x4)
 *(.rodata)
 *(.rodata*)
 .rodata.AHBPrescTable
                0x0000000008002340       0x10 Src/system_stm32l4xx.o
                0x0000000008002340                AHBPrescTable
 .rodata.MSIRangeTable
                0x0000000008002350       0x30 Src/system_stm32l4xx.o
                0x0000000008002350                MSIRangeTable
                0x0000000008002380                . = ALIGN (0x4)

.rel.dyn        0x0000000008002380        0x0
 .rel.iplt      0x0000000008002380        0x0 /Applications/STM32CubeIDE.app/Contents/Eclipse/plugins/com.st.stm32cube.ide.mcu.externaltools.gnu-tools-for-stm32.7-2018-q2-update.macos64_1.0.0.201904181610/tools/bin/../lib/gcc/arm-none-eabi/7.3.1/thumb/v7e-m/fpv4-sp/hard/crtbegin.o

.ARM.extab      0x0000000008002380        0x0
                0x0000000008002380                . = ALIGN (0x4)
 *(.ARM.extab* .gnu.linkonce.armextab.*)
                0x0000000008002380                . = ALIGN (0x4)

.ARM            0x0000000008002380        0x0
                0x0000000008002380                . = ALIGN (0x4)
                0x0000000008002380                __exidx_start = .
 *(.ARM.exidx*)
                0x0000000008002380                __exidx_end = .
                0x0000000008002380                . = ALIGN (0x4)

.preinit_array  0x0000000008002380        0x0
                0x0000000008002380                . = ALIGN (0x4)
                0x0000000008002380                PROVIDE (__preinit_array_start = .)
 *(.preinit_array*)
                0x0000000008002380                PROVIDE (__preinit_array_end = .)
                0x0000000008002380                . = ALIGN (0x4)

.init_array     0x0000000008002380        0x4
                0x0000000008002380                . = ALIGN (0x4)
                0x0000000008002380                PROVIDE (__init_array_start = .)
 *(SORT_BY_NAME(.init_array.*))
 *(.init_array*)
 .init_array    0x0000000008002380        0x4 /Applications/STM32CubeIDE.app/Contents/Eclipse/plugins/com.st.stm32cube.ide.mcu.externaltools.gnu-tools-for-stm32.7-2018-q2-update.macos64_1.0.0.201904181610/tools/bin/../lib/gcc/arm-none-eabi/7.3.1/thumb/v7e-m/fpv4-sp/hard/crtbegin.o
                0x0000000008002384                PROVIDE (__init_array_end = .)
                0x0000000008002384                . = ALIGN (0x4)

.fini_array     0x0000000008002384        0x4
                0x0000000008002384                . = ALIGN (0x4)
                [!provide]                        PROVIDE (__fini_array_start = .)
 *(SORT_BY_NAME(.fini_array.*))
 *(.fini_array*)
 .fini_array    0x0000000008002384        0x4 /Applications/STM32CubeIDE.app/Contents/Eclipse/plugins/com.st.stm32cube.ide.mcu.externaltools.gnu-tools-for-stm32.7-2018-q2-update.macos64_1.0.0.201904181610/tools/bin/../lib/gcc/arm-none-eabi/7.3.1/thumb/v7e-m/fpv4-sp/hard/crtbegin.o
                [!provide]                        PROVIDE (__fini_array_end = .)
                0x0000000008002388                . = ALIGN (0x4)
                0x0000000008002388                _sidata = LOADADDR (.data)

.data           0x0000000020000000        0xc load address 0x0000000008002388
                0x0000000020000000                . = ALIGN (0x4)
                0x0000000020000000                _sdata = .
 *(.data)
 *(.data*)
 .data.uwTickPrio
                0x0000000020000000        0x4 Drivers/STM32L4xx_HAL_Driver/Src/stm32l4xx_hal.o
                0x0000000020000000                uwTickPrio
 .data.uwTickFreq
                0x0000000020000004        0x4 Drivers/STM32L4xx_HAL_Driver/Src/stm32l4xx_hal.o
                0x0000000020000004                uwTickFreq
 .data.SystemCoreClock
                0x0000000020000008        0x4 Src/system_stm32l4xx.o
                0x0000000020000008                SystemCoreClock
                0x000000002000000c                . = ALIGN (0x4)
                0x000000002000000c                _edata = .

.igot.plt       0x000000002000000c        0x0 load address 0x0000000008002394
 .igot.plt      0x000000002000000c        0x0 /Applications/STM32CubeIDE.app/Contents/Eclipse/plugins/com.st.stm32cube.ide.mcu.externaltools.gnu-tools-for-stm32.7-2018-q2-update.macos64_1.0.0.201904181610/tools/bin/../lib/gcc/arm-none-eabi/7.3.1/thumb/v7e-m/fpv4-sp/hard/crtbegin.o
                0x000000002000000c                . = ALIGN (0x4)

.bss            0x000000002000000c      0x110 load address 0x0000000008002394
                0x000000002000000c                _sbss = .
                0x000000002000000c                __bss_start__ = _sbss
 *(.bss)
 .bss           0x000000002000000c       0x1c /Applications/STM32CubeIDE.app/Contents/Eclipse/plugins/com.st.stm32cube.ide.mcu.externaltools.gnu-tools-for-stm32.7-2018-q2-update.macos64_1.0.0.201904181610/tools/bin/../lib/gcc/arm-none-eabi/7.3.1/thumb/v7e-m/fpv4-sp/hard/crtbegin.o
 *(.bss*)
 .bss.sys_count
                0x0000000020000028        0x4 Src/main.o
                0x0000000020000028                sys_count
 .bss.get_sys_count
                0x000000002000002c        0x4 Src/main.o
                0x000000002000002c                get_sys_count
 *(COMMON)
 COMMON         0x0000000020000030       0x58 Drivers/Robocup/Timer/src/Timer_InputCapture.o
                0x0000000020000030                TIM_IC_1_Value_1
                0x0000000020000034                TIM_IC_3_Value_1
                0x0000000020000038                TIM_IC_1_CaptureIndex
                0x000000002000003c                TIM_IC_2_CaptureIndex
                0x0000000020000040                TIM_handler
                0x0000000020000080                TIM_IC_2_Value_1
                0x0000000020000084                TIM_IC_3_CaptureIndex
 COMMON         0x0000000020000088        0x4 Drivers/STM32L4xx_HAL_Driver/Src/stm32l4xx_hal.o
                0x0000000020000088                uwTick
 COMMON         0x000000002000008c        0xc Middlewares/Robocup/WheelSpeedProvider/src/WheelSpeedProvider.o
                0x000000002000008c                Enc1_diff
                0x0000000020000090                Enc1_value_old
                0x0000000020000094                Enc1_value
 COMMON         0x0000000020000098       0x41 Src/Common_Data.o
                0x0000000020000098                RemoteControl_CH2_Min
                0x000000002000009c                Timer_IC_Channel1_Raw_data
                0x00000000200000a0                Timer_IC_Channel3_Raw_data
                0x00000000200000a4                RemoteControl_CH2_Max
                0x00000000200000a8                Timer_IC_Channel2_Raw_data
                0x00000000200000ac                RemoteControl_CH3_Min
                0x00000000200000b0                RemoteControl_CH1_Min
                0x00000000200000b4                RemoteControl_CH1_Max
                0x00000000200000b8                WheelSpeedCalculation_Calculated_WheelSpeeds
                0x00000000200000c8                RemoteControl_Provided_Robot_Speed
                0x00000000200000d4                RemoteControl_CH3_Max
                0x00000000200000d8                Button_Pressed
 *fill*         0x00000000200000d9        0x3 
 COMMON         0x00000000200000dc       0x40 Src/Initialize_System.o
                0x00000000200000dc                htim1
                0x000000002000011c                . = ALIGN (0x4)
                0x000000002000011c                _ebss = .
                0x000000002000011c                __bss_end__ = _ebss

._user_heap_stack
                0x000000002000011c      0x604 load address 0x0000000008002394
                0x0000000020000120                . = ALIGN (0x8)
 *fill*         0x000000002000011c        0x4 
                0x0000000020000120                PROVIDE (end = .)
                [!provide]                        PROVIDE (_end = .)
                0x0000000020000320                . = (. + _Min_Heap_Size)
 *fill*         0x0000000020000120      0x200 
                0x0000000020000720                . = (. + _Min_Stack_Size)
 *fill*         0x0000000020000320      0x400 
                0x0000000020000720                . = ALIGN (0x8)

/DISCARD/
 libc.a(*)
 libm.a(*)
 libgcc.a(*)

.ARM.attributes
                0x0000000000000000       0x30
 *(.ARM.attributes)
 .ARM.attributes
                0x0000000000000000       0x22 /Applications/STM32CubeIDE.app/Contents/Eclipse/plugins/com.st.stm32cube.ide.mcu.externaltools.gnu-tools-for-stm32.7-2018-q2-update.macos64_1.0.0.201904181610/tools/bin/../lib/gcc/arm-none-eabi/7.3.1/thumb/v7e-m/fpv4-sp/hard/crti.o
 .ARM.attributes
                0x0000000000000022       0x34 /Applications/STM32CubeIDE.app/Contents/Eclipse/plugins/com.st.stm32cube.ide.mcu.externaltools.gnu-tools-for-stm32.7-2018-q2-update.macos64_1.0.0.201904181610/tools/bin/../lib/gcc/arm-none-eabi/7.3.1/thumb/v7e-m/fpv4-sp/hard/crtbegin.o
 .ARM.attributes
                0x0000000000000056       0x39 Drivers/Robocup/Timer/src/Timer_InputCapture.o
 .ARM.attributes
                0x000000000000008f       0x39 Drivers/Robocup/Timer/src/Timer_encoder.o
 .ARM.attributes
                0x00000000000000c8       0x39 Drivers/STM32L4xx_HAL_Driver/Src/stm32l4xx_hal.o
 .ARM.attributes
                0x0000000000000101       0x39 Drivers/STM32L4xx_HAL_Driver/Src/stm32l4xx_hal_cortex.o
 .ARM.attributes
                0x000000000000013a       0x39 Drivers/STM32L4xx_HAL_Driver/Src/stm32l4xx_hal_gpio.o
 .ARM.attributes
                0x0000000000000173       0x39 Drivers/STM32L4xx_HAL_Driver/Src/stm32l4xx_hal_pwr_ex.o
 .ARM.attributes
                0x00000000000001ac       0x39 Drivers/STM32L4xx_HAL_Driver/Src/stm32l4xx_hal_rcc.o
 .ARM.attributes
                0x00000000000001e5       0x39 Drivers/STM32L4xx_HAL_Driver/Src/stm32l4xx_hal_tim.o
 .ARM.attributes
                0x000000000000021e       0x39 Drivers/STM32L4xx_HAL_Driver/Src/stm32l4xx_hal_tim_ex.o
 .ARM.attributes
                0x0000000000000257       0x39 Middlewares/Robocup/WheelSpeedProvider/src/WheelSpeedProvider.o
 .ARM.attributes
                0x0000000000000290       0x39 Src/Common_Data.o
 .ARM.attributes
                0x00000000000002c9       0x39 Src/Initialize_System.o
 .ARM.attributes
                0x0000000000000302       0x39 Src/main.o
 .ARM.attributes
                0x000000000000033b       0x39 Src/stm32l4xx_hal_msp.o
 .ARM.attributes
                0x0000000000000374       0x39 Src/stm32l4xx_it.o
 .ARM.attributes
                0x00000000000003ad       0x39 Src/system_stm32l4xx.o
 .ARM.attributes
                0x00000000000003e6       0x21 Startup/startup_stm32l476rgtx.o
 .ARM.attributes
                0x0000000000000407       0x34 /Applications/STM32CubeIDE.app/Contents/Eclipse/plugins/com.st.stm32cube.ide.mcu.externaltools.gnu-tools-for-stm32.7-2018-q2-update.macos64_1.0.0.201904181610/tools/bin/../lib/gcc/arm-none-eabi/7.3.1/../../../../arm-none-eabi/lib/thumb/v7e-m/fpv4-sp/hard/libc_nano.a(lib_a-init.o)
 .ARM.attributes
                0x000000000000043b       0x34 /Applications/STM32CubeIDE.app/Contents/Eclipse/plugins/com.st.stm32cube.ide.mcu.externaltools.gnu-tools-for-stm32.7-2018-q2-update.macos64_1.0.0.201904181610/tools/bin/../lib/gcc/arm-none-eabi/7.3.1/../../../../arm-none-eabi/lib/thumb/v7e-m/fpv4-sp/hard/libc_nano.a(lib_a-memset.o)
 .ARM.attributes
                0x000000000000046f       0x22 /Applications/STM32CubeIDE.app/Contents/Eclipse/plugins/com.st.stm32cube.ide.mcu.externaltools.gnu-tools-for-stm32.7-2018-q2-update.macos64_1.0.0.201904181610/tools/bin/../lib/gcc/arm-none-eabi/7.3.1/thumb/v7e-m/fpv4-sp/hard/crtn.o
OUTPUT(robocup3.elf elf32-littlearm)

.debug_info     0x0000000000000000     0xcf0d
 .debug_info    0x0000000000000000      0xfaa Drivers/Robocup/Timer/src/Timer_InputCapture.o
 .debug_info    0x0000000000000faa     0x100e Drivers/Robocup/Timer/src/Timer_encoder.o
 .debug_info    0x0000000000001fb8      0xcee Drivers/STM32L4xx_HAL_Driver/Src/stm32l4xx_hal.o
 .debug_info    0x0000000000002ca6      0xf3c Drivers/STM32L4xx_HAL_Driver/Src/stm32l4xx_hal_cortex.o
 .debug_info    0x0000000000003be2      0x982 Drivers/STM32L4xx_HAL_Driver/Src/stm32l4xx_hal_gpio.o
 .debug_info    0x0000000000004564      0xada Drivers/STM32L4xx_HAL_Driver/Src/stm32l4xx_hal_pwr_ex.o
 .debug_info    0x000000000000503e      0xcfe Drivers/STM32L4xx_HAL_Driver/Src/stm32l4xx_hal_rcc.o
 .debug_info    0x0000000000005d3c     0x266d Drivers/STM32L4xx_HAL_Driver/Src/stm32l4xx_hal_tim.o
 .debug_info    0x00000000000083a9     0x13d8 Drivers/STM32L4xx_HAL_Driver/Src/stm32l4xx_hal_tim_ex.o
 .debug_info    0x0000000000009781      0x83b Middlewares/Robocup/WheelSpeedProvider/src/WheelSpeedProvider.o
 .debug_info    0x0000000000009fbc      0x742 Src/Common_Data.o
 .debug_info    0x000000000000a6fe      0x75f Src/Initialize_System.o
 .debug_info    0x000000000000ae5d      0x4ed Src/main.o
 .debug_info    0x000000000000b34a      0xca3 Src/stm32l4xx_hal_msp.o
 .debug_info    0x000000000000bfed      0x808 Src/stm32l4xx_it.o
 .debug_info    0x000000000000c7f5      0x6f6 Src/system_stm32l4xx.o
 .debug_info    0x000000000000ceeb       0x22 Startup/startup_stm32l476rgtx.o

.debug_abbrev   0x0000000000000000     0x1c25
 .debug_abbrev  0x0000000000000000      0x1e7 Drivers/Robocup/Timer/src/Timer_InputCapture.o
 .debug_abbrev  0x00000000000001e7      0x1e7 Drivers/Robocup/Timer/src/Timer_encoder.o
 .debug_abbrev  0x00000000000003ce      0x1fb Drivers/STM32L4xx_HAL_Driver/Src/stm32l4xx_hal.o
 .debug_abbrev  0x00000000000005c9      0x2fa Drivers/STM32L4xx_HAL_Driver/Src/stm32l4xx_hal_cortex.o
 .debug_abbrev  0x00000000000008c3      0x1c0 Drivers/STM32L4xx_HAL_Driver/Src/stm32l4xx_hal_gpio.o
 .debug_abbrev  0x0000000000000a83      0x1cb Drivers/STM32L4xx_HAL_Driver/Src/stm32l4xx_hal_pwr_ex.o
 .debug_abbrev  0x0000000000000c4e      0x245 Drivers/STM32L4xx_HAL_Driver/Src/stm32l4xx_hal_rcc.o
 .debug_abbrev  0x0000000000000e93      0x230 Drivers/STM32L4xx_HAL_Driver/Src/stm32l4xx_hal_tim.o
 .debug_abbrev  0x00000000000010c3      0x21e Drivers/STM32L4xx_HAL_Driver/Src/stm32l4xx_hal_tim_ex.o
 .debug_abbrev  0x00000000000012e1      0x14e Middlewares/Robocup/WheelSpeedProvider/src/WheelSpeedProvider.o
 .debug_abbrev  0x000000000000142f      0x10d Src/Common_Data.o
 .debug_abbrev  0x000000000000153c      0x153 Src/Initialize_System.o
 .debug_abbrev  0x000000000000168f      0x143 Src/main.o
 .debug_abbrev  0x00000000000017d2      0x197 Src/stm32l4xx_hal_msp.o
 .debug_abbrev  0x0000000000001969      0x15a Src/stm32l4xx_it.o
 .debug_abbrev  0x0000000000001ac3      0x150 Src/system_stm32l4xx.o
 .debug_abbrev  0x0000000000001c13       0x12 Startup/startup_stm32l476rgtx.o

.debug_aranges  0x0000000000000000      0xc48
 .debug_aranges
                0x0000000000000000       0x40 Drivers/Robocup/Timer/src/Timer_InputCapture.o
 .debug_aranges
                0x0000000000000040       0x38 Drivers/Robocup/Timer/src/Timer_encoder.o
 .debug_aranges
                0x0000000000000078      0x130 Drivers/STM32L4xx_HAL_Driver/Src/stm32l4xx_hal.o
 .debug_aranges
                0x00000000000001a8      0x118 Drivers/STM32L4xx_HAL_Driver/Src/stm32l4xx_hal_cortex.o
 .debug_aranges
                0x00000000000002c0       0x58 Drivers/STM32L4xx_HAL_Driver/Src/stm32l4xx_hal_gpio.o
 .debug_aranges
                0x0000000000000318      0x148 Drivers/STM32L4xx_HAL_Driver/Src/stm32l4xx_hal_pwr_ex.o
 .debug_aranges
                0x0000000000000460       0x88 Drivers/STM32L4xx_HAL_Driver/Src/stm32l4xx_hal_rcc.o
 .debug_aranges
                0x00000000000004e8      0x3b8 Drivers/STM32L4xx_HAL_Driver/Src/stm32l4xx_hal_tim.o
 .debug_aranges
                0x00000000000008a0      0x168 Drivers/STM32L4xx_HAL_Driver/Src/stm32l4xx_hal_tim_ex.o
 .debug_aranges
                0x0000000000000a08       0x28 Middlewares/Robocup/WheelSpeedProvider/src/WheelSpeedProvider.o
 .debug_aranges
                0x0000000000000a30       0xd8 Src/Common_Data.o
 .debug_aranges
                0x0000000000000b08       0x20 Src/Initialize_System.o
 .debug_aranges
                0x0000000000000b28       0x40 Src/main.o
 .debug_aranges
                0x0000000000000b68       0x28 Src/stm32l4xx_hal_msp.o
 .debug_aranges
                0x0000000000000b90       0x68 Src/stm32l4xx_it.o
 .debug_aranges
                0x0000000000000bf8       0x28 Src/system_stm32l4xx.o
 .debug_aranges
                0x0000000000000c20       0x28 Startup/startup_stm32l476rgtx.o

.debug_ranges   0x0000000000000000      0xb40
 .debug_ranges  0x0000000000000000       0x30 Drivers/Robocup/Timer/src/Timer_InputCapture.o
 .debug_ranges  0x0000000000000030       0x28 Drivers/Robocup/Timer/src/Timer_encoder.o
 .debug_ranges  0x0000000000000058      0x120 Drivers/STM32L4xx_HAL_Driver/Src/stm32l4xx_hal.o
 .debug_ranges  0x0000000000000178      0x108 Drivers/STM32L4xx_HAL_Driver/Src/stm32l4xx_hal_cortex.o
 .debug_ranges  0x0000000000000280       0x48 Drivers/STM32L4xx_HAL_Driver/Src/stm32l4xx_hal_gpio.o
 .debug_ranges  0x00000000000002c8      0x138 Drivers/STM32L4xx_HAL_Driver/Src/stm32l4xx_hal_pwr_ex.o
 .debug_ranges  0x0000000000000400       0x78 Drivers/STM32L4xx_HAL_Driver/Src/stm32l4xx_hal_rcc.o
 .debug_ranges  0x0000000000000478      0x3a8 Drivers/STM32L4xx_HAL_Driver/Src/stm32l4xx_hal_tim.o
 .debug_ranges  0x0000000000000820      0x158 Drivers/STM32L4xx_HAL_Driver/Src/stm32l4xx_hal_tim_ex.o
 .debug_ranges  0x0000000000000978       0x18 Middlewares/Robocup/WheelSpeedProvider/src/WheelSpeedProvider.o
 .debug_ranges  0x0000000000000990       0xc8 Src/Common_Data.o
 .debug_ranges  0x0000000000000a58       0x10 Src/Initialize_System.o
 .debug_ranges  0x0000000000000a68       0x30 Src/main.o
 .debug_ranges  0x0000000000000a98       0x18 Src/stm32l4xx_hal_msp.o
 .debug_ranges  0x0000000000000ab0       0x58 Src/stm32l4xx_it.o
 .debug_ranges  0x0000000000000b08       0x18 Src/system_stm32l4xx.o
 .debug_ranges  0x0000000000000b20       0x20 Startup/startup_stm32l476rgtx.o

.debug_macro    0x0000000000000000    0x261b7
 .debug_macro   0x0000000000000000      0x21d Drivers/Robocup/Timer/src/Timer_InputCapture.o
 .debug_macro   0x000000000000021d      0xa5a Drivers/Robocup/Timer/src/Timer_InputCapture.o
 .debug_macro   0x0000000000000c77       0xba Drivers/Robocup/Timer/src/Timer_InputCapture.o
 .debug_macro   0x0000000000000d31       0x2e Drivers/Robocup/Timer/src/Timer_InputCapture.o
 .debug_macro   0x0000000000000d5f       0x28 Drivers/Robocup/Timer/src/Timer_InputCapture.o
 .debug_macro   0x0000000000000d87       0x22 Drivers/Robocup/Timer/src/Timer_InputCapture.o
 .debug_macro   0x0000000000000da9       0x8e Drivers/Robocup/Timer/src/Timer_InputCapture.o
 .debug_macro   0x0000000000000e37       0x51 Drivers/Robocup/Timer/src/Timer_InputCapture.o
 .debug_macro   0x0000000000000e88       0xef Drivers/Robocup/Timer/src/Timer_InputCapture.o
 .debug_macro   0x0000000000000f77       0x6a Drivers/Robocup/Timer/src/Timer_InputCapture.o
 .debug_macro   0x0000000000000fe1      0x1df Drivers/Robocup/Timer/src/Timer_InputCapture.o
 .debug_macro   0x00000000000011c0       0x1c Drivers/Robocup/Timer/src/Timer_InputCapture.o
 .debug_macro   0x00000000000011dc       0x22 Drivers/Robocup/Timer/src/Timer_InputCapture.o
 .debug_macro   0x00000000000011fe       0xdf Drivers/Robocup/Timer/src/Timer_InputCapture.o
 .debug_macro   0x00000000000012dd     0x102d Drivers/Robocup/Timer/src/Timer_InputCapture.o
 .debug_macro   0x000000000000230a      0x11f Drivers/Robocup/Timer/src/Timer_InputCapture.o
 .debug_macro   0x0000000000002429    0x1a11f Drivers/Robocup/Timer/src/Timer_InputCapture.o
 .debug_macro   0x000000000001c548       0x43 Drivers/Robocup/Timer/src/Timer_InputCapture.o
 .debug_macro   0x000000000001c58b     0x3820 Drivers/Robocup/Timer/src/Timer_InputCapture.o
 .debug_macro   0x000000000001fdab      0x174 Drivers/Robocup/Timer/src/Timer_InputCapture.o
 .debug_macro   0x000000000001ff1f       0x5a Drivers/Robocup/Timer/src/Timer_InputCapture.o
 .debug_macro   0x000000000001ff79     0x155f Drivers/Robocup/Timer/src/Timer_InputCapture.o
 .debug_macro   0x00000000000214d8      0x59e Drivers/Robocup/Timer/src/Timer_InputCapture.o
 .debug_macro   0x0000000000021a76      0x241 Drivers/Robocup/Timer/src/Timer_InputCapture.o
 .debug_macro   0x0000000000021cb7      0x13d Drivers/Robocup/Timer/src/Timer_InputCapture.o
 .debug_macro   0x0000000000021df4      0x18b Drivers/Robocup/Timer/src/Timer_InputCapture.o
 .debug_macro   0x0000000000021f7f      0x26b Drivers/Robocup/Timer/src/Timer_InputCapture.o
 .debug_macro   0x00000000000221ea      0x236 Drivers/Robocup/Timer/src/Timer_InputCapture.o
 .debug_macro   0x0000000000022420      0x36e Drivers/Robocup/Timer/src/Timer_InputCapture.o
 .debug_macro   0x000000000002278e       0xe4 Drivers/Robocup/Timer/src/Timer_InputCapture.o
 .debug_macro   0x0000000000022872      0x22c Drivers/Robocup/Timer/src/Timer_InputCapture.o
 .debug_macro   0x0000000000022a9e       0x5e Drivers/Robocup/Timer/src/Timer_InputCapture.o
 .debug_macro   0x0000000000022afc       0xa5 Drivers/Robocup/Timer/src/Timer_InputCapture.o
 .debug_macro   0x0000000000022ba1      0x122 Drivers/Robocup/Timer/src/Timer_InputCapture.o
 .debug_macro   0x0000000000022cc3      0x3d4 Drivers/Robocup/Timer/src/Timer_InputCapture.o
 .debug_macro   0x0000000000023097      0x9f7 Drivers/Robocup/Timer/src/Timer_InputCapture.o
 .debug_macro   0x0000000000023a8e      0x1e7 Drivers/Robocup/Timer/src/Timer_InputCapture.o
 .debug_macro   0x0000000000023c75      0x349 Drivers/Robocup/Timer/src/Timer_InputCapture.o
 .debug_macro   0x0000000000023fbe       0x10 Drivers/Robocup/Timer/src/Timer_InputCapture.o
 .debug_macro   0x0000000000023fce       0x52 Drivers/Robocup/Timer/src/Timer_InputCapture.o
 .debug_macro   0x0000000000024020       0x4c Drivers/Robocup/Timer/src/Timer_InputCapture.o
 .debug_macro   0x000000000002406c      0x276 Drivers/Robocup/Timer/src/Timer_InputCapture.o
 .debug_macro   0x00000000000242e2      0x21d Drivers/Robocup/Timer/src/Timer_encoder.o
 .debug_macro   0x00000000000244ff      0x223 Drivers/STM32L4xx_HAL_Driver/Src/stm32l4xx_hal.o
 .debug_macro   0x0000000000024722      0x1d5 Drivers/STM32L4xx_HAL_Driver/Src/stm32l4xx_hal_cortex.o
 .debug_macro   0x00000000000248f7      0x214 Drivers/STM32L4xx_HAL_Driver/Src/stm32l4xx_hal_gpio.o
 .debug_macro   0x0000000000024b0b      0x1f9 Drivers/STM32L4xx_HAL_Driver/Src/stm32l4xx_hal_pwr_ex.o
 .debug_macro   0x0000000000024d04      0x217 Drivers/STM32L4xx_HAL_Driver/Src/stm32l4xx_hal_rcc.o
 .debug_macro   0x0000000000024f1b      0x1d6 Drivers/STM32L4xx_HAL_Driver/Src/stm32l4xx_hal_tim.o
 .debug_macro   0x00000000000250f1      0x1d5 Drivers/STM32L4xx_HAL_Driver/Src/stm32l4xx_hal_tim_ex.o
 .debug_macro   0x00000000000252c6      0x235 Middlewares/Robocup/WheelSpeedProvider/src/WheelSpeedProvider.o
 .debug_macro   0x00000000000254fb       0x10 Middlewares/Robocup/WheelSpeedProvider/src/WheelSpeedProvider.o
 .debug_macro   0x000000000002550b       0x10 Middlewares/Robocup/WheelSpeedProvider/src/WheelSpeedProvider.o
 .debug_macro   0x000000000002551b      0x204 Src/Common_Data.o
 .debug_macro   0x000000000002571f      0x240 Src/Initialize_System.o
 .debug_macro   0x000000000002595f      0x251 Src/main.o
 .debug_macro   0x0000000000025bb0      0x1df Src/stm32l4xx_hal_msp.o
 .debug_macro   0x0000000000025d8f      0x24d Src/stm32l4xx_it.o
 .debug_macro   0x0000000000025fdc      0x1db Src/system_stm32l4xx.o

.debug_line     0x0000000000000000     0xacb6
 .debug_line    0x0000000000000000      0x95c Drivers/Robocup/Timer/src/Timer_InputCapture.o
 .debug_line    0x000000000000095c      0x8fa Drivers/Robocup/Timer/src/Timer_encoder.o
 .debug_line    0x0000000000001256      0x9a4 Drivers/STM32L4xx_HAL_Driver/Src/stm32l4xx_hal.o
 .debug_line    0x0000000000001bfa      0xa2e Drivers/STM32L4xx_HAL_Driver/Src/stm32l4xx_hal_cortex.o
 .debug_line    0x0000000000002628      0x8c3 Drivers/STM32L4xx_HAL_Driver/Src/stm32l4xx_hal_gpio.o
 .debug_line    0x0000000000002eeb      0xaa1 Drivers/STM32L4xx_HAL_Driver/Src/stm32l4xx_hal_pwr_ex.o
 .debug_line    0x000000000000398c      0xa0a Drivers/STM32L4xx_HAL_Driver/Src/stm32l4xx_hal_rcc.o
 .debug_line    0x0000000000004396     0x1ba0 Drivers/STM32L4xx_HAL_Driver/Src/stm32l4xx_hal_tim.o
 .debug_line    0x0000000000005f36      0xdf1 Drivers/STM32L4xx_HAL_Driver/Src/stm32l4xx_hal_tim_ex.o
 .debug_line    0x0000000000006d27      0x9a3 Middlewares/Robocup/WheelSpeedProvider/src/WheelSpeedProvider.o
 .debug_line    0x00000000000076ca      0x991 Src/Common_Data.o
 .debug_line    0x000000000000805b      0x972 Src/Initialize_System.o
 .debug_line    0x00000000000089cd      0x9f5 Src/main.o
 .debug_line    0x00000000000093c2      0x715 Src/stm32l4xx_hal_msp.o
 .debug_line    0x0000000000009ad7      0xa34 Src/stm32l4xx_it.o
 .debug_line    0x000000000000a50b      0x72b Src/system_stm32l4xx.o
 .debug_line    0x000000000000ac36       0x80 Startup/startup_stm32l476rgtx.o

.debug_str      0x0000000000000000    0xe9def
 .debug_str     0x0000000000000000    0xe6757 Drivers/Robocup/Timer/src/Timer_InputCapture.o
                                      0xe6bbe (size before relaxing)
 .debug_str     0x00000000000e6757      0x1ae Drivers/Robocup/Timer/src/Timer_encoder.o
                                      0xe6b9a (size before relaxing)
 .debug_str     0x00000000000e6905      0x626 Drivers/STM32L4xx_HAL_Driver/Src/stm32l4xx_hal.o
                                      0xe5eb6 (size before relaxing)
 .debug_str     0x00000000000e6f2b      0x3e1 Drivers/STM32L4xx_HAL_Driver/Src/stm32l4xx_hal_cortex.o
                                      0xe5bc6 (size before relaxing)
 .debug_str     0x00000000000e730c      0x251 Drivers/STM32L4xx_HAL_Driver/Src/stm32l4xx_hal_gpio.o
                                      0xe55f2 (size before relaxing)
 .debug_str     0x00000000000e755d      0x482 Drivers/STM32L4xx_HAL_Driver/Src/stm32l4xx_hal_pwr_ex.o
                                      0xe5861 (size before relaxing)
 .debug_str     0x00000000000e79df      0x4b6 Drivers/STM32L4xx_HAL_Driver/Src/stm32l4xx_hal_rcc.o
                                      0xe5935 (size before relaxing)
 .debug_str     0x00000000000e7e95      0xcc3 Drivers/STM32L4xx_HAL_Driver/Src/stm32l4xx_hal_tim.o
                                      0xe63ed (size before relaxing)
 .debug_str     0x00000000000e8b58      0x5b0 Drivers/STM32L4xx_HAL_Driver/Src/stm32l4xx_hal_tim_ex.o
                                      0xe5d0e (size before relaxing)
 .debug_str     0x00000000000e9108      0x754 Middlewares/Robocup/WheelSpeedProvider/src/WheelSpeedProvider.o
                                      0xe6c22 (size before relaxing)
 .debug_str     0x00000000000e985c      0x369 Src/Common_Data.o
                                      0xe5833 (size before relaxing)
 .debug_str     0x00000000000e9bc5       0x4b Src/Initialize_System.o
                                      0xe692f (size before relaxing)
 .debug_str     0x00000000000e9c10       0x73 Src/main.o
                                      0xe6786 (size before relaxing)
 .debug_str     0x00000000000e9c83       0x1b Src/stm32l4xx_hal_msp.o
                                      0xe5be6 (size before relaxing)
 .debug_str     0x00000000000e9c9e       0xd0 Src/stm32l4xx_it.o
                                      0xe69ee (size before relaxing)
 .debug_str     0x00000000000e9d6e       0x50 Src/system_stm32l4xx.o
                                      0xe536e (size before relaxing)
 .debug_str     0x00000000000e9dbe       0x31 Startup/startup_stm32l476rgtx.o
                                         0x6c (size before relaxing)

.comment        0x0000000000000000       0x7b
 .comment       0x0000000000000000       0x7b Drivers/Robocup/Timer/src/Timer_InputCapture.o
                                         0x7c (size before relaxing)
 .comment       0x000000000000007b       0x7c Drivers/Robocup/Timer/src/Timer_encoder.o
 .comment       0x000000000000007b       0x7c Drivers/STM32L4xx_HAL_Driver/Src/stm32l4xx_hal.o
 .comment       0x000000000000007b       0x7c Drivers/STM32L4xx_HAL_Driver/Src/stm32l4xx_hal_cortex.o
 .comment       0x000000000000007b       0x7c Drivers/STM32L4xx_HAL_Driver/Src/stm32l4xx_hal_gpio.o
 .comment       0x000000000000007b       0x7c Drivers/STM32L4xx_HAL_Driver/Src/stm32l4xx_hal_pwr_ex.o
 .comment       0x000000000000007b       0x7c Drivers/STM32L4xx_HAL_Driver/Src/stm32l4xx_hal_rcc.o
 .comment       0x000000000000007b       0x7c Drivers/STM32L4xx_HAL_Driver/Src/stm32l4xx_hal_tim.o
 .comment       0x000000000000007b       0x7c Drivers/STM32L4xx_HAL_Driver/Src/stm32l4xx_hal_tim_ex.o
 .comment       0x000000000000007b       0x7c Middlewares/Robocup/WheelSpeedProvider/src/WheelSpeedProvider.o
 .comment       0x000000000000007b       0x7c Src/Common_Data.o
 .comment       0x000000000000007b       0x7c Src/Initialize_System.o
 .comment       0x000000000000007b       0x7c Src/main.o
 .comment       0x000000000000007b       0x7c Src/stm32l4xx_hal_msp.o
 .comment       0x000000000000007b       0x7c Src/stm32l4xx_it.o
 .comment       0x000000000000007b       0x7c Src/system_stm32l4xx.o

.debug_frame    0x0000000000000000     0x31cc
 .debug_frame   0x0000000000000000       0xd4 Drivers/Robocup/Timer/src/Timer_InputCapture.o
 .debug_frame   0x00000000000000d4       0xb8 Drivers/Robocup/Timer/src/Timer_encoder.o
 .debug_frame   0x000000000000018c      0x498 Drivers/STM32L4xx_HAL_Driver/Src/stm32l4xx_hal.o
 .debug_frame   0x0000000000000624      0x498 Drivers/STM32L4xx_HAL_Driver/Src/stm32l4xx_hal_cortex.o
 .debug_frame   0x0000000000000abc      0x14c Drivers/STM32L4xx_HAL_Driver/Src/stm32l4xx_hal_gpio.o
 .debug_frame   0x0000000000000c08      0x524 Drivers/STM32L4xx_HAL_Driver/Src/stm32l4xx_hal_pwr_ex.o
 .debug_frame   0x000000000000112c      0x1f4 Drivers/STM32L4xx_HAL_Driver/Src/stm32l4xx_hal_rcc.o
 .debug_frame   0x0000000000001320     0x1148 Drivers/STM32L4xx_HAL_Driver/Src/stm32l4xx_hal_tim.o
 .debug_frame   0x0000000000002468      0x638 Drivers/STM32L4xx_HAL_Driver/Src/stm32l4xx_hal_tim_ex.o
 .debug_frame   0x0000000000002aa0       0x5c Middlewares/Robocup/WheelSpeedProvider/src/WheelSpeedProvider.o
 .debug_frame   0x0000000000002afc      0x3d0 Src/Common_Data.o
 .debug_frame   0x0000000000002ecc       0x2c Src/Initialize_System.o
 .debug_frame   0x0000000000002ef8       0xac Src/main.o
 .debug_frame   0x0000000000002fa4       0x5c Src/stm32l4xx_hal_msp.o
 .debug_frame   0x0000000000003000      0x128 Src/stm32l4xx_it.o
 .debug_frame   0x0000000000003128       0x58 Src/system_stm32l4xx.o
 .debug_frame   0x0000000000003180       0x2c /Applications/STM32CubeIDE.app/Contents/Eclipse/plugins/com.st.stm32cube.ide.mcu.externaltools.gnu-tools-for-stm32.7-2018-q2-update.macos64_1.0.0.201904181610/tools/bin/../lib/gcc/arm-none-eabi/7.3.1/../../../../arm-none-eabi/lib/thumb/v7e-m/fpv4-sp/hard/libc_nano.a(lib_a-init.o)
 .debug_frame   0x00000000000031ac       0x20 /Applications/STM32CubeIDE.app/Contents/Eclipse/plugins/com.st.stm32cube.ide.mcu.externaltools.gnu-tools-for-stm32.7-2018-q2-update.macos64_1.0.0.201904181610/tools/bin/../lib/gcc/arm-none-eabi/7.3.1/../../../../arm-none-eabi/lib/thumb/v7e-m/fpv4-sp/hard/libc_nano.a(lib_a-memset.o)
