Archive member included to satisfy reference by file (symbol)

/Applications/STM32CubeIDE.app/Contents/Eclipse/plugins/com.st.stm32cube.ide.mcu.externaltools.gnu-tools-for-stm32.7-2018-q2-update.macos64_1.0.0.201904181610/tools/bin/../lib/gcc/arm-none-eabi/7.3.1/../../../../arm-none-eabi/lib/thumb/v7e-m/fpv4-sp/hard/libc_nano.a(lib_a-errno.o)
                              Src/syscalls.o (__errno)
/Applications/STM32CubeIDE.app/Contents/Eclipse/plugins/com.st.stm32cube.ide.mcu.externaltools.gnu-tools-for-stm32.7-2018-q2-update.macos64_1.0.0.201904181610/tools/bin/../lib/gcc/arm-none-eabi/7.3.1/../../../../arm-none-eabi/lib/thumb/v7e-m/fpv4-sp/hard/libc_nano.a(lib_a-exit.o)
                              /Applications/STM32CubeIDE.app/Contents/Eclipse/plugins/com.st.stm32cube.ide.mcu.externaltools.gnu-tools-for-stm32.7-2018-q2-update.macos64_1.0.0.201904181610/tools/bin/../lib/gcc/arm-none-eabi/7.3.1/../../../../arm-none-eabi/lib/thumb/v7e-m/fpv4-sp/hard/crt0.o (exit)
/Applications/STM32CubeIDE.app/Contents/Eclipse/plugins/com.st.stm32cube.ide.mcu.externaltools.gnu-tools-for-stm32.7-2018-q2-update.macos64_1.0.0.201904181610/tools/bin/../lib/gcc/arm-none-eabi/7.3.1/../../../../arm-none-eabi/lib/thumb/v7e-m/fpv4-sp/hard/libc_nano.a(lib_a-impure.o)
                              /Applications/STM32CubeIDE.app/Contents/Eclipse/plugins/com.st.stm32cube.ide.mcu.externaltools.gnu-tools-for-stm32.7-2018-q2-update.macos64_1.0.0.201904181610/tools/bin/../lib/gcc/arm-none-eabi/7.3.1/../../../../arm-none-eabi/lib/thumb/v7e-m/fpv4-sp/hard/libc_nano.a(lib_a-exit.o) (_global_impure_ptr)
/Applications/STM32CubeIDE.app/Contents/Eclipse/plugins/com.st.stm32cube.ide.mcu.externaltools.gnu-tools-for-stm32.7-2018-q2-update.macos64_1.0.0.201904181610/tools/bin/../lib/gcc/arm-none-eabi/7.3.1/../../../../arm-none-eabi/lib/thumb/v7e-m/fpv4-sp/hard/libc_nano.a(lib_a-init.o)
                              /Applications/STM32CubeIDE.app/Contents/Eclipse/plugins/com.st.stm32cube.ide.mcu.externaltools.gnu-tools-for-stm32.7-2018-q2-update.macos64_1.0.0.201904181610/tools/bin/../lib/gcc/arm-none-eabi/7.3.1/../../../../arm-none-eabi/lib/thumb/v7e-m/fpv4-sp/hard/crt0.o (__libc_init_array)
/Applications/STM32CubeIDE.app/Contents/Eclipse/plugins/com.st.stm32cube.ide.mcu.externaltools.gnu-tools-for-stm32.7-2018-q2-update.macos64_1.0.0.201904181610/tools/bin/../lib/gcc/arm-none-eabi/7.3.1/../../../../arm-none-eabi/lib/thumb/v7e-m/fpv4-sp/hard/libc_nano.a(lib_a-memcpy-stub.o)
                              Middlewares/Third_Party/FreeRTOS/Source/queue.o (memcpy)
/Applications/STM32CubeIDE.app/Contents/Eclipse/plugins/com.st.stm32cube.ide.mcu.externaltools.gnu-tools-for-stm32.7-2018-q2-update.macos64_1.0.0.201904181610/tools/bin/../lib/gcc/arm-none-eabi/7.3.1/../../../../arm-none-eabi/lib/thumb/v7e-m/fpv4-sp/hard/libc_nano.a(lib_a-memset.o)
                              /Applications/STM32CubeIDE.app/Contents/Eclipse/plugins/com.st.stm32cube.ide.mcu.externaltools.gnu-tools-for-stm32.7-2018-q2-update.macos64_1.0.0.201904181610/tools/bin/../lib/gcc/arm-none-eabi/7.3.1/../../../../arm-none-eabi/lib/thumb/v7e-m/fpv4-sp/hard/crt0.o (memset)

Allocating common symbols
Common symbol       size              file

RemoteControl_CH2_Min
                    0x4               Src/Common_Data.o
Enc1_diff           0x4               Middlewares/Robocup/WheelSpeedProvider/src/WheelSpeedProvider.o
Timer_IC_Channel1_Raw_data
                    0x4               Src/Common_Data.o
Timer_IC_Channel3_Raw_data
                    0x4               Src/Common_Data.o
RemoteControl_CH2_Max
                    0x4               Src/Common_Data.o
Enc1_value_old      0x4               Middlewares/Robocup/WheelSpeedProvider/src/WheelSpeedProvider.o
Timer_IC_Channel2_Raw_data
                    0x4               Src/Common_Data.o
RemoteControl_CH3_Min
                    0x4               Src/Common_Data.o
RemoteControl_CH1_Min
                    0x4               Src/Common_Data.o
RemoteControl_CH1_Max
                    0x4               Src/Common_Data.o
uwTick              0x4               Drivers/STM32L4xx_HAL_Driver/Src/stm32l4xx_hal.o
xQueueRegistry      0x40              Middlewares/Third_Party/FreeRTOS/Source/queue.o
Enc1_value          0x4               Middlewares/Robocup/WheelSpeedProvider/src/WheelSpeedProvider.o
TIM_IC_1_Value_1    0x4               Drivers/Robocup/Timer/src/Timer_InputCapture.o
MwPeriodicTaskHandle
                    0x4               Src/main.o
TIM_IC_3_Value_1    0x4               Drivers/Robocup/Timer/src/Timer_InputCapture.o
WheelSpeedCalculation_Calculated_WheelSpeeds
                    0x10              Src/Common_Data.o
AppPeriodicTaskHandle
                    0x4               Src/main.o
htim1               0x40              Src/Initialize_System.o
TIM_IC_1_CaptureIndex
                    0x4               Drivers/Robocup/Timer/src/Timer_InputCapture.o
RemoteControl_Provided_Robot_Speed
[...]
Memory Configuration

Name             Origin             Length             Attributes
RAM              0x0000000020000000 0x0000000000018000 xrw
RAM2             0x0000000010000000 0x0000000000008000 xrw
FLASH            0x0000000008000000 0x0000000000100000 xr
*default*        0x0000000000000000 0xffffffffffffffff

Linker script and memory map

LOAD /Applications/STM32CubeIDE.app/Contents/Eclipse/plugins/com.st.stm32cube.ide.mcu.externaltools.gnu-tools-for-stm32.7-2018-q2-update.macos64_1.0.0.201904181610/tools/bin/../lib/gcc/arm-none-eabi/7.3.1/thumb/v7e-m/fpv4-sp/hard/crti.o
LOAD /Applications/STM32CubeIDE.app/Contents/Eclipse/plugins/com.st.stm32cube.ide.mcu.externaltools.gnu-tools-for-stm32.7-2018-q2-update.macos64_1.0.0.201904181610/tools/bin/../lib/gcc/arm-none-eabi/7.3.1/thumb/v7e-m/fpv4-sp/hard/crtbegin.o
LOAD /Applications/STM32CubeIDE.app/Contents/Eclipse/plugins/com.st.stm32cube.ide.mcu.externaltools.gnu-tools-for-stm32.7-2018-q2-update.macos64_1.0.0.201904181610/tools/bin/../lib/gcc/arm-none-eabi/7.3.1/../../../../arm-none-eabi/lib/thumb/v7e-m/fpv4-sp/hard/crt0.o
LOAD Drivers/Robocup/Timer/src/Timer_InputCapture.o
LOAD Drivers/Robocup/Timer/src/Timer_PWM.o
LOAD Drivers/Robocup/Timer/src/Timer_encoder.o
LOAD Drivers/STM32L4xx_HAL_Driver/Src/stm32l4xx_hal.o
LOAD Drivers/STM32L4xx_HAL_Driver/Src/stm32l4xx_hal_cortex.o
LOAD Drivers/STM32L4xx_HAL_Driver/Src/stm32l4xx_hal_dma.o
LOAD Drivers/STM32L4xx_HAL_Driver/Src/stm32l4xx_hal_dma_ex.o
LOAD Drivers/STM32L4xx_HAL_Driver/Src/stm32l4xx_hal_exti.o
LOAD Drivers/STM32L4xx_HAL_Driver/Src/stm32l4xx_hal_flash.o
LOAD Drivers/STM32L4xx_HAL_Driver/Src/stm32l4xx_hal_flash_ex.o
LOAD Drivers/STM32L4xx_HAL_Driver/Src/stm32l4xx_hal_flash_ramfunc.o
LOAD Drivers/STM32L4xx_HAL_Driver/Src/stm32l4xx_hal_gpio.o
LOAD Drivers/STM32L4xx_HAL_Driver/Src/stm32l4xx_hal_i2c.o
LOAD Drivers/STM32L4xx_HAL_Driver/Src/stm32l4xx_hal_i2c_ex.o
LOAD Drivers/STM32L4xx_HAL_Driver/Src/stm32l4xx_hal_pwr.o
LOAD Drivers/STM32L4xx_HAL_Driver/Src/stm32l4xx_hal_pwr_ex.o
LOAD Drivers/STM32L4xx_HAL_Driver/Src/stm32l4xx_hal_rcc.o
LOAD Drivers/STM32L4xx_HAL_Driver/Src/stm32l4xx_hal_rcc_ex.o
LOAD Drivers/STM32L4xx_HAL_Driver/Src/stm32l4xx_hal_tim.o
LOAD Drivers/STM32L4xx_HAL_Driver/Src/stm32l4xx_hal_tim_ex.o
LOAD Middlewares/Robocup/MotorController/src/MotorController.o
LOAD Middlewares/Robocup/RemoteControl/src/RemoteControl.o
LOAD Middlewares/Robocup/WheelSpeedCalculation/src/WheelSpeedCalculation.o
LOAD Middlewares/Robocup/WheelSpeedProvider/src/WheelSpeedProvider.o
LOAD Middlewares/Third_Party/FreeRTOS/Source/CMSIS_RTOS/cmsis_os.o
LOAD Middlewares/Third_Party/FreeRTOS/Source/croutine.o
LOAD Middlewares/Third_Party/FreeRTOS/Source/event_groups.o
LOAD Middlewares/Third_Party/FreeRTOS/Source/list.o
LOAD Middlewares/Third_Party/FreeRTOS/Source/queue.o
LOAD Middlewares/Third_Party/FreeRTOS/Source/stream_buffer.o
LOAD Middlewares/Third_Party/FreeRTOS/Source/tasks.o
LOAD Middlewares/Third_Party/FreeRTOS/Source/timers.o
LOAD Middlewares/Third_Party/FreeRTOS/Source/portable/GCC/ARM_CM4F/port.o
LOAD Middlewares/Third_Party/FreeRTOS/Source/portable/MemMang/heap_4.o
LOAD Src/Common_Data.o
LOAD Src/Initialize_System.o
LOAD Src/freertos.o
LOAD Src/main.o
LOAD Src/stm32l4xx_hal_msp.o
LOAD Src/stm32l4xx_hal_timebase_tim.o
LOAD Src/stm32l4xx_it.o
LOAD Src/syscalls.o
LOAD Src/sysmem.o
LOAD Src/system_stm32l4xx.o
LOAD Startup/startup_stm32l476rgtx.o
START GROUP
LOAD /Applications/STM32CubeIDE.app/Contents/Eclipse/plugins/com.st.stm32cube.ide.mcu.externaltools.gnu-tools-for-stm32.7-2018-q2-update.macos64_1.0.0.201904181610/tools/bin/../lib/gcc/arm-none-eabi/7.3.1/../../../../arm-none-eabi/lib/thumb/v7e-m/fpv4-sp/hard/libc_nano.a
LOAD /Applications/STM32CubeIDE.app/Contents/Eclipse/plugins/com.st.stm32cube.ide.mcu.externaltools.gnu-tools-for-stm32.7-2018-q2-update.macos64_1.0.0.201904181610/tools/bin/../lib/gcc/arm-none-eabi/7.3.1/../../../../arm-none-eabi/lib/thumb/v7e-m/fpv4-sp/hard/libm.a
END GROUP
START GROUP
LOAD /Applications/STM32CubeIDE.app/Contents/Eclipse/plugins/com.st.stm32cube.ide.mcu.externaltools.gnu-tools-for-stm32.7-2018-q2-update.macos64_1.0.0.201904181610/tools/bin/../lib/gcc/arm-none-eabi/7.3.1/thumb/v7e-m/fpv4-sp/hard/libgcc.a
LOAD /Applications/STM32CubeIDE.app/Contents/Eclipse/plugins/com.st.stm32cube.ide.mcu.externaltools.gnu-tools-for-stm32.7-2018-q2-update.macos64_1.0.0.201904181610/tools/bin/../lib/gcc/arm-none-eabi/7.3.1/../../../../arm-none-eabi/lib/thumb/v7e-m/fpv4-sp/hard/libc_nano.a
END GROUP
START GROUP
LOAD /Applications/STM32CubeIDE.app/Contents/Eclipse/plugins/com.st.stm32cube.ide.mcu.externaltools.gnu-tools-for-stm32.7-2018-q2-update.macos64_1.0.0.201904181610/tools/bin/../lib/gcc/arm-none-eabi/7.3.1/thumb/v7e-m/fpv4-sp/hard/libgcc.a
LOAD /Applications/STM32CubeIDE.app/Contents/Eclipse/plugins/com.st.stm32cube.ide.mcu.externaltools.gnu-tools-for-stm32.7-2018-q2-update.macos64_1.0.0.201904181610/tools/bin/../lib/gcc/arm-none-eabi/7.3.1/../../../../arm-none-eabi/lib/thumb/v7e-m/fpv4-sp/hard/libc_nano.a
LOAD /Applications/STM32CubeIDE.app/Contents/Eclipse/plugins/com.st.stm32cube.ide.mcu.externaltools.gnu-tools-for-stm32.7-2018-q2-update.macos64_1.0.0.201904181610/tools/bin/../lib/gcc/arm-none-eabi/7.3.1/../../../../arm-none-eabi/lib/thumb/v7e-m/fpv4-sp/hard/libnosys.a
END GROUP
START GROUP
LOAD /Applications/STM32CubeIDE.app/Contents/Eclipse/plugins/com.st.stm32cube.ide.mcu.externaltools.gnu-tools-for-stm32.7-2018-q2-update.macos64_1.0.0.201904181610/tools/bin/../lib/gcc/arm-none-eabi/7.3.1/thumb/v7e-m/fpv4-sp/hard/libgcc.a
LOAD /Applications/STM32CubeIDE.app/Contents/Eclipse/plugins/com.st.stm32cube.ide.mcu.externaltools.gnu-tools-for-stm32.7-2018-q2-update.macos64_1.0.0.201904181610/tools/bin/../lib/gcc/arm-none-eabi/7.3.1/../../../../arm-none-eabi/lib/thumb/v7e-m/fpv4-sp/hard/libc_nano.a
LOAD /Applications/STM32CubeIDE.app/Contents/Eclipse/plugins/com.st.stm32cube.ide.mcu.externaltools.gnu-tools-for-stm32.7-2018-q2-update.macos64_1.0.0.201904181610/tools/bin/../lib/gcc/arm-none-eabi/7.3.1/../../../../arm-none-eabi/lib/thumb/v7e-m/fpv4-sp/hard/libnosys.a
END GROUP
LOAD /Applications/STM32CubeIDE.app/Contents/Eclipse/plugins/com.st.stm32cube.ide.mcu.externaltools.gnu-tools-for-stm32.7-2018-q2-update.macos64_1.0.0.201904181610/tools/bin/../lib/gcc/arm-none-eabi/7.3.1/thumb/v7e-m/fpv4-sp/hard/crtend.o
LOAD /Applications/STM32CubeIDE.app/Contents/Eclipse/plugins/com.st.stm32cube.ide.mcu.externaltools.gnu-tools-for-stm32.7-2018-q2-update.macos64_1.0.0.201904181610/tools/bin/../lib/gcc/arm-none-eabi/7.3.1/thumb/v7e-m/fpv4-sp/hard/crtn.o
                0x0000000020018000                _estack = 0x20018000
                0x0000000000000200                _Min_Heap_Size = 0x200
                0x0000000000000400                _Min_Stack_Size = 0x400

.isr_vector     0x0000000008000000      0x188
                0x0000000008000000                . = ALIGN (0x4)
 *(.isr_vector)
 .isr_vector    0x0000000008000000      0x188 Startup/startup_stm32l476rgtx.o
                0x0000000008000000                g_pfnVectors
                0x0000000008000188                . = ALIGN (0x4)

.text           0x0000000008000190     0x37e0
                0x0000000008000190                . = ALIGN (0x4)
 *(.text)
 .text          0x0000000008000190       0x40 /Applications/STM32CubeIDE.app/Contents/Eclipse/plugins/com.st.stm32cube.ide.mcu.externaltools.gnu-tools-for-stm32.7-2018-q2-update.macos64_1.0.0.201904181610/tools/bin/../lib/gcc/arm-none-eabi/7.3.1/thumb/v7e-m/fpv4-sp/hard/crtbegin.o
 *(.text*)
 .text.HAL_TIM_IC_CaptureCallback
                0x00000000080001d0      0x1cc Drivers/Robocup/Timer/src/Timer_InputCapture.o
                0x00000000080001d0                HAL_TIM_IC_CaptureCallback
 .text.TIMx_ENC_Init
                0x000000000800039c      0x1e4 Drivers/Robocup/Timer/src/Timer_encoder.o
                0x000000000800039c                TIMx_ENC_Init
 .text.HAL_TIM_Encoder_MspInit
                0x0000000008000580       0x8c Drivers/Robocup/Timer/src/Timer_encoder.o
                0x0000000008000580                HAL_TIM_Encoder_MspInit
 .text.TIMx_ENC_Start
                0x000000000800060c       0x2c Drivers/Robocup/Timer/src/Timer_encoder.o
                0x000000000800060c                TIMx_ENC_Start
 .text.HAL_Init
                0x0000000008000638       0x40 Drivers/STM32L4xx_HAL_Driver/Src/stm32l4xx_hal.o
                0x0000000008000638                HAL_Init
 .text.HAL_IncTick
                0x0000000008000678       0x24 Drivers/STM32L4xx_HAL_Driver/Src/stm32l4xx_hal.o
                0x0000000008000678                HAL_IncTick
 .text.HAL_GetTick
                0x000000000800069c       0x18 Drivers/STM32L4xx_HAL_Driver/Src/stm32l4xx_hal.o
                0x000000000800069c                HAL_GetTick
 .text.__NVIC_SetPriorityGrouping
                0x00000000080006b4       0x48 Drivers/STM32L4xx_HAL_Driver/Src/stm32l4xx_hal_cortex.o
 .text.__NVIC_GetPriorityGrouping
                0x00000000080006fc       0x1c Drivers/STM32L4xx_HAL_Driver/Src/stm32l4xx_hal_cortex.o
 .text.__NVIC_EnableIRQ
                0x0000000008000718       0x3c Drivers/STM32L4xx_HAL_Driver/Src/stm32l4xx_hal_cortex.o
 .text.__NVIC_SetPriority
                0x0000000008000754       0x54 Drivers/STM32L4xx_HAL_Driver/Src/stm32l4xx_hal_cortex.o
 .text.NVIC_EncodePriority
                0x00000000080007a8       0x66 Drivers/STM32L4xx_HAL_Driver/Src/stm32l4xx_hal_cortex.o
 .text.HAL_NVIC_SetPriorityGrouping
                0x000000000800080e       0x16 Drivers/STM32L4xx_HAL_Driver/Src/stm32l4xx_hal_cortex.o
                0x000000000800080e                HAL_NVIC_SetPriorityGrouping
 .text.HAL_NVIC_SetPriority
                0x0000000008000824       0x38 Drivers/STM32L4xx_HAL_Driver/Src/stm32l4xx_hal_cortex.o
                0x0000000008000824                HAL_NVIC_SetPriority
 .text.HAL_NVIC_EnableIRQ
                0x000000000800085c       0x1c Drivers/STM32L4xx_HAL_Driver/Src/stm32l4xx_hal_cortex.o
                0x000000000800085c                HAL_NVIC_EnableIRQ
 .text.HAL_GPIO_Init
                0x0000000008000878      0x350 Drivers/STM32L4xx_HAL_Driver/Src/stm32l4xx_hal_gpio.o
                0x0000000008000878                HAL_GPIO_Init
 .text.HAL_PWREx_GetVoltageRange
                0x0000000008000bc8       0x1c Drivers/STM32L4xx_HAL_Driver/Src/stm32l4xx_hal_pwr_ex.o
                0x0000000008000bc8                HAL_PWREx_GetVoltageRange
 .text.HAL_PWREx_ControlVoltageScaling
                0x0000000008000be4       0xac Drivers/STM32L4xx_HAL_Driver/Src/stm32l4xx_hal_pwr_ex.o
                0x0000000008000be4                HAL_PWREx_ControlVoltageScaling
 .text.HAL_RCC_OscConfig
                0x0000000008000c90      0x760 Drivers/STM32L4xx_HAL_Driver/Src/stm32l4xx_hal_rcc.o
                0x0000000008000c90                HAL_RCC_OscConfig
 .text.HAL_RCC_ClockConfig
                0x00000000080013f0      0x1c4 Drivers/STM32L4xx_HAL_Driver/Src/stm32l4xx_hal_rcc.o
                0x00000000080013f0                HAL_RCC_ClockConfig
 .text.HAL_RCC_GetSysClockFreq
                0x00000000080015b4      0x114 Drivers/STM32L4xx_HAL_Driver/Src/stm32l4xx_hal_rcc.o
                0x00000000080015b4                HAL_RCC_GetSysClockFreq
 .text.HAL_RCC_GetHCLKFreq
                0x00000000080016c8       0x18 Drivers/STM32L4xx_HAL_Driver/Src/stm32l4xx_hal_rcc.o
                0x00000000080016c8                HAL_RCC_GetHCLKFreq
 .text.HAL_RCC_GetPCLK1Freq
                0x00000000080016e0       0x2c Drivers/STM32L4xx_HAL_Driver/Src/stm32l4xx_hal_rcc.o
                0x00000000080016e0                HAL_RCC_GetPCLK1Freq
 .text.HAL_RCC_GetClockConfig
                0x000000000800170c       0x64 Drivers/STM32L4xx_HAL_Driver/Src/stm32l4xx_hal_rcc.o
                0x000000000800170c                HAL_RCC_GetClockConfig
 .text.RCC_SetFlashLatencyFromMSIRange
                0x0000000008001770       0xc0 Drivers/STM32L4xx_HAL_Driver/Src/stm32l4xx_hal_rcc.o
 .text.HAL_TIM_Base_Init
                0x0000000008001830       0x56 Drivers/STM32L4xx_HAL_Driver/Src/stm32l4xx_hal_tim.o
                0x0000000008001830                HAL_TIM_Base_Init
 .text.HAL_TIM_Base_MspInit
                0x0000000008001886       0x14 Drivers/STM32L4xx_HAL_Driver/Src/stm32l4xx_hal_tim.o
                0x0000000008001886                HAL_TIM_Base_MspInit
 *fill*         0x000000000800189a        0x2 
 .text.HAL_TIM_Base_Start_IT
                0x000000000800189c       0x54 Drivers/STM32L4xx_HAL_Driver/Src/stm32l4xx_hal_tim.o
                0x000000000800189c                HAL_TIM_Base_Start_IT
 .text.HAL_TIM_Encoder_Init
                0x00000000080018f0      0x124 Drivers/STM32L4xx_HAL_Driver/Src/stm32l4xx_hal_tim.o
                0x00000000080018f0                HAL_TIM_Encoder_Init
 .text.HAL_TIM_Encoder_Start
                0x0000000008001a14       0x6e Drivers/STM32L4xx_HAL_Driver/Src/stm32l4xx_hal_tim.o
                0x0000000008001a14                HAL_TIM_Encoder_Start
 .text.HAL_TIM_IRQHandler
                0x0000000008001a82      0x23e Drivers/STM32L4xx_HAL_Driver/Src/stm32l4xx_hal_tim.o
                0x0000000008001a82                HAL_TIM_IRQHandler
 .text.HAL_TIM_ReadCapturedValue
                0x0000000008001cc0       0x88 Drivers/STM32L4xx_HAL_Driver/Src/stm32l4xx_hal_tim.o
                0x0000000008001cc0                HAL_TIM_ReadCapturedValue
 .text.HAL_TIM_OC_DelayElapsedCallback
                0x0000000008001d48       0x14 Drivers/STM32L4xx_HAL_Driver/Src/stm32l4xx_hal_tim.o
                0x0000000008001d48                HAL_TIM_OC_DelayElapsedCallback
 .text.HAL_TIM_PWM_PulseFinishedCallback
                0x0000000008001d5c       0x14 Drivers/STM32L4xx_HAL_Driver/Src/stm32l4xx_hal_tim.o
                0x0000000008001d5c                HAL_TIM_PWM_PulseFinishedCallback
 .text.HAL_TIM_TriggerCallback
                0x0000000008001d70       0x14 Drivers/STM32L4xx_HAL_Driver/Src/stm32l4xx_hal_tim.o
                0x0000000008001d70                HAL_TIM_TriggerCallback
 .text.TIM_Base_SetConfig
                0x0000000008001d84      0x134 Drivers/STM32L4xx_HAL_Driver/Src/stm32l4xx_hal_tim.o
                0x0000000008001d84                TIM_Base_SetConfig
 .text.TIM_CCxChannelCmd
                0x0000000008001eb8       0x4a Drivers/STM32L4xx_HAL_Driver/Src/stm32l4xx_hal_tim.o
                0x0000000008001eb8                TIM_CCxChannelCmd
 *fill*         0x0000000008001f02        0x2 
 .text.HAL_TIMEx_MasterConfigSynchronization
                0x0000000008001f04       0xb8 Drivers/STM32L4xx_HAL_Driver/Src/stm32l4xx_hal_tim_ex.o
                0x0000000008001f04                HAL_TIMEx_MasterConfigSynchronization
 .text.HAL_TIMEx_CommutCallback
                0x0000000008001fbc       0x14 Drivers/STM32L4xx_HAL_Driver/Src/stm32l4xx_hal_tim_ex.o
                0x0000000008001fbc                HAL_TIMEx_CommutCallback
 .text.HAL_TIMEx_BreakCallback
                0x0000000008001fd0       0x14 Drivers/STM32L4xx_HAL_Driver/Src/stm32l4xx_hal_tim_ex.o
                0x0000000008001fd0                HAL_TIMEx_BreakCallback
 .text.HAL_TIMEx_Break2Callback
                0x0000000008001fe4       0x14 Drivers/STM32L4xx_HAL_Driver/Src/stm32l4xx_hal_tim_ex.o
                0x0000000008001fe4                HAL_TIMEx_Break2Callback
 .text.Init_Wheel_Speed_Provision
                0x0000000008001ff8       0x74 Middlewares/Robocup/WheelSpeedProvider/src/WheelSpeedProvider.o
                0x0000000008001ff8                Init_Wheel_Speed_Provision
 .text.Provide_Wheel_Speeds
                0x000000000800206c       0x48 Middlewares/Robocup/WheelSpeedProvider/src/WheelSpeedProvider.o
                0x000000000800206c                Provide_Wheel_Speeds
 .text.makeFreeRtosPriority
                0x00000000080020b4       0x30 Middlewares/Third_Party/FreeRTOS/Source/CMSIS_RTOS/cmsis_os.o
 .text.osKernelStart
                0x00000000080020e4        0xe Middlewares/Third_Party/FreeRTOS/Source/CMSIS_RTOS/cmsis_os.o
                0x00000000080020e4                osKernelStart
 .text.osThreadCreate
                0x00000000080020f2       0x4e Middlewares/Third_Party/FreeRTOS/Source/CMSIS_RTOS/cmsis_os.o
                0x00000000080020f2                osThreadCreate
 .text.osDelay  0x0000000008002140       0x28 Middlewares/Third_Party/FreeRTOS/Source/CMSIS_RTOS/cmsis_os.o
                0x0000000008002140                osDelay
 .text.vListInitialise
                0x0000000008002168       0x40 Middlewares/Third_Party/FreeRTOS/Source/list.o
                0x0000000008002168                vListInitialise
 .text.vListInitialiseItem
                0x00000000080021a8       0x1a Middlewares/Third_Party/FreeRTOS/Source/list.o
                0x00000000080021a8                vListInitialiseItem
 .text.vListInsertEnd
                0x00000000080021c2       0x48 Middlewares/Third_Party/FreeRTOS/Source/list.o
                0x00000000080021c2                vListInsertEnd
 .text.vListInsert
                0x000000000800220a       0x72 Middlewares/Third_Party/FreeRTOS/Source/list.o
                0x000000000800220a                vListInsert
 .text.uxListRemove
                0x000000000800227c       0x54 Middlewares/Third_Party/FreeRTOS/Source/list.o
                0x000000000800227c                uxListRemove
 .text.xTaskCreate
                0x00000000080022d0       0x82 Middlewares/Third_Party/FreeRTOS/Source/tasks.o
                0x00000000080022d0                xTaskCreate
 .text.prvInitialiseNewTask
                0x0000000008002352       0xfc Middlewares/Third_Party/FreeRTOS/Source/tasks.o
 *fill*         0x000000000800244e        0x2 
 .text.prvAddNewTaskToReadyList
                0x0000000008002450       0xd4 Middlewares/Third_Party/FreeRTOS/Source/tasks.o
 .text.vTaskDelayUntil
                0x0000000008002524       0xf4 Middlewares/Third_Party/FreeRTOS/Source/tasks.o
                0x0000000008002524                vTaskDelayUntil
 .text.vTaskDelay
                0x0000000008002618       0x68 Middlewares/Third_Party/FreeRTOS/Source/tasks.o
                0x0000000008002618                vTaskDelay
 .text.vTaskStartScheduler
                0x0000000008002680       0x8c Middlewares/Third_Party/FreeRTOS/Source/tasks.o
                0x0000000008002680                vTaskStartScheduler
 .text.vTaskSuspendAll
                0x000000000800270c       0x1c Middlewares/Third_Party/FreeRTOS/Source/tasks.o
                0x000000000800270c                vTaskSuspendAll
 .text.xTaskResumeAll
                0x0000000008002728      0x138 Middlewares/Third_Party/FreeRTOS/Source/tasks.o
                0x0000000008002728                xTaskResumeAll
 .text.xTaskGetTickCount
                0x0000000008002860       0x20 Middlewares/Third_Party/FreeRTOS/Source/tasks.o
                0x0000000008002860                xTaskGetTickCount
 .text.xTaskIncrementTick
                0x0000000008002880      0x178 Middlewares/Third_Party/FreeRTOS/Source/tasks.o
                0x0000000008002880                xTaskIncrementTick
 .text.vTaskSwitchContext
                0x00000000080029f8       0xb4 Middlewares/Third_Party/FreeRTOS/Source/tasks.o
                0x00000000080029f8                vTaskSwitchContext
 .text.prvIdleTask
                0x0000000008002aac       0x30 Middlewares/Third_Party/FreeRTOS/Source/tasks.o
 .text.prvInitialiseTaskLists
                0x0000000008002adc       0x80 Middlewares/Third_Party/FreeRTOS/Source/tasks.o
 .text.prvCheckTasksWaitingTermination
                0x0000000008002b5c       0x58 Middlewares/Third_Party/FreeRTOS/Source/tasks.o
 .text.prvDeleteTCB
                0x0000000008002bb4       0x20 Middlewares/Third_Party/FreeRTOS/Source/tasks.o
 .text.prvResetNextTaskUnblockTime
                0x0000000008002bd4       0x4c Middlewares/Third_Party/FreeRTOS/Source/tasks.o
 .text.prvAddCurrentTaskToDelayedList
                0x0000000008002c20       0xcc Middlewares/Third_Party/FreeRTOS/Source/tasks.o
 .text.pxPortInitialiseStack
                0x0000000008002cec       0x68 Middlewares/Third_Party/FreeRTOS/Source/portable/GCC/ARM_CM4F/port.o
                0x0000000008002cec                pxPortInitialiseStack
 .text.prvTaskExitError
                0x0000000008002d54       0x54 Middlewares/Third_Party/FreeRTOS/Source/portable/GCC/ARM_CM4F/port.o
 *fill*         0x0000000008002da8        0x8 
 .text.SVC_Handler
                0x0000000008002db0       0x28 Middlewares/Third_Party/FreeRTOS/Source/portable/GCC/ARM_CM4F/port.o
                0x0000000008002db0                SVC_Handler
 .text.prvPortStartFirstTask
                0x0000000008002dd8       0x28 Middlewares/Third_Party/FreeRTOS/Source/portable/GCC/ARM_CM4F/port.o
 .text.xPortStartScheduler
                0x0000000008002e00      0x13c Middlewares/Third_Party/FreeRTOS/Source/portable/GCC/ARM_CM4F/port.o
                0x0000000008002e00                xPortStartScheduler
 .text.vPortEnterCritical
                0x0000000008002f3c       0x5c Middlewares/Third_Party/FreeRTOS/Source/portable/GCC/ARM_CM4F/port.o
                0x0000000008002f3c                vPortEnterCritical
 .text.vPortExitCritical
                0x0000000008002f98       0x50 Middlewares/Third_Party/FreeRTOS/Source/portable/GCC/ARM_CM4F/port.o
                0x0000000008002f98                vPortExitCritical
 *fill*         0x0000000008002fe8        0x8 
 .text.PendSV_Handler
                0x0000000008002ff0       0x68 Middlewares/Third_Party/FreeRTOS/Source/portable/GCC/ARM_CM4F/port.o
                0x0000000008002ff0                PendSV_Handler
 .text.SysTick_Handler
                0x0000000008003058       0x40 Middlewares/Third_Party/FreeRTOS/Source/portable/GCC/ARM_CM4F/port.o
                0x0000000008003058                SysTick_Handler
 .text.vPortSetupTimerInterrupt
                0x0000000008003098       0x48 Middlewares/Third_Party/FreeRTOS/Source/portable/GCC/ARM_CM4F/port.o
                0x0000000008003098                vPortSetupTimerInterrupt
 .text.vPortEnableVFP
                0x00000000080030e0       0x14 Middlewares/Third_Party/FreeRTOS/Source/portable/GCC/ARM_CM4F/port.o
 .text.pvPortMalloc
                0x00000000080030f4      0x184 Middlewares/Third_Party/FreeRTOS/Source/portable/MemMang/heap_4.o
                0x00000000080030f4                pvPortMalloc
 .text.vPortFree
                0x0000000008003278       0xb0 Middlewares/Third_Party/FreeRTOS/Source/portable/MemMang/heap_4.o
                0x0000000008003278                vPortFree
 .text.prvHeapInit
                0x0000000008003328       0xc4 Middlewares/Third_Party/FreeRTOS/Source/portable/MemMang/heap_4.o
 .text.prvInsertBlockIntoFreeList
                0x00000000080033ec       0xb4 Middlewares/Third_Party/FreeRTOS/Source/portable/MemMang/heap_4.o
 .text.Write_IC_Channel1_Raw_data
                0x00000000080034a0       0x20 Src/Common_Data.o
                0x00000000080034a0                Write_IC_Channel1_Raw_data
 .text.Write_IC_Channel2_Raw_data
                0x00000000080034c0       0x20 Src/Common_Data.o
                0x00000000080034c0                Write_IC_Channel2_Raw_data
 .text.Write_IC_Channel3_Raw_data
                0x00000000080034e0       0x20 Src/Common_Data.o
                0x00000000080034e0                Write_IC_Channel3_Raw_data
 .text.Init_System_Startup
                0x0000000008003500        0xc Src/Initialize_System.o
                0x0000000008003500                Init_System_Startup
 .text.main     0x000000000800350c       0xa8 Src/main.o
                0x000000000800350c                main
 .text.SystemClock_Config
                0x00000000080035b4       0xa2 Src/main.o
                0x00000000080035b4                SystemClock_Config
 *fill*         0x0000000008003656        0x2 
 .text.MX_GPIO_Init
                0x0000000008003658       0x30 Src/main.o
 .text.StartMwPeriodicTask
                0x0000000008003688       0x10 Src/main.o
                0x0000000008003688                StartMwPeriodicTask
 .text.StartLowLevelPeriodicTask
                0x0000000008003698       0x26 Src/main.o
                0x0000000008003698                StartLowLevelPeriodicTask
 .text.StartAppPeriodicTask
                0x00000000080036be       0x10 Src/main.o
                0x00000000080036be                StartAppPeriodicTask
 *fill*         0x00000000080036ce        0x2 
 .text.HAL_TIM_PeriodElapsedCallback
                0x00000000080036d0       0x24 Src/main.o
                0x00000000080036d0                HAL_TIM_PeriodElapsedCallback
 .text.Error_Handler
                0x00000000080036f4        0x6 Src/main.o
                0x00000000080036f4                Error_Handler
 *fill*         0x00000000080036fa        0x2 
 .text.HAL_MspInit
                0x00000000080036fc       0x50 Src/stm32l4xx_hal_msp.o
                0x00000000080036fc                HAL_MspInit
 .text.HAL_InitTick
                0x000000000800374c       0xac Src/stm32l4xx_hal_timebase_tim.o
                0x000000000800374c                HAL_InitTick
 .text.NMI_Handler
                0x00000000080037f8        0xe Src/stm32l4xx_it.o
                0x00000000080037f8                NMI_Handler
 .text.HardFault_Handler
                0x0000000008003806        0x6 Src/stm32l4xx_it.o
                0x0000000008003806                HardFault_Handler
 .text.MemManage_Handler
                0x000000000800380c        0x6 Src/stm32l4xx_it.o
                0x000000000800380c                MemManage_Handler
 .text.BusFault_Handler
                0x0000000008003812        0x6 Src/stm32l4xx_it.o
                0x0000000008003812                BusFault_Handler
 .text.UsageFault_Handler
                0x0000000008003818        0x6 Src/stm32l4xx_it.o
                0x0000000008003818                UsageFault_Handler
 .text.DebugMon_Handler
                0x000000000800381e        0xe Src/stm32l4xx_it.o
                0x000000000800381e                DebugMon_Handler
 .text.TIM7_IRQHandler
                0x000000000800382c       0x14 Src/stm32l4xx_it.o
                0x000000000800382c                TIM7_IRQHandler
 .text.SystemInit
                0x0000000008003840       0x6c Src/system_stm32l4xx.o
                0x0000000008003840                SystemInit
 .text.Reset_Handler
                0x00000000080038ac       0x50 Startup/startup_stm32l476rgtx.o
                0x00000000080038ac                Reset_Handler
 .text.Default_Handler
                0x00000000080038fc        0x2 Startup/startup_stm32l476rgtx.o
                0x00000000080038fc                TIM1_BRK_TIM15_IRQHandler
                0x00000000080038fc                EXTI2_IRQHandler
                0x00000000080038fc                TIM8_TRG_COM_IRQHandler
                0x00000000080038fc                TIM8_CC_IRQHandler
                0x00000000080038fc                TIM1_CC_IRQHandler
                0x00000000080038fc                TSC_IRQHandler
                0x00000000080038fc                TAMP_STAMP_IRQHandler
                0x00000000080038fc                EXTI3_IRQHandler
                0x00000000080038fc                LPTIM2_IRQHandler
                0x00000000080038fc                DFSDM1_FLT1_IRQHandler
                0x00000000080038fc                I2C3_ER_IRQHandler
                0x00000000080038fc                DFSDM1_FLT2_IRQHandler
                0x00000000080038fc                EXTI0_IRQHandler
                0x00000000080038fc                I2C2_EV_IRQHandler
                0x00000000080038fc                CAN1_RX0_IRQHandler
                0x00000000080038fc                FPU_IRQHandler
                0x00000000080038fc                TIM1_UP_TIM16_IRQHandler
                0x00000000080038fc                ADC1_2_IRQHandler
                0x00000000080038fc                SPI1_IRQHandler
                0x00000000080038fc                TIM6_DAC_IRQHandler
                0x00000000080038fc                TIM8_UP_IRQHandler
                0x00000000080038fc                DMA2_Channel2_IRQHandler
                0x00000000080038fc                DMA1_Channel4_IRQHandler
                0x00000000080038fc                SAI2_IRQHandler
                0x00000000080038fc                DFSDM1_FLT3_IRQHandler
                0x00000000080038fc                USART3_IRQHandler
                0x00000000080038fc                DMA1_Channel7_IRQHandler
                0x00000000080038fc                CAN1_RX1_IRQHandler
                0x00000000080038fc                LCD_IRQHandler
                0x00000000080038fc                UART5_IRQHandler
                0x00000000080038fc                ADC3_IRQHandler
                0x00000000080038fc                TIM4_IRQHandler
                0x00000000080038fc                DMA2_Channel1_IRQHandler
                0x00000000080038fc                QUADSPI_IRQHandler
                0x00000000080038fc                I2C1_EV_IRQHandler
                0x00000000080038fc                DMA1_Channel6_IRQHandler
                0x00000000080038fc                UART4_IRQHandler
                0x00000000080038fc                DMA2_Channel4_IRQHandler
                0x00000000080038fc                TIM3_IRQHandler
                0x00000000080038fc                RCC_IRQHandler
                0x00000000080038fc                DMA1_Channel1_IRQHandler
                0x00000000080038fc                Default_Handler
                0x00000000080038fc                DMA2_Channel7_IRQHandler
                0x00000000080038fc                EXTI15_10_IRQHandler
                0x00000000080038fc                SDMMC1_IRQHandler
                0x00000000080038fc                TIM5_IRQHandler
                0x00000000080038fc                I2C3_EV_IRQHandler
                0x00000000080038fc                EXTI9_5_IRQHandler
                0x00000000080038fc                RTC_WKUP_IRQHandler
                0x00000000080038fc                PVD_PVM_IRQHandler
                0x00000000080038fc                SPI2_IRQHandler
                0x00000000080038fc                CAN1_TX_IRQHandler
                0x00000000080038fc                DMA2_Channel5_IRQHandler
                0x00000000080038fc                DMA1_Channel5_IRQHandler
                0x00000000080038fc                EXTI4_IRQHandler
                0x00000000080038fc                RNG_IRQHandler
                0x00000000080038fc                TIM1_TRG_COM_TIM17_IRQHandler
                0x00000000080038fc                DMA1_Channel3_IRQHandler
                0x00000000080038fc                COMP_IRQHandler
                0x00000000080038fc                WWDG_IRQHandler
                0x00000000080038fc                LPUART1_IRQHandler
                0x00000000080038fc                DMA2_Channel6_IRQHandler
                0x00000000080038fc                TIM2_IRQHandler
                0x00000000080038fc                EXTI1_IRQHandler
                0x00000000080038fc                USART2_IRQHandler
                0x00000000080038fc                DFSDM1_FLT0_IRQHandler
                0x00000000080038fc                I2C2_ER_IRQHandler
                0x00000000080038fc                DMA1_Channel2_IRQHandler
                0x00000000080038fc                TIM8_BRK_IRQHandler
                0x00000000080038fc                CAN1_SCE_IRQHandler
                0x00000000080038fc                FLASH_IRQHandler
                0x00000000080038fc                USART1_IRQHandler
                0x00000000080038fc                OTG_FS_IRQHandler
                0x00000000080038fc                SPI3_IRQHandler
                0x00000000080038fc                I2C1_ER_IRQHandler
                0x00000000080038fc                FMC_IRQHandler
                0x00000000080038fc                SWPMI1_IRQHandler
                0x00000000080038fc                LPTIM1_IRQHandler
                0x00000000080038fc                SAI1_IRQHandler
                0x00000000080038fc                DMA2_Channel3_IRQHandler
                0x00000000080038fc                RTC_Alarm_IRQHandler
 *fill*         0x00000000080038fe        0x2 
 .text.__libc_init_array
                0x0000000008003900       0x48 /Applications/STM32CubeIDE.app/Contents/Eclipse/plugins/com.st.stm32cube.ide.mcu.externaltools.gnu-tools-for-stm32.7-2018-q2-update.macos64_1.0.0.201904181610/tools/bin/../lib/gcc/arm-none-eabi/7.3.1/../../../../arm-none-eabi/lib/thumb/v7e-m/fpv4-sp/hard/libc_nano.a(lib_a-init.o)
                0x0000000008003900                __libc_init_array
 .text.memset   0x0000000008003948       0x10 /Applications/STM32CubeIDE.app/Contents/Eclipse/plugins/com.st.stm32cube.ide.mcu.externaltools.gnu-tools-for-stm32.7-2018-q2-update.macos64_1.0.0.201904181610/tools/bin/../lib/gcc/arm-none-eabi/7.3.1/../../../../arm-none-eabi/lib/thumb/v7e-m/fpv4-sp/hard/libc_nano.a(lib_a-memset.o)
                0x0000000008003948                memset
 *(.glue_7)
 .glue_7        0x0000000008003958        0x0 linker stubs
 *(.glue_7t)
 .glue_7t       0x0000000008003958        0x0 linker stubs
 *(.eh_frame)
 .eh_frame      0x0000000008003958        0x0 /Applications/STM32CubeIDE.app/Contents/Eclipse/plugins/com.st.stm32cube.ide.mcu.externaltools.gnu-tools-for-stm32.7-2018-q2-update.macos64_1.0.0.201904181610/tools/bin/../lib/gcc/arm-none-eabi/7.3.1/thumb/v7e-m/fpv4-sp/hard/crtbegin.o
 *(.init)
 .init          0x0000000008003958        0x4 /Applications/STM32CubeIDE.app/Contents/Eclipse/plugins/com.st.stm32cube.ide.mcu.externaltools.gnu-tools-for-stm32.7-2018-q2-update.macos64_1.0.0.201904181610/tools/bin/../lib/gcc/arm-none-eabi/7.3.1/thumb/v7e-m/fpv4-sp/hard/crti.o
                0x0000000008003958                _init
 .init          0x000000000800395c        0x8 /Applications/STM32CubeIDE.app/Contents/Eclipse/plugins/com.st.stm32cube.ide.mcu.externaltools.gnu-tools-for-stm32.7-2018-q2-update.macos64_1.0.0.201904181610/tools/bin/../lib/gcc/arm-none-eabi/7.3.1/thumb/v7e-m/fpv4-sp/hard/crtn.o
 *(.fini)
 .fini          0x0000000008003964        0x4 /Applications/STM32CubeIDE.app/Contents/Eclipse/plugins/com.st.stm32cube.ide.mcu.externaltools.gnu-tools-for-stm32.7-2018-q2-update.macos64_1.0.0.201904181610/tools/bin/../lib/gcc/arm-none-eabi/7.3.1/thumb/v7e-m/fpv4-sp/hard/crti.o
                0x0000000008003964                _fini
 .fini          0x0000000008003968        0x8 /Applications/STM32CubeIDE.app/Contents/Eclipse/plugins/com.st.stm32cube.ide.mcu.externaltools.gnu-tools-for-stm32.7-2018-q2-update.macos64_1.0.0.201904181610/tools/bin/../lib/gcc/arm-none-eabi/7.3.1/thumb/v7e-m/fpv4-sp/hard/crtn.o
                0x0000000008003970                . = ALIGN (0x4)
                0x0000000008003970                _etext = .

.vfp11_veneer   0x0000000008003970        0x0
 .vfp11_veneer  0x0000000008003970        0x0 linker stubs

.v4_bx          0x0000000008003970        0x0
 .v4_bx         0x0000000008003970        0x0 linker stubs

.iplt           0x0000000008003970        0x0
 .iplt          0x0000000008003970        0x0 /Applications/STM32CubeIDE.app/Contents/Eclipse/plugins/com.st.stm32cube.ide.mcu.externaltools.gnu-tools-for-stm32.7-2018-q2-update.macos64_1.0.0.201904181610/tools/bin/../lib/gcc/arm-none-eabi/7.3.1/thumb/v7e-m/fpv4-sp/hard/crtbegin.o

.rodata         0x0000000008003970       0xbc
                0x0000000008003970                . = ALIGN (0x4)
 *(.rodata)
 .rodata        0x0000000008003970        0x5 Middlewares/Third_Party/FreeRTOS/Source/tasks.o
 *fill*         0x0000000008003975        0x3 
 .rodata        0x0000000008003978       0x6c Src/main.o
 *(.rodata*)
 .rodata.AHBPrescTable
                0x00000000080039e4       0x10 Src/system_stm32l4xx.o
                0x00000000080039e4                AHBPrescTable
 .rodata.APBPrescTable
                0x00000000080039f4        0x8 Src/system_stm32l4xx.o
                0x00000000080039f4                APBPrescTable
 .rodata.MSIRangeTable
                0x00000000080039fc       0x30 Src/system_stm32l4xx.o
                0x00000000080039fc                MSIRangeTable
                0x0000000008003a2c                . = ALIGN (0x4)

.rel.dyn        0x0000000008003a2c        0x0
 .rel.iplt      0x0000000008003a2c        0x0 /Applications/STM32CubeIDE.app/Contents/Eclipse/plugins/com.st.stm32cube.ide.mcu.externaltools.gnu-tools-for-stm32.7-2018-q2-update.macos64_1.0.0.201904181610/tools/bin/../lib/gcc/arm-none-eabi/7.3.1/thumb/v7e-m/fpv4-sp/hard/crtbegin.o

.ARM.extab      0x0000000008003a2c        0x0
                0x0000000008003a2c                . = ALIGN (0x4)
 *(.ARM.extab* .gnu.linkonce.armextab.*)
                0x0000000008003a2c                . = ALIGN (0x4)

.ARM            0x0000000008003a2c        0x0
                0x0000000008003a2c                . = ALIGN (0x4)
                0x0000000008003a2c                __exidx_start = .
 *(.ARM.exidx*)
                0x0000000008003a2c                __exidx_end = .
                0x0000000008003a2c                . = ALIGN (0x4)

.preinit_array  0x0000000008003a2c        0x0
                0x0000000008003a2c                . = ALIGN (0x4)
                0x0000000008003a2c                PROVIDE (__preinit_array_start = .)
 *(.preinit_array*)
                0x0000000008003a2c                PROVIDE (__preinit_array_end = .)
                0x0000000008003a2c                . = ALIGN (0x4)

.init_array     0x0000000008003a2c        0x4
                0x0000000008003a2c                . = ALIGN (0x4)
                0x0000000008003a2c                PROVIDE (__init_array_start = .)
 *(SORT_BY_NAME(.init_array.*))
 *(.init_array*)
 .init_array    0x0000000008003a2c        0x4 /Applications/STM32CubeIDE.app/Contents/Eclipse/plugins/com.st.stm32cube.ide.mcu.externaltools.gnu-tools-for-stm32.7-2018-q2-update.macos64_1.0.0.201904181610/tools/bin/../lib/gcc/arm-none-eabi/7.3.1/thumb/v7e-m/fpv4-sp/hard/crtbegin.o
                0x0000000008003a30                PROVIDE (__init_array_end = .)
                0x0000000008003a30                . = ALIGN (0x4)

.fini_array     0x0000000008003a30        0x4
                0x0000000008003a30                . = ALIGN (0x4)
                [!provide]                        PROVIDE (__fini_array_start = .)
 *(SORT_BY_NAME(.fini_array.*))
 *(.fini_array*)
 .fini_array    0x0000000008003a30        0x4 /Applications/STM32CubeIDE.app/Contents/Eclipse/plugins/com.st.stm32cube.ide.mcu.externaltools.gnu-tools-for-stm32.7-2018-q2-update.macos64_1.0.0.201904181610/tools/bin/../lib/gcc/arm-none-eabi/7.3.1/thumb/v7e-m/fpv4-sp/hard/crtbegin.o
                [!provide]                        PROVIDE (__fini_array_end = .)
                0x0000000008003a34                . = ALIGN (0x4)
                0x0000000008003a34                _sidata = LOADADDR (.data)

.data           0x0000000020000000       0x10 load address 0x0000000008003a34
                0x0000000020000000                . = ALIGN (0x4)
                0x0000000020000000                _sdata = .
 *(.data)
 *(.data*)
 .data.uwTickPrio
                0x0000000020000000        0x4 Drivers/STM32L4xx_HAL_Driver/Src/stm32l4xx_hal.o
                0x0000000020000000                uwTickPrio
 .data.uwTickFreq
                0x0000000020000004        0x4 Drivers/STM32L4xx_HAL_Driver/Src/stm32l4xx_hal.o
                0x0000000020000004                uwTickFreq
 .data.uxCriticalNesting
                0x0000000020000008        0x4 Middlewares/Third_Party/FreeRTOS/Source/portable/GCC/ARM_CM4F/port.o
 .data.SystemCoreClock
                0x000000002000000c        0x4 Src/system_stm32l4xx.o
                0x000000002000000c                SystemCoreClock
                0x0000000020000010                . = ALIGN (0x4)
                0x0000000020000010                _edata = .

.igot.plt       0x0000000020000010        0x0 load address 0x0000000008003a44
 .igot.plt      0x0000000020000010        0x0 /Applications/STM32CubeIDE.app/Contents/Eclipse/plugins/com.st.stm32cube.ide.mcu.externaltools.gnu-tools-for-stm32.7-2018-q2-update.macos64_1.0.0.201904181610/tools/bin/../lib/gcc/arm-none-eabi/7.3.1/thumb/v7e-m/fpv4-sp/hard/crtbegin.o
                0x0000000020000010                . = ALIGN (0x4)

.bss            0x0000000020000010      0xe1c load address 0x0000000008003a44
                0x0000000020000010                _sbss = .
                0x0000000020000010                __bss_start__ = _sbss
 *(.bss)
 .bss           0x0000000020000010       0x1c /Applications/STM32CubeIDE.app/Contents/Eclipse/plugins/com.st.stm32cube.ide.mcu.externaltools.gnu-tools-for-stm32.7-2018-q2-update.macos64_1.0.0.201904181610/tools/bin/../lib/gcc/arm-none-eabi/7.3.1/thumb/v7e-m/fpv4-sp/hard/crtbegin.o
 *(.bss*)
 .bss.pxCurrentTCB
                0x000000002000002c        0x4 Middlewares/Third_Party/FreeRTOS/Source/tasks.o
                0x000000002000002c                pxCurrentTCB
 .bss.pxReadyTasksLists
                0x0000000020000030       0x8c Middlewares/Third_Party/FreeRTOS/Source/tasks.o
 .bss.xDelayedTaskList1
                0x00000000200000bc       0x14 Middlewares/Third_Party/FreeRTOS/Source/tasks.o
 .bss.xDelayedTaskList2
                0x00000000200000d0       0x14 Middlewares/Third_Party/FreeRTOS/Source/tasks.o
 .bss.pxDelayedTaskList
                0x00000000200000e4        0x4 Middlewares/Third_Party/FreeRTOS/Source/tasks.o
 .bss.pxOverflowDelayedTaskList
                0x00000000200000e8        0x4 Middlewares/Third_Party/FreeRTOS/Source/tasks.o
 .bss.xPendingReadyList
                0x00000000200000ec       0x14 Middlewares/Third_Party/FreeRTOS/Source/tasks.o
 .bss.xTasksWaitingTermination
                0x0000000020000100       0x14 Middlewares/Third_Party/FreeRTOS/Source/tasks.o
 .bss.uxDeletedTasksWaitingCleanUp
                0x0000000020000114        0x4 Middlewares/Third_Party/FreeRTOS/Source/tasks.o
 .bss.xSuspendedTaskList
                0x0000000020000118       0x14 Middlewares/Third_Party/FreeRTOS/Source/tasks.o
 .bss.uxCurrentNumberOfTasks
                0x000000002000012c        0x4 Middlewares/Third_Party/FreeRTOS/Source/tasks.o
 .bss.xTickCount
                0x0000000020000130        0x4 Middlewares/Third_Party/FreeRTOS/Source/tasks.o
 .bss.uxTopReadyPriority
                0x0000000020000134        0x4 Middlewares/Third_Party/FreeRTOS/Source/tasks.o
 .bss.xSchedulerRunning
                0x0000000020000138        0x4 Middlewares/Third_Party/FreeRTOS/Source/tasks.o
 .bss.uxPendedTicks
                0x000000002000013c        0x4 Middlewares/Third_Party/FreeRTOS/Source/tasks.o
 .bss.xYieldPending
                0x0000000020000140        0x4 Middlewares/Third_Party/FreeRTOS/Source/tasks.o
 .bss.xNumOfOverflows
                0x0000000020000144        0x4 Middlewares/Third_Party/FreeRTOS/Source/tasks.o
 .bss.uxTaskNumber
                0x0000000020000148        0x4 Middlewares/Third_Party/FreeRTOS/Source/tasks.o
 .bss.xNextTaskUnblockTime
                0x000000002000014c        0x4 Middlewares/Third_Party/FreeRTOS/Source/tasks.o
 .bss.xIdleTaskHandle
                0x0000000020000150        0x4 Middlewares/Third_Party/FreeRTOS/Source/tasks.o
 .bss.uxSchedulerSuspended
                0x0000000020000154        0x4 Middlewares/Third_Party/FreeRTOS/Source/tasks.o
 .bss.ucMaxSysCallPriority
                0x0000000020000158        0x1 Middlewares/Third_Party/FreeRTOS/Source/portable/GCC/ARM_CM4F/port.o
 *fill*         0x0000000020000159        0x3 
 .bss.ulMaxPRIGROUPValue
                0x000000002000015c        0x4 Middlewares/Third_Party/FreeRTOS/Source/portable/GCC/ARM_CM4F/port.o
 .bss.ucHeap    0x0000000020000160      0xbb8 Middlewares/Third_Party/FreeRTOS/Source/portable/MemMang/heap_4.o
 .bss.xStart    0x0000000020000d18        0x8 Middlewares/Third_Party/FreeRTOS/Source/portable/MemMang/heap_4.o
 .bss.pxEnd     0x0000000020000d20        0x4 Middlewares/Third_Party/FreeRTOS/Source/portable/MemMang/heap_4.o
 .bss.xFreeBytesRemaining
                0x0000000020000d24        0x4 Middlewares/Third_Party/FreeRTOS/Source/portable/MemMang/heap_4.o
 .bss.xMinimumEverFreeBytesRemaining
                0x0000000020000d28        0x4 Middlewares/Third_Party/FreeRTOS/Source/portable/MemMang/heap_4.o
 .bss.xBlockAllocatedBit
                0x0000000020000d2c        0x4 Middlewares/Third_Party/FreeRTOS/Source/portable/MemMang/heap_4.o
 .bss.get_sys_count
                0x0000000020000d30        0x4 Src/main.o
                0x0000000020000d30                get_sys_count
 *(COMMON)
 COMMON         0x0000000020000d34       0x58 Drivers/Robocup/Timer/src/Timer_InputCapture.o
                0x0000000020000d34                TIM_IC_1_Value_1
                0x0000000020000d38                TIM_IC_3_Value_1
                0x0000000020000d3c                TIM_IC_1_CaptureIndex
                0x0000000020000d40                TIM_IC_2_CaptureIndex
                0x0000000020000d44                TIM_handler
                0x0000000020000d84                TIM_IC_2_Value_1
                0x0000000020000d88                TIM_IC_3_CaptureIndex
 COMMON         0x0000000020000d8c        0x4 Drivers/STM32L4xx_HAL_Driver/Src/stm32l4xx_hal.o
                0x0000000020000d8c                uwTick
 COMMON         0x0000000020000d90        0xc Middlewares/Robocup/WheelSpeedProvider/src/WheelSpeedProvider.o
                0x0000000020000d90                Enc1_diff
                0x0000000020000d94                Enc1_value_old
                0x0000000020000d98                Enc1_value
 COMMON         0x0000000020000d9c       0x41 Src/Common_Data.o
                0x0000000020000d9c                RemoteControl_CH2_Min
                0x0000000020000da0                Timer_IC_Channel1_Raw_data
                0x0000000020000da4                Timer_IC_Channel3_Raw_data
                0x0000000020000da8                RemoteControl_CH2_Max
                0x0000000020000dac                Timer_IC_Channel2_Raw_data
                0x0000000020000db0                RemoteControl_CH3_Min
                0x0000000020000db4                RemoteControl_CH1_Min
                0x0000000020000db8                RemoteControl_CH1_Max
                0x0000000020000dbc                WheelSpeedCalculation_Calculated_WheelSpeeds
                0x0000000020000dcc                RemoteControl_Provided_Robot_Speed
                0x0000000020000dd8                RemoteControl_CH3_Max
                0x0000000020000ddc                Button_Pressed
 *fill*         0x0000000020000ddd        0x3 
 COMMON         0x0000000020000de0        0xc Src/main.o
                0x0000000020000de0                MwPeriodicTaskHandle
                0x0000000020000de4                AppPeriodicTaskHandle
                0x0000000020000de8                LowLevelPeriodiHandle
 COMMON         0x0000000020000dec       0x40 Src/stm32l4xx_hal_timebase_tim.o
                0x0000000020000dec                htim7
                0x0000000020000e2c                . = ALIGN (0x4)
                0x0000000020000e2c                _ebss = .
                0x0000000020000e2c                __bss_end__ = _ebss

._user_heap_stack
                0x0000000020000e2c      0x604 load address 0x0000000008003a44
                0x0000000020000e30                . = ALIGN (0x8)
 *fill*         0x0000000020000e2c        0x4 
                0x0000000020000e30                PROVIDE (end = .)
                [!provide]                        PROVIDE (_end = .)
                0x0000000020001030                . = (. + _Min_Heap_Size)
 *fill*         0x0000000020000e30      0x200 
                0x0000000020001430                . = (. + _Min_Stack_Size)
 *fill*         0x0000000020001030      0x400 
                0x0000000020001430                . = ALIGN (0x8)

/DISCARD/
 libc.a(*)
 libm.a(*)
 libgcc.a(*)

.ARM.attributes
                0x0000000000000000       0x30
 *(.ARM.attributes)
 .ARM.attributes
                0x0000000000000000       0x22 /Applications/STM32CubeIDE.app/Contents/Eclipse/plugins/com.st.stm32cube.ide.mcu.externaltools.gnu-tools-for-stm32.7-2018-q2-update.macos64_1.0.0.201904181610/tools/bin/../lib/gcc/arm-none-eabi/7.3.1/thumb/v7e-m/fpv4-sp/hard/crti.o
 .ARM.attributes
                0x0000000000000022       0x34 /Applications/STM32CubeIDE.app/Contents/Eclipse/plugins/com.st.stm32cube.ide.mcu.externaltools.gnu-tools-for-stm32.7-2018-q2-update.macos64_1.0.0.201904181610/tools/bin/../lib/gcc/arm-none-eabi/7.3.1/thumb/v7e-m/fpv4-sp/hard/crtbegin.o
 .ARM.attributes
                0x0000000000000056       0x39 Drivers/Robocup/Timer/src/Timer_InputCapture.o
 .ARM.attributes
                0x000000000000008f       0x39 Drivers/Robocup/Timer/src/Timer_encoder.o
 .ARM.attributes
                0x00000000000000c8       0x39 Drivers/STM32L4xx_HAL_Driver/Src/stm32l4xx_hal.o
 .ARM.attributes
                0x0000000000000101       0x39 Drivers/STM32L4xx_HAL_Driver/Src/stm32l4xx_hal_cortex.o
 .ARM.attributes
                0x000000000000013a       0x39 Drivers/STM32L4xx_HAL_Driver/Src/stm32l4xx_hal_gpio.o
 .ARM.attributes
                0x0000000000000173       0x39 Drivers/STM32L4xx_HAL_Driver/Src/stm32l4xx_hal_pwr_ex.o
 .ARM.attributes
                0x00000000000001ac       0x39 Drivers/STM32L4xx_HAL_Driver/Src/stm32l4xx_hal_rcc.o
 .ARM.attributes
                0x00000000000001e5       0x39 Drivers/STM32L4xx_HAL_Driver/Src/stm32l4xx_hal_tim.o
 .ARM.attributes
                0x000000000000021e       0x39 Drivers/STM32L4xx_HAL_Driver/Src/stm32l4xx_hal_tim_ex.o
 .ARM.attributes
                0x0000000000000257       0x39 Middlewares/Robocup/WheelSpeedProvider/src/WheelSpeedProvider.o
 .ARM.attributes
                0x0000000000000290       0x39 Middlewares/Third_Party/FreeRTOS/Source/CMSIS_RTOS/cmsis_os.o
 .ARM.attributes
                0x00000000000002c9       0x39 Middlewares/Third_Party/FreeRTOS/Source/list.o
 .ARM.attributes
                0x0000000000000302       0x39 Middlewares/Third_Party/FreeRTOS/Source/tasks.o
 .ARM.attributes
                0x000000000000033b       0x39 Middlewares/Third_Party/FreeRTOS/Source/portable/GCC/ARM_CM4F/port.o
 .ARM.attributes
                0x0000000000000374       0x39 Middlewares/Third_Party/FreeRTOS/Source/portable/MemMang/heap_4.o
 .ARM.attributes
                0x00000000000003ad       0x39 Src/Common_Data.o
 .ARM.attributes
                0x00000000000003e6       0x39 Src/Initialize_System.o
 .ARM.attributes
                0x000000000000041f       0x39 Src/main.o
 .ARM.attributes
                0x0000000000000458       0x39 Src/stm32l4xx_hal_msp.o
 .ARM.attributes
                0x0000000000000491       0x39 Src/stm32l4xx_hal_timebase_tim.o
 .ARM.attributes
                0x00000000000004ca       0x39 Src/stm32l4xx_it.o
 .ARM.attributes
                0x0000000000000503       0x39 Src/system_stm32l4xx.o
 .ARM.attributes
                0x000000000000053c       0x21 Startup/startup_stm32l476rgtx.o
 .ARM.attributes
                0x000000000000055d       0x34 /Applications/STM32CubeIDE.app/Contents/Eclipse/plugins/com.st.stm32cube.ide.mcu.externaltools.gnu-tools-for-stm32.7-2018-q2-update.macos64_1.0.0.201904181610/tools/bin/../lib/gcc/arm-none-eabi/7.3.1/../../../../arm-none-eabi/lib/thumb/v7e-m/fpv4-sp/hard/libc_nano.a(lib_a-init.o)
 .ARM.attributes
                0x0000000000000591       0x34 /Applications/STM32CubeIDE.app/Contents/Eclipse/plugins/com.st.stm32cube.ide.mcu.externaltools.gnu-tools-for-stm32.7-2018-q2-update.macos64_1.0.0.201904181610/tools/bin/../lib/gcc/arm-none-eabi/7.3.1/../../../../arm-none-eabi/lib/thumb/v7e-m/fpv4-sp/hard/libc_nano.a(lib_a-memset.o)
 .ARM.attributes
                0x00000000000005c5       0x22 /Applications/STM32CubeIDE.app/Contents/Eclipse/plugins/com.st.stm32cube.ide.mcu.externaltools.gnu-tools-for-stm32.7-2018-q2-update.macos64_1.0.0.201904181610/tools/bin/../lib/gcc/arm-none-eabi/7.3.1/thumb/v7e-m/fpv4-sp/hard/crtn.o
OUTPUT(robocup3.elf elf32-littlearm)

.debug_info     0x0000000000000000    0x137d8
 .debug_info    0x0000000000000000      0xfaa Drivers/Robocup/Timer/src/Timer_InputCapture.o
 .debug_info    0x0000000000000faa     0x100e Drivers/Robocup/Timer/src/Timer_encoder.o
 .debug_info    0x0000000000001fb8      0xcee Drivers/STM32L4xx_HAL_Driver/Src/stm32l4xx_hal.o
 .debug_info    0x0000000000002ca6      0xf3c Drivers/STM32L4xx_HAL_Driver/Src/stm32l4xx_hal_cortex.o
 .debug_info    0x0000000000003be2      0x982 Drivers/STM32L4xx_HAL_Driver/Src/stm32l4xx_hal_gpio.o
 .debug_info    0x0000000000004564      0xada Drivers/STM32L4xx_HAL_Driver/Src/stm32l4xx_hal_pwr_ex.o
 .debug_info    0x000000000000503e      0xcfe Drivers/STM32L4xx_HAL_Driver/Src/stm32l4xx_hal_rcc.o
 .debug_info    0x0000000000005d3c     0x266d Drivers/STM32L4xx_HAL_Driver/Src/stm32l4xx_hal_tim.o
 .debug_info    0x00000000000083a9     0x13d8 Drivers/STM32L4xx_HAL_Driver/Src/stm32l4xx_hal_tim_ex.o
 .debug_info    0x0000000000009781      0x83b Middlewares/Robocup/WheelSpeedProvider/src/WheelSpeedProvider.o
 .debug_info    0x0000000000009fbc     0x1af3 Middlewares/Third_Party/FreeRTOS/Source/CMSIS_RTOS/cmsis_os.o
 .debug_info    0x000000000000baaf      0xac5 Middlewares/Third_Party/FreeRTOS/Source/list.o
 .debug_info    0x000000000000c574     0x227d Middlewares/Third_Party/FreeRTOS/Source/tasks.o
 .debug_info    0x000000000000e7f1      0x533 Middlewares/Third_Party/FreeRTOS/Source/portable/GCC/ARM_CM4F/port.o
 .debug_info    0x000000000000ed24      0xbea Middlewares/Third_Party/FreeRTOS/Source/portable/MemMang/heap_4.o
 .debug_info    0x000000000000f90e      0x742 Src/Common_Data.o
 .debug_info    0x0000000000010050      0x75f Src/Initialize_System.o
 .debug_info    0x00000000000107af      0xdca Src/main.o
 .debug_info    0x0000000000011579      0x6f2 Src/stm32l4xx_hal_msp.o
 .debug_info    0x0000000000011c6b      0xc8b Src/stm32l4xx_hal_timebase_tim.o
 .debug_info    0x00000000000128f6      0x7ca Src/stm32l4xx_it.o
 .debug_info    0x00000000000130c0      0x6f6 Src/system_stm32l4xx.o
 .debug_info    0x00000000000137b6       0x22 Startup/startup_stm32l476rgtx.o

.debug_abbrev   0x0000000000000000     0x2b6e
 .debug_abbrev  0x0000000000000000      0x1e7 Drivers/Robocup/Timer/src/Timer_InputCapture.o
 .debug_abbrev  0x00000000000001e7      0x1e7 Drivers/Robocup/Timer/src/Timer_encoder.o
 .debug_abbrev  0x00000000000003ce      0x1fb Drivers/STM32L4xx_HAL_Driver/Src/stm32l4xx_hal.o
 .debug_abbrev  0x00000000000005c9      0x2fa Drivers/STM32L4xx_HAL_Driver/Src/stm32l4xx_hal_cortex.o
 .debug_abbrev  0x00000000000008c3      0x1c0 Drivers/STM32L4xx_HAL_Driver/Src/stm32l4xx_hal_gpio.o
 .debug_abbrev  0x0000000000000a83      0x1cb Drivers/STM32L4xx_HAL_Driver/Src/stm32l4xx_hal_pwr_ex.o
 .debug_abbrev  0x0000000000000c4e      0x245 Drivers/STM32L4xx_HAL_Driver/Src/stm32l4xx_hal_rcc.o
 .debug_abbrev  0x0000000000000e93      0x230 Drivers/STM32L4xx_HAL_Driver/Src/stm32l4xx_hal_tim.o
 .debug_abbrev  0x00000000000010c3      0x21e Drivers/STM32L4xx_HAL_Driver/Src/stm32l4xx_hal_tim_ex.o
 .debug_abbrev  0x00000000000012e1      0x14e Middlewares/Robocup/WheelSpeedProvider/src/WheelSpeedProvider.o
 .debug_abbrev  0x000000000000142f      0x379 Middlewares/Third_Party/FreeRTOS/Source/CMSIS_RTOS/cmsis_os.o
 .debug_abbrev  0x00000000000017a8      0x1cf Middlewares/Third_Party/FreeRTOS/Source/list.o
 .debug_abbrev  0x0000000000001977      0x338 Middlewares/Third_Party/FreeRTOS/Source/tasks.o
 .debug_abbrev  0x0000000000001caf      0x210 Middlewares/Third_Party/FreeRTOS/Source/portable/GCC/ARM_CM4F/port.o
 .debug_abbrev  0x0000000000001ebf      0x29e Middlewares/Third_Party/FreeRTOS/Source/portable/MemMang/heap_4.o
 .debug_abbrev  0x000000000000215d      0x10d Src/Common_Data.o
 .debug_abbrev  0x000000000000226a      0x153 Src/Initialize_System.o
 .debug_abbrev  0x00000000000023bd      0x22a Src/main.o
 .debug_abbrev  0x00000000000025e7      0x12e Src/stm32l4xx_hal_msp.o
 .debug_abbrev  0x0000000000002715      0x19d Src/stm32l4xx_hal_timebase_tim.o
 .debug_abbrev  0x00000000000028b2      0x15a Src/stm32l4xx_it.o
 .debug_abbrev  0x0000000000002a0c      0x150 Src/system_stm32l4xx.o
 .debug_abbrev  0x0000000000002b5c       0x12 Startup/startup_stm32l476rgtx.o

.debug_aranges  0x0000000000000000     0x1100
 .debug_aranges
                0x0000000000000000       0x40 Drivers/Robocup/Timer/src/Timer_InputCapture.o
 .debug_aranges
                0x0000000000000040       0x38 Drivers/Robocup/Timer/src/Timer_encoder.o
 .debug_aranges
                0x0000000000000078      0x130 Drivers/STM32L4xx_HAL_Driver/Src/stm32l4xx_hal.o
 .debug_aranges
                0x00000000000001a8      0x118 Drivers/STM32L4xx_HAL_Driver/Src/stm32l4xx_hal_cortex.o
 .debug_aranges
                0x00000000000002c0       0x58 Drivers/STM32L4xx_HAL_Driver/Src/stm32l4xx_hal_gpio.o
 .debug_aranges
                0x0000000000000318      0x148 Drivers/STM32L4xx_HAL_Driver/Src/stm32l4xx_hal_pwr_ex.o
 .debug_aranges
                0x0000000000000460       0x88 Drivers/STM32L4xx_HAL_Driver/Src/stm32l4xx_hal_rcc.o
 .debug_aranges
                0x00000000000004e8      0x3b8 Drivers/STM32L4xx_HAL_Driver/Src/stm32l4xx_hal_tim.o
 .debug_aranges
                0x00000000000008a0      0x168 Drivers/STM32L4xx_HAL_Driver/Src/stm32l4xx_hal_tim_ex.o
 .debug_aranges
                0x0000000000000a08       0x28 Middlewares/Robocup/WheelSpeedProvider/src/WheelSpeedProvider.o
 .debug_aranges
                0x0000000000000a30      0x1d8 Middlewares/Third_Party/FreeRTOS/Source/CMSIS_RTOS/cmsis_os.o
 .debug_aranges
                0x0000000000000c08       0x40 Middlewares/Third_Party/FreeRTOS/Source/list.o
 .debug_aranges
                0x0000000000000c48      0x1a8 Middlewares/Third_Party/FreeRTOS/Source/tasks.o
 .debug_aranges
                0x0000000000000df0       0x80 Middlewares/Third_Party/FreeRTOS/Source/portable/GCC/ARM_CM4F/port.o
 .debug_aranges
                0x0000000000000e70       0x50 Middlewares/Third_Party/FreeRTOS/Source/portable/MemMang/heap_4.o
 .debug_aranges
                0x0000000000000ec0       0xd8 Src/Common_Data.o
 .debug_aranges
                0x0000000000000f98       0x20 Src/Initialize_System.o
 .debug_aranges
                0x0000000000000fb8       0x58 Src/main.o
 .debug_aranges
                0x0000000000001010       0x20 Src/stm32l4xx_hal_msp.o
 .debug_aranges
                0x0000000000001030       0x30 Src/stm32l4xx_hal_timebase_tim.o
 .debug_aranges
                0x0000000000001060       0x50 Src/stm32l4xx_it.o
 .debug_aranges
                0x00000000000010b0       0x28 Src/system_stm32l4xx.o
 .debug_aranges
                0x00000000000010d8       0x28 Startup/startup_stm32l476rgtx.o

.debug_ranges   0x0000000000000000      0xf98
 .debug_ranges  0x0000000000000000       0x30 Drivers/Robocup/Timer/src/Timer_InputCapture.o
 .debug_ranges  0x0000000000000030       0x28 Drivers/Robocup/Timer/src/Timer_encoder.o
 .debug_ranges  0x0000000000000058      0x120 Drivers/STM32L4xx_HAL_Driver/Src/stm32l4xx_hal.o
 .debug_ranges  0x0000000000000178      0x108 Drivers/STM32L4xx_HAL_Driver/Src/stm32l4xx_hal_cortex.o
 .debug_ranges  0x0000000000000280       0x48 Drivers/STM32L4xx_HAL_Driver/Src/stm32l4xx_hal_gpio.o
 .debug_ranges  0x00000000000002c8      0x138 Drivers/STM32L4xx_HAL_Driver/Src/stm32l4xx_hal_pwr_ex.o
 .debug_ranges  0x0000000000000400       0x78 Drivers/STM32L4xx_HAL_Driver/Src/stm32l4xx_hal_rcc.o
 .debug_ranges  0x0000000000000478      0x3a8 Drivers/STM32L4xx_HAL_Driver/Src/stm32l4xx_hal_tim.o
 .debug_ranges  0x0000000000000820      0x158 Drivers/STM32L4xx_HAL_Driver/Src/stm32l4xx_hal_tim_ex.o
 .debug_ranges  0x0000000000000978       0x18 Middlewares/Robocup/WheelSpeedProvider/src/WheelSpeedProvider.o
 .debug_ranges  0x0000000000000990      0x1c8 Middlewares/Third_Party/FreeRTOS/Source/CMSIS_RTOS/cmsis_os.o
 .debug_ranges  0x0000000000000b58       0x30 Middlewares/Third_Party/FreeRTOS/Source/list.o
 .debug_ranges  0x0000000000000b88      0x198 Middlewares/Third_Party/FreeRTOS/Source/tasks.o
 .debug_ranges  0x0000000000000d20       0x70 Middlewares/Third_Party/FreeRTOS/Source/portable/GCC/ARM_CM4F/port.o
 .debug_ranges  0x0000000000000d90       0x40 Middlewares/Third_Party/FreeRTOS/Source/portable/MemMang/heap_4.o
 .debug_ranges  0x0000000000000dd0       0xc8 Src/Common_Data.o
 .debug_ranges  0x0000000000000e98       0x10 Src/Initialize_System.o
 .debug_ranges  0x0000000000000ea8       0x48 Src/main.o
 .debug_ranges  0x0000000000000ef0       0x10 Src/stm32l4xx_hal_msp.o
 .debug_ranges  0x0000000000000f00       0x20 Src/stm32l4xx_hal_timebase_tim.o
 .debug_ranges  0x0000000000000f20       0x40 Src/stm32l4xx_it.o
 .debug_ranges  0x0000000000000f60       0x18 Src/system_stm32l4xx.o
 .debug_ranges  0x0000000000000f78       0x20 Startup/startup_stm32l476rgtx.o

.debug_macro    0x0000000000000000    0x27f5b
 .debug_macro   0x0000000000000000      0x21d Drivers/Robocup/Timer/src/Timer_InputCapture.o
 .debug_macro   0x000000000000021d      0xa5a Drivers/Robocup/Timer/src/Timer_InputCapture.o
 .debug_macro   0x0000000000000c77       0xba Drivers/Robocup/Timer/src/Timer_InputCapture.o
 .debug_macro   0x0000000000000d31       0x2e Drivers/Robocup/Timer/src/Timer_InputCapture.o
 .debug_macro   0x0000000000000d5f       0x28 Drivers/Robocup/Timer/src/Timer_InputCapture.o
 .debug_macro   0x0000000000000d87       0x22 Drivers/Robocup/Timer/src/Timer_InputCapture.o
 .debug_macro   0x0000000000000da9       0x8e Drivers/Robocup/Timer/src/Timer_InputCapture.o
 .debug_macro   0x0000000000000e37       0x51 Drivers/Robocup/Timer/src/Timer_InputCapture.o
 .debug_macro   0x0000000000000e88       0xef Drivers/Robocup/Timer/src/Timer_InputCapture.o
 .debug_macro   0x0000000000000f77       0x6a Drivers/Robocup/Timer/src/Timer_InputCapture.o
 .debug_macro   0x0000000000000fe1      0x1df Drivers/Robocup/Timer/src/Timer_InputCapture.o
 .debug_macro   0x00000000000011c0       0x1c Drivers/Robocup/Timer/src/Timer_InputCapture.o
 .debug_macro   0x00000000000011dc       0x22 Drivers/Robocup/Timer/src/Timer_InputCapture.o
 .debug_macro   0x00000000000011fe       0xdf Drivers/Robocup/Timer/src/Timer_InputCapture.o
 .debug_macro   0x00000000000012dd     0x102d Drivers/Robocup/Timer/src/Timer_InputCapture.o
 .debug_macro   0x000000000000230a      0x11f Drivers/Robocup/Timer/src/Timer_InputCapture.o
 .debug_macro   0x0000000000002429    0x1a11f Drivers/Robocup/Timer/src/Timer_InputCapture.o
 .debug_macro   0x000000000001c548       0x43 Drivers/Robocup/Timer/src/Timer_InputCapture.o
 .debug_macro   0x000000000001c58b     0x3820 Drivers/Robocup/Timer/src/Timer_InputCapture.o
 .debug_macro   0x000000000001fdab      0x174 Drivers/Robocup/Timer/src/Timer_InputCapture.o
 .debug_macro   0x000000000001ff1f       0x5a Drivers/Robocup/Timer/src/Timer_InputCapture.o
 .debug_macro   0x000000000001ff79     0x155f Drivers/Robocup/Timer/src/Timer_InputCapture.o
 .debug_macro   0x00000000000214d8      0x59e Drivers/Robocup/Timer/src/Timer_InputCapture.o
 .debug_macro   0x0000000000021a76      0x241 Drivers/Robocup/Timer/src/Timer_InputCapture.o
 .debug_macro   0x0000000000021cb7      0x13d Drivers/Robocup/Timer/src/Timer_InputCapture.o
 .debug_macro   0x0000000000021df4      0x18b Drivers/Robocup/Timer/src/Timer_InputCapture.o
 .debug_macro   0x0000000000021f7f      0x26b Drivers/Robocup/Timer/src/Timer_InputCapture.o
 .debug_macro   0x00000000000221ea      0x236 Drivers/Robocup/Timer/src/Timer_InputCapture.o
 .debug_macro   0x0000000000022420      0x36e Drivers/Robocup/Timer/src/Timer_InputCapture.o
 .debug_macro   0x000000000002278e       0xe4 Drivers/Robocup/Timer/src/Timer_InputCapture.o
 .debug_macro   0x0000000000022872      0x22c Drivers/Robocup/Timer/src/Timer_InputCapture.o
 .debug_macro   0x0000000000022a9e       0x5e Drivers/Robocup/Timer/src/Timer_InputCapture.o
 .debug_macro   0x0000000000022afc       0xa5 Drivers/Robocup/Timer/src/Timer_InputCapture.o
 .debug_macro   0x0000000000022ba1      0x122 Drivers/Robocup/Timer/src/Timer_InputCapture.o
 .debug_macro   0x0000000000022cc3      0x3d4 Drivers/Robocup/Timer/src/Timer_InputCapture.o
 .debug_macro   0x0000000000023097      0x9f7 Drivers/Robocup/Timer/src/Timer_InputCapture.o
 .debug_macro   0x0000000000023a8e      0x1e7 Drivers/Robocup/Timer/src/Timer_InputCapture.o
 .debug_macro   0x0000000000023c75      0x349 Drivers/Robocup/Timer/src/Timer_InputCapture.o
 .debug_macro   0x0000000000023fbe       0x10 Drivers/Robocup/Timer/src/Timer_InputCapture.o
 .debug_macro   0x0000000000023fce       0x52 Drivers/Robocup/Timer/src/Timer_InputCapture.o
 .debug_macro   0x0000000000024020       0x4c Drivers/Robocup/Timer/src/Timer_InputCapture.o
 .debug_macro   0x000000000002406c      0x276 Drivers/Robocup/Timer/src/Timer_InputCapture.o
 .debug_macro   0x00000000000242e2      0x21d Drivers/Robocup/Timer/src/Timer_encoder.o
 .debug_macro   0x00000000000244ff      0x223 Drivers/STM32L4xx_HAL_Driver/Src/stm32l4xx_hal.o
 .debug_macro   0x0000000000024722      0x1d5 Drivers/STM32L4xx_HAL_Driver/Src/stm32l4xx_hal_cortex.o
 .debug_macro   0x00000000000248f7      0x214 Drivers/STM32L4xx_HAL_Driver/Src/stm32l4xx_hal_gpio.o
 .debug_macro   0x0000000000024b0b      0x1f9 Drivers/STM32L4xx_HAL_Driver/Src/stm32l4xx_hal_pwr_ex.o
 .debug_macro   0x0000000000024d04      0x217 Drivers/STM32L4xx_HAL_Driver/Src/stm32l4xx_hal_rcc.o
 .debug_macro   0x0000000000024f1b      0x1d6 Drivers/STM32L4xx_HAL_Driver/Src/stm32l4xx_hal_tim.o
 .debug_macro   0x00000000000250f1      0x1d5 Drivers/STM32L4xx_HAL_Driver/Src/stm32l4xx_hal_tim_ex.o
 .debug_macro   0x00000000000252c6      0x235 Middlewares/Robocup/WheelSpeedProvider/src/WheelSpeedProvider.o
 .debug_macro   0x00000000000254fb       0x10 Middlewares/Robocup/WheelSpeedProvider/src/WheelSpeedProvider.o
 .debug_macro   0x000000000002550b       0x10 Middlewares/Robocup/WheelSpeedProvider/src/WheelSpeedProvider.o
 .debug_macro   0x000000000002551b      0x1f1 Middlewares/Third_Party/FreeRTOS/Source/CMSIS_RTOS/cmsis_os.o
 .debug_macro   0x000000000002570c       0x40 Middlewares/Third_Party/FreeRTOS/Source/CMSIS_RTOS/cmsis_os.o
 .debug_macro   0x000000000002574c       0x94 Middlewares/Third_Party/FreeRTOS/Source/CMSIS_RTOS/cmsis_os.o
 .debug_macro   0x00000000000257e0       0x57 Middlewares/Third_Party/FreeRTOS/Source/CMSIS_RTOS/cmsis_os.o
 .debug_macro   0x0000000000025837      0x330 Middlewares/Third_Party/FreeRTOS/Source/CMSIS_RTOS/cmsis_os.o
 .debug_macro   0x0000000000025b67       0x10 Middlewares/Third_Party/FreeRTOS/Source/CMSIS_RTOS/cmsis_os.o
 .debug_macro   0x0000000000025b77       0x35 Middlewares/Third_Party/FreeRTOS/Source/CMSIS_RTOS/cmsis_os.o
 .debug_macro   0x0000000000025bac       0x20 Middlewares/Third_Party/FreeRTOS/Source/CMSIS_RTOS/cmsis_os.o
 .debug_macro   0x0000000000025bcc       0xd6 Middlewares/Third_Party/FreeRTOS/Source/CMSIS_RTOS/cmsis_os.o
 .debug_macro   0x0000000000025ca2      0x15a Middlewares/Third_Party/FreeRTOS/Source/CMSIS_RTOS/cmsis_os.o
 .debug_macro   0x0000000000025dfc       0xd7 Middlewares/Third_Party/FreeRTOS/Source/CMSIS_RTOS/cmsis_os.o
 .debug_macro   0x0000000000025ed3       0x10 Middlewares/Third_Party/FreeRTOS/Source/CMSIS_RTOS/cmsis_os.o
 .debug_macro   0x0000000000025ee3       0x1f Middlewares/Third_Party/FreeRTOS/Source/CMSIS_RTOS/cmsis_os.o
 .debug_macro   0x0000000000025f02      0x4b7 Middlewares/Third_Party/FreeRTOS/Source/CMSIS_RTOS/cmsis_os.o
 .debug_macro   0x00000000000263b9       0xb5 Middlewares/Third_Party/FreeRTOS/Source/CMSIS_RTOS/cmsis_os.o
 .debug_macro   0x000000000002646e       0x8c Middlewares/Third_Party/FreeRTOS/Source/CMSIS_RTOS/cmsis_os.o
 .debug_macro   0x00000000000264fa       0x91 Middlewares/Third_Party/FreeRTOS/Source/CMSIS_RTOS/cmsis_os.o
 .debug_macro   0x000000000002658b       0x86 Middlewares/Third_Party/FreeRTOS/Source/CMSIS_RTOS/cmsis_os.o
 .debug_macro   0x0000000000026611       0x69 Middlewares/Third_Party/FreeRTOS/Source/CMSIS_RTOS/cmsis_os.o
 .debug_macro   0x000000000002667a       0x19 Middlewares/Third_Party/FreeRTOS/Source/CMSIS_RTOS/cmsis_os.o
 .debug_macro   0x0000000000026693       0xcf Middlewares/Third_Party/FreeRTOS/Source/CMSIS_RTOS/cmsis_os.o
 .debug_macro   0x0000000000026762       0xc7 Middlewares/Third_Party/FreeRTOS/Source/CMSIS_RTOS/cmsis_os.o
 .debug_macro   0x0000000000026829      0x17a Middlewares/Third_Party/FreeRTOS/Source/list.o
 .debug_macro   0x00000000000269a3      0x273 Middlewares/Third_Party/FreeRTOS/Source/tasks.o
 .debug_macro   0x0000000000026c16       0x10 Middlewares/Third_Party/FreeRTOS/Source/tasks.o
 .debug_macro   0x0000000000026c26      0x196 Middlewares/Third_Party/FreeRTOS/Source/portable/GCC/ARM_CM4F/port.o
 .debug_macro   0x0000000000026dbc      0x1a1 Middlewares/Third_Party/FreeRTOS/Source/portable/MemMang/heap_4.o
 .debug_macro   0x0000000000026f5d      0x204 Src/Common_Data.o
 .debug_macro   0x0000000000027161      0x240 Src/Initialize_System.o
 .debug_macro   0x00000000000273a1      0x304 Src/main.o
 .debug_macro   0x00000000000276a5       0xd6 Src/main.o
 .debug_macro   0x000000000002777b      0x1df Src/stm32l4xx_hal_msp.o
 .debug_macro   0x000000000002795a      0x1d5 Src/stm32l4xx_hal_timebase_tim.o
 .debug_macro   0x0000000000027b2f      0x251 Src/stm32l4xx_it.o
 .debug_macro   0x0000000000027d80      0x1db Src/system_stm32l4xx.o

.debug_line     0x0000000000000000     0xe787
 .debug_line    0x0000000000000000      0x95c Drivers/Robocup/Timer/src/Timer_InputCapture.o
 .debug_line    0x000000000000095c      0x8fa Drivers/Robocup/Timer/src/Timer_encoder.o
 .debug_line    0x0000000000001256      0x9a4 Drivers/STM32L4xx_HAL_Driver/Src/stm32l4xx_hal.o
 .debug_line    0x0000000000001bfa      0xa2e Drivers/STM32L4xx_HAL_Driver/Src/stm32l4xx_hal_cortex.o
 .debug_line    0x0000000000002628      0x8c3 Drivers/STM32L4xx_HAL_Driver/Src/stm32l4xx_hal_gpio.o
 .debug_line    0x0000000000002eeb      0xaa1 Drivers/STM32L4xx_HAL_Driver/Src/stm32l4xx_hal_pwr_ex.o
 .debug_line    0x000000000000398c      0xa0a Drivers/STM32L4xx_HAL_Driver/Src/stm32l4xx_hal_rcc.o
 .debug_line    0x0000000000004396     0x1ba0 Drivers/STM32L4xx_HAL_Driver/Src/stm32l4xx_hal_tim.o
 .debug_line    0x0000000000005f36      0xdf1 Drivers/STM32L4xx_HAL_Driver/Src/stm32l4xx_hal_tim_ex.o
 .debug_line    0x0000000000006d27      0x9a3 Middlewares/Robocup/WheelSpeedProvider/src/WheelSpeedProvider.o
 .debug_line    0x00000000000076ca      0xcf8 Middlewares/Third_Party/FreeRTOS/Source/CMSIS_RTOS/cmsis_os.o
 .debug_line    0x00000000000083c2      0x6a3 Middlewares/Third_Party/FreeRTOS/Source/list.o
 .debug_line    0x0000000000008a65     0x1199 Middlewares/Third_Party/FreeRTOS/Source/tasks.o
 .debug_line    0x0000000000009bfe      0x6ce Middlewares/Third_Party/FreeRTOS/Source/portable/GCC/ARM_CM4F/port.o
 .debug_line    0x000000000000a2cc      0x789 Middlewares/Third_Party/FreeRTOS/Source/portable/MemMang/heap_4.o
 .debug_line    0x000000000000aa55      0x991 Src/Common_Data.o
 .debug_line    0x000000000000b3e6      0x972 Src/Initialize_System.o
 .debug_line    0x000000000000bd58      0xbca Src/main.o
 .debug_line    0x000000000000c922      0x701 Src/stm32l4xx_hal_msp.o
 .debug_line    0x000000000000d023      0x734 Src/stm32l4xx_hal_timebase_tim.o
 .debug_line    0x000000000000d757      0x885 Src/stm32l4xx_it.o
 .debug_line    0x000000000000dfdc      0x72b Src/system_stm32l4xx.o
 .debug_line    0x000000000000e707       0x80 Startup/startup_stm32l476rgtx.o

.debug_str      0x0000000000000000    0xf4bb1
 .debug_str     0x0000000000000000    0xe673a Drivers/Robocup/Timer/src/Timer_InputCapture.o
                                      0xe6bbe (size before relaxing)
 .debug_str     0x00000000000e673a      0x1ae Drivers/Robocup/Timer/src/Timer_encoder.o
                                      0xe6b9a (size before relaxing)
 .debug_str     0x00000000000e68e8      0x626 Drivers/STM32L4xx_HAL_Driver/Src/stm32l4xx_hal.o
                                      0xe5eb6 (size before relaxing)
 .debug_str     0x00000000000e6f0e      0x3d3 Drivers/STM32L4xx_HAL_Driver/Src/stm32l4xx_hal_cortex.o
                                      0xe5bc6 (size before relaxing)
 .debug_str     0x00000000000e72e1      0x251 Drivers/STM32L4xx_HAL_Driver/Src/stm32l4xx_hal_gpio.o
                                      0xe55f2 (size before relaxing)
 .debug_str     0x00000000000e7532      0x482 Drivers/STM32L4xx_HAL_Driver/Src/stm32l4xx_hal_pwr_ex.o
                                      0xe5861 (size before relaxing)
 .debug_str     0x00000000000e79b4      0x4b6 Drivers/STM32L4xx_HAL_Driver/Src/stm32l4xx_hal_rcc.o
                                      0xe5935 (size before relaxing)
 .debug_str     0x00000000000e7e6a      0xcc3 Drivers/STM32L4xx_HAL_Driver/Src/stm32l4xx_hal_tim.o
                                      0xe63ed (size before relaxing)
 .debug_str     0x00000000000e8b2d      0x5b0 Drivers/STM32L4xx_HAL_Driver/Src/stm32l4xx_hal_tim_ex.o
                                      0xe5d0e (size before relaxing)
 .debug_str     0x00000000000e90dd      0x754 Middlewares/Robocup/WheelSpeedProvider/src/WheelSpeedProvider.o
                                      0xe6c22 (size before relaxing)
 .debug_str     0x00000000000e9831     0x8d84 Middlewares/Third_Party/FreeRTOS/Source/CMSIS_RTOS/cmsis_os.o
                                       0xd65d (size before relaxing)
 .debug_str     0x00000000000f25b5      0x234 Middlewares/Third_Party/FreeRTOS/Source/list.o
                                       0xa4e6 (size before relaxing)
 .debug_str     0x00000000000f27e9     0x12b4 Middlewares/Third_Party/FreeRTOS/Source/tasks.o
                                       0xc5e9 (size before relaxing)
 .debug_str     0x00000000000f3a9d      0x803 Middlewares/Third_Party/FreeRTOS/Source/portable/GCC/ARM_CM4F/port.o
                                       0x81df (size before relaxing)
 .debug_str     0x00000000000f42a0      0x25a Middlewares/Third_Party/FreeRTOS/Source/portable/MemMang/heap_4.o
                                       0xac09 (size before relaxing)
 .debug_str     0x00000000000f44fa      0x369 Src/Common_Data.o
                                      0xe5833 (size before relaxing)
 .debug_str     0x00000000000f4863       0x4b Src/Initialize_System.o
                                      0xe692f (size before relaxing)
 .debug_str     0x00000000000f48ae      0x17a Src/main.o
                                      0xec4f9 (size before relaxing)
 .debug_str     0x00000000000f4a28       0x1b Src/stm32l4xx_hal_msp.o
                                      0xe57b9 (size before relaxing)
 .debug_str     0x00000000000f4a43       0x50 Src/stm32l4xx_hal_timebase_tim.o
                                      0xe5c6e (size before relaxing)
 .debug_str     0x00000000000f4a93       0x9d Src/stm32l4xx_it.o
                                      0xe8fbe (size before relaxing)
 .debug_str     0x00000000000f4b30       0x50 Src/system_stm32l4xx.o
                                      0xe536e (size before relaxing)
 .debug_str     0x00000000000f4b80       0x31 Startup/startup_stm32l476rgtx.o
                                         0x6c (size before relaxing)

.comment        0x0000000000000000       0x7b
 .comment       0x0000000000000000       0x7b Drivers/Robocup/Timer/src/Timer_InputCapture.o
                                         0x7c (size before relaxing)
 .comment       0x000000000000007b       0x7c Drivers/Robocup/Timer/src/Timer_encoder.o
 .comment       0x000000000000007b       0x7c Drivers/STM32L4xx_HAL_Driver/Src/stm32l4xx_hal.o
 .comment       0x000000000000007b       0x7c Drivers/STM32L4xx_HAL_Driver/Src/stm32l4xx_hal_cortex.o
 .comment       0x000000000000007b       0x7c Drivers/STM32L4xx_HAL_Driver/Src/stm32l4xx_hal_gpio.o
 .comment       0x000000000000007b       0x7c Drivers/STM32L4xx_HAL_Driver/Src/stm32l4xx_hal_pwr_ex.o
 .comment       0x000000000000007b       0x7c Drivers/STM32L4xx_HAL_Driver/Src/stm32l4xx_hal_rcc.o
 .comment       0x000000000000007b       0x7c Drivers/STM32L4xx_HAL_Driver/Src/stm32l4xx_hal_tim.o
 .comment       0x000000000000007b       0x7c Drivers/STM32L4xx_HAL_Driver/Src/stm32l4xx_hal_tim_ex.o
 .comment       0x000000000000007b       0x7c Middlewares/Robocup/WheelSpeedProvider/src/WheelSpeedProvider.o
 .comment       0x000000000000007b       0x7c Middlewares/Third_Party/FreeRTOS/Source/CMSIS_RTOS/cmsis_os.o
 .comment       0x000000000000007b       0x7c Middlewares/Third_Party/FreeRTOS/Source/list.o
 .comment       0x000000000000007b       0x7c Middlewares/Third_Party/FreeRTOS/Source/tasks.o
 .comment       0x000000000000007b       0x7c Middlewares/Third_Party/FreeRTOS/Source/portable/GCC/ARM_CM4F/port.o
 .comment       0x000000000000007b       0x7c Middlewares/Third_Party/FreeRTOS/Source/portable/MemMang/heap_4.o
 .comment       0x000000000000007b       0x7c Src/Common_Data.o
 .comment       0x000000000000007b       0x7c Src/Initialize_System.o
 .comment       0x000000000000007b       0x7c Src/main.o
 .comment       0x000000000000007b       0x7c Src/stm32l4xx_hal_msp.o
 .comment       0x000000000000007b       0x7c Src/stm32l4xx_hal_timebase_tim.o
 .comment       0x000000000000007b       0x7c Src/stm32l4xx_it.o
 .comment       0x000000000000007b       0x7c Src/system_stm32l4xx.o

.debug_frame    0x0000000000000000     0x44e0
 .debug_frame   0x0000000000000000       0xd4 Drivers/Robocup/Timer/src/Timer_InputCapture.o
 .debug_frame   0x00000000000000d4       0xb8 Drivers/Robocup/Timer/src/Timer_encoder.o
 .debug_frame   0x000000000000018c      0x498 Drivers/STM32L4xx_HAL_Driver/Src/stm32l4xx_hal.o
 .debug_frame   0x0000000000000624      0x498 Drivers/STM32L4xx_HAL_Driver/Src/stm32l4xx_hal_cortex.o
 .debug_frame   0x0000000000000abc      0x14c Drivers/STM32L4xx_HAL_Driver/Src/stm32l4xx_hal_gpio.o
 .debug_frame   0x0000000000000c08      0x524 Drivers/STM32L4xx_HAL_Driver/Src/stm32l4xx_hal_pwr_ex.o
 .debug_frame   0x000000000000112c      0x1f4 Drivers/STM32L4xx_HAL_Driver/Src/stm32l4xx_hal_rcc.o
 .debug_frame   0x0000000000001320     0x1148 Drivers/STM32L4xx_HAL_Driver/Src/stm32l4xx_hal_tim.o
 .debug_frame   0x0000000000002468      0x638 Drivers/STM32L4xx_HAL_Driver/Src/stm32l4xx_hal_tim_ex.o
 .debug_frame   0x0000000000002aa0       0x5c Middlewares/Robocup/WheelSpeedProvider/src/WheelSpeedProvider.o
 .debug_frame   0x0000000000002afc      0x804 Middlewares/Third_Party/FreeRTOS/Source/CMSIS_RTOS/cmsis_os.o
 .debug_frame   0x0000000000003300       0xd8 Middlewares/Third_Party/FreeRTOS/Source/list.o
 .debug_frame   0x00000000000033d8      0x728 Middlewares/Third_Party/FreeRTOS/Source/tasks.o
 .debug_frame   0x0000000000003b00      0x1a8 Middlewares/Third_Party/FreeRTOS/Source/portable/GCC/ARM_CM4F/port.o
 .debug_frame   0x0000000000003ca8      0x108 Middlewares/Third_Party/FreeRTOS/Source/portable/MemMang/heap_4.o
 .debug_frame   0x0000000000003db0      0x3d0 Src/Common_Data.o
 .debug_frame   0x0000000000004180       0x2c Src/Initialize_System.o
 .debug_frame   0x00000000000041ac      0x11c Src/main.o
 .debug_frame   0x00000000000042c8       0x34 Src/stm32l4xx_hal_msp.o
 .debug_frame   0x00000000000042fc       0x74 Src/stm32l4xx_hal_timebase_tim.o
 .debug_frame   0x0000000000004370       0xcc Src/stm32l4xx_it.o
 .debug_frame   0x000000000000443c       0x58 Src/system_stm32l4xx.o
 .debug_frame   0x0000000000004494       0x2c /Applications/STM32CubeIDE.app/Contents/Eclipse/plugins/com.st.stm32cube.ide.mcu.externaltools.gnu-tools-for-stm32.7-2018-q2-update.macos64_1.0.0.201904181610/tools/bin/../lib/gcc/arm-none-eabi/7.3.1/../../../../arm-none-eabi/lib/thumb/v7e-m/fpv4-sp/hard/libc_nano.a(lib_a-init.o)
 .debug_frame   0x00000000000044c0       0x20 /Applications/STM32CubeIDE.app/Contents/Eclipse/plugins/com.st.stm32cube.ide.mcu.externaltools.gnu-tools-for-stm32.7-2018-q2-update.macos64_1.0.0.201904181610/tools/bin/../lib/gcc/arm-none-eabi/7.3.1/../../../../arm-none-eabi/lib/thumb/v7e-m/fpv4-sp/hard/libc_nano.a(lib_a-memset.o)
