Archive member included to satisfy reference by file (symbol)

/Applications/STM32CubeIDE.app/Contents/Eclipse/plugins/com.st.stm32cube.ide.mcu.externaltools.gnu-tools-for-stm32.7-2018-q2-update.macos64_1.0.0.201904181610/tools/bin/../lib/gcc/arm-none-eabi/7.3.1/../../../../arm-none-eabi/lib/thumb/v7e-m/fpv4-sp/hard/libc_nano.a(lib_a-errno.o)
                              Src/syscalls.o (__errno)
/Applications/STM32CubeIDE.app/Contents/Eclipse/plugins/com.st.stm32cube.ide.mcu.externaltools.gnu-tools-for-stm32.7-2018-q2-update.macos64_1.0.0.201904181610/tools/bin/../lib/gcc/arm-none-eabi/7.3.1/../../../../arm-none-eabi/lib/thumb/v7e-m/fpv4-sp/hard/libc_nano.a(lib_a-exit.o)
                              /Applications/STM32CubeIDE.app/Contents/Eclipse/plugins/com.st.stm32cube.ide.mcu.externaltools.gnu-tools-for-stm32.7-2018-q2-update.macos64_1.0.0.201904181610/tools/bin/../lib/gcc/arm-none-eabi/7.3.1/../../../../arm-none-eabi/lib/thumb/v7e-m/fpv4-sp/hard/crt0.o (exit)
/Applications/STM32CubeIDE.app/Contents/Eclipse/plugins/com.st.stm32cube.ide.mcu.externaltools.gnu-tools-for-stm32.7-2018-q2-update.macos64_1.0.0.201904181610/tools/bin/../lib/gcc/arm-none-eabi/7.3.1/../../../../arm-none-eabi/lib/thumb/v7e-m/fpv4-sp/hard/libc_nano.a(lib_a-impure.o)
                              /Applications/STM32CubeIDE.app/Contents/Eclipse/plugins/com.st.stm32cube.ide.mcu.externaltools.gnu-tools-for-stm32.7-2018-q2-update.macos64_1.0.0.201904181610/tools/bin/../lib/gcc/arm-none-eabi/7.3.1/../../../../arm-none-eabi/lib/thumb/v7e-m/fpv4-sp/hard/libc_nano.a(lib_a-exit.o) (_global_impure_ptr)
/Applications/STM32CubeIDE.app/Contents/Eclipse/plugins/com.st.stm32cube.ide.mcu.externaltools.gnu-tools-for-stm32.7-2018-q2-update.macos64_1.0.0.201904181610/tools/bin/../lib/gcc/arm-none-eabi/7.3.1/../../../../arm-none-eabi/lib/thumb/v7e-m/fpv4-sp/hard/libc_nano.a(lib_a-init.o)
                              /Applications/STM32CubeIDE.app/Contents/Eclipse/plugins/com.st.stm32cube.ide.mcu.externaltools.gnu-tools-for-stm32.7-2018-q2-update.macos64_1.0.0.201904181610/tools/bin/../lib/gcc/arm-none-eabi/7.3.1/../../../../arm-none-eabi/lib/thumb/v7e-m/fpv4-sp/hard/crt0.o (__libc_init_array)
/Applications/STM32CubeIDE.app/Contents/Eclipse/plugins/com.st.stm32cube.ide.mcu.externaltools.gnu-tools-for-stm32.7-2018-q2-update.macos64_1.0.0.201904181610/tools/bin/../lib/gcc/arm-none-eabi/7.3.1/../../../../arm-none-eabi/lib/thumb/v7e-m/fpv4-sp/hard/libc_nano.a(lib_a-memset.o)
                              /Applications/STM32CubeIDE.app/Contents/Eclipse/plugins/com.st.stm32cube.ide.mcu.externaltools.gnu-tools-for-stm32.7-2018-q2-update.macos64_1.0.0.201904181610/tools/bin/../lib/gcc/arm-none-eabi/7.3.1/../../../../arm-none-eabi/lib/thumb/v7e-m/fpv4-sp/hard/crt0.o (memset)

Allocating common symbols
Common symbol       size              file

RemoteControl_CH2_Min
                    0x4               Src/Common_Data.o
Timer_IC_Channel1_Raw_data
                    0x4               Src/Common_Data.o
Timer_IC_Channel3_Raw_data
                    0x4               Src/Common_Data.o
RemoteControl_CH2_Max
                    0x4               Src/Common_Data.o
Timer_IC_Channel2_Raw_data
                    0x4               Src/Common_Data.o
RemoteControl_CH3_Min
                    0x4               Src/Common_Data.o
RemoteControl_CH1_Min
                    0x4               Src/Common_Data.o
RemoteControl_CH1_Max
                    0x4               Src/Common_Data.o
uwTick              0x4               Drivers/STM32L4xx_HAL_Driver/Src/stm32l4xx_hal.o
TIM_IC_1_Value_1    0x4               Drivers/Robocup/Timer/src/Timer_InputCapture.o
TIM_IC_3_Value_1    0x4               Drivers/Robocup/Timer/src/Timer_InputCapture.o
WheelSpeedCalculation_Calculated_WheelSpeeds
                    0x10              Src/Common_Data.o
htim1               0x40              Src/Initialize_System.o
TIM_IC_1_CaptureIndex
                    0x4               Drivers/Robocup/Timer/src/Timer_InputCapture.o
RemoteControl_Provided_Robot_Speed
                    0xc               Src/Common_Data.o
RemoteControl_CH3_Max
                    0x4               Src/Common_Data.o
Button_Pressed      0x1               Src/Common_Data.o
TIM_IC_2_CaptureIndex
                    0x4               Drivers/Robocup/Timer/src/Timer_InputCapture.o
TIM_handler         0x40              Drivers/Robocup/Timer/src/Timer_InputCapture.o
TIM_IC_2_Value_1    0x4               Drivers/Robocup/Timer/src/Timer_InputCapture.o
TIM_IC_3_CaptureIndex
                    0x4               Drivers/Robocup/Timer/src/Timer_InputCapture.o
config              0x10              Middlewares/Robocup/RemoteControl/src/RemoteControl.o

Discarded input sections

[...]
Memory Configuration

Name             Origin             Length             Attributes
RAM              0x0000000020000000 0x0000000000018000 xrw
RAM2             0x0000000010000000 0x0000000000008000 xrw
FLASH            0x0000000008000000 0x0000000000100000 xr
*default*        0x0000000000000000 0xffffffffffffffff

Linker script and memory map

LOAD /Applications/STM32CubeIDE.app/Contents/Eclipse/plugins/com.st.stm32cube.ide.mcu.externaltools.gnu-tools-for-stm32.7-2018-q2-update.macos64_1.0.0.201904181610/tools/bin/../lib/gcc/arm-none-eabi/7.3.1/thumb/v7e-m/fpv4-sp/hard/crti.o
LOAD /Applications/STM32CubeIDE.app/Contents/Eclipse/plugins/com.st.stm32cube.ide.mcu.externaltools.gnu-tools-for-stm32.7-2018-q2-update.macos64_1.0.0.201904181610/tools/bin/../lib/gcc/arm-none-eabi/7.3.1/thumb/v7e-m/fpv4-sp/hard/crtbegin.o
LOAD /Applications/STM32CubeIDE.app/Contents/Eclipse/plugins/com.st.stm32cube.ide.mcu.externaltools.gnu-tools-for-stm32.7-2018-q2-update.macos64_1.0.0.201904181610/tools/bin/../lib/gcc/arm-none-eabi/7.3.1/../../../../arm-none-eabi/lib/thumb/v7e-m/fpv4-sp/hard/crt0.o
LOAD Drivers/Robocup/Timer/src/Timer_InputCapture.o
LOAD Drivers/Robocup/Timer/src/Timer_PWM.o
LOAD Drivers/STM32L4xx_HAL_Driver/Src/stm32l4xx_hal.o
LOAD Drivers/STM32L4xx_HAL_Driver/Src/stm32l4xx_hal_cortex.o
LOAD Drivers/STM32L4xx_HAL_Driver/Src/stm32l4xx_hal_dma.o
LOAD Drivers/STM32L4xx_HAL_Driver/Src/stm32l4xx_hal_dma_ex.o
LOAD Drivers/STM32L4xx_HAL_Driver/Src/stm32l4xx_hal_exti.o
LOAD Drivers/STM32L4xx_HAL_Driver/Src/stm32l4xx_hal_flash.o
LOAD Drivers/STM32L4xx_HAL_Driver/Src/stm32l4xx_hal_flash_ex.o
LOAD Drivers/STM32L4xx_HAL_Driver/Src/stm32l4xx_hal_flash_ramfunc.o
LOAD Drivers/STM32L4xx_HAL_Driver/Src/stm32l4xx_hal_gpio.o
LOAD Drivers/STM32L4xx_HAL_Driver/Src/stm32l4xx_hal_i2c.o
LOAD Drivers/STM32L4xx_HAL_Driver/Src/stm32l4xx_hal_i2c_ex.o
LOAD Drivers/STM32L4xx_HAL_Driver/Src/stm32l4xx_hal_pwr.o
LOAD Drivers/STM32L4xx_HAL_Driver/Src/stm32l4xx_hal_pwr_ex.o
LOAD Drivers/STM32L4xx_HAL_Driver/Src/stm32l4xx_hal_rcc.o
LOAD Drivers/STM32L4xx_HAL_Driver/Src/stm32l4xx_hal_rcc_ex.o
LOAD Drivers/STM32L4xx_HAL_Driver/Src/stm32l4xx_hal_tim.o
LOAD Drivers/STM32L4xx_HAL_Driver/Src/stm32l4xx_hal_tim_ex.o
LOAD Middlewares/Robocup/MotorController/src/MotorController.o
LOAD Middlewares/Robocup/RemoteControl/src/RemoteControl.o
LOAD Middlewares/Robocup/WheelSpeedCalculation/src/WheelSpeedCalculation.o
LOAD Src/Common_Data.o
LOAD Src/Initialize_System.o
LOAD Src/main.o
LOAD Src/stm32l4xx_hal_msp.o
LOAD Src/stm32l4xx_it.o
LOAD Src/syscalls.o
LOAD Src/sysmem.o
LOAD Src/system_stm32l4xx.o
LOAD Startup/startup_stm32l476rgtx.o
START GROUP
LOAD /Applications/STM32CubeIDE.app/Contents/Eclipse/plugins/com.st.stm32cube.ide.mcu.externaltools.gnu-tools-for-stm32.7-2018-q2-update.macos64_1.0.0.201904181610/tools/bin/../lib/gcc/arm-none-eabi/7.3.1/../../../../arm-none-eabi/lib/thumb/v7e-m/fpv4-sp/hard/libc_nano.a
LOAD /Applications/STM32CubeIDE.app/Contents/Eclipse/plugins/com.st.stm32cube.ide.mcu.externaltools.gnu-tools-for-stm32.7-2018-q2-update.macos64_1.0.0.201904181610/tools/bin/../lib/gcc/arm-none-eabi/7.3.1/../../../../arm-none-eabi/lib/thumb/v7e-m/fpv4-sp/hard/libm.a
END GROUP
START GROUP
LOAD /Applications/STM32CubeIDE.app/Contents/Eclipse/plugins/com.st.stm32cube.ide.mcu.externaltools.gnu-tools-for-stm32.7-2018-q2-update.macos64_1.0.0.201904181610/tools/bin/../lib/gcc/arm-none-eabi/7.3.1/thumb/v7e-m/fpv4-sp/hard/libgcc.a
LOAD /Applications/STM32CubeIDE.app/Contents/Eclipse/plugins/com.st.stm32cube.ide.mcu.externaltools.gnu-tools-for-stm32.7-2018-q2-update.macos64_1.0.0.201904181610/tools/bin/../lib/gcc/arm-none-eabi/7.3.1/../../../../arm-none-eabi/lib/thumb/v7e-m/fpv4-sp/hard/libc_nano.a
END GROUP
START GROUP
LOAD /Applications/STM32CubeIDE.app/Contents/Eclipse/plugins/com.st.stm32cube.ide.mcu.externaltools.gnu-tools-for-stm32.7-2018-q2-update.macos64_1.0.0.201904181610/tools/bin/../lib/gcc/arm-none-eabi/7.3.1/thumb/v7e-m/fpv4-sp/hard/libgcc.a
LOAD /Applications/STM32CubeIDE.app/Contents/Eclipse/plugins/com.st.stm32cube.ide.mcu.externaltools.gnu-tools-for-stm32.7-2018-q2-update.macos64_1.0.0.201904181610/tools/bin/../lib/gcc/arm-none-eabi/7.3.1/../../../../arm-none-eabi/lib/thumb/v7e-m/fpv4-sp/hard/libc_nano.a
LOAD /Applications/STM32CubeIDE.app/Contents/Eclipse/plugins/com.st.stm32cube.ide.mcu.externaltools.gnu-tools-for-stm32.7-2018-q2-update.macos64_1.0.0.201904181610/tools/bin/../lib/gcc/arm-none-eabi/7.3.1/../../../../arm-none-eabi/lib/thumb/v7e-m/fpv4-sp/hard/libnosys.a
END GROUP
START GROUP
LOAD /Applications/STM32CubeIDE.app/Contents/Eclipse/plugins/com.st.stm32cube.ide.mcu.externaltools.gnu-tools-for-stm32.7-2018-q2-update.macos64_1.0.0.201904181610/tools/bin/../lib/gcc/arm-none-eabi/7.3.1/thumb/v7e-m/fpv4-sp/hard/libgcc.a
LOAD /Applications/STM32CubeIDE.app/Contents/Eclipse/plugins/com.st.stm32cube.ide.mcu.externaltools.gnu-tools-for-stm32.7-2018-q2-update.macos64_1.0.0.201904181610/tools/bin/../lib/gcc/arm-none-eabi/7.3.1/../../../../arm-none-eabi/lib/thumb/v7e-m/fpv4-sp/hard/libc_nano.a
LOAD /Applications/STM32CubeIDE.app/Contents/Eclipse/plugins/com.st.stm32cube.ide.mcu.externaltools.gnu-tools-for-stm32.7-2018-q2-update.macos64_1.0.0.201904181610/tools/bin/../lib/gcc/arm-none-eabi/7.3.1/../../../../arm-none-eabi/lib/thumb/v7e-m/fpv4-sp/hard/libnosys.a
END GROUP
LOAD /Applications/STM32CubeIDE.app/Contents/Eclipse/plugins/com.st.stm32cube.ide.mcu.externaltools.gnu-tools-for-stm32.7-2018-q2-update.macos64_1.0.0.201904181610/tools/bin/../lib/gcc/arm-none-eabi/7.3.1/thumb/v7e-m/fpv4-sp/hard/crtend.o
LOAD /Applications/STM32CubeIDE.app/Contents/Eclipse/plugins/com.st.stm32cube.ide.mcu.externaltools.gnu-tools-for-stm32.7-2018-q2-update.macos64_1.0.0.201904181610/tools/bin/../lib/gcc/arm-none-eabi/7.3.1/thumb/v7e-m/fpv4-sp/hard/crtn.o
                0x0000000020018000                _estack = 0x20018000
                0x0000000000000200                _Min_Heap_Size = 0x200
                0x0000000000000400                _Min_Stack_Size = 0x400

.isr_vector     0x0000000008000000      0x188
                0x0000000008000000                . = ALIGN (0x4)
 *(.isr_vector)
 .isr_vector    0x0000000008000000      0x188 Startup/startup_stm32l476rgtx.o
                0x0000000008000000                g_pfnVectors
                0x0000000008000188                . = ALIGN (0x4)

.text           0x0000000008000188     0x2f40
                0x0000000008000188                . = ALIGN (0x4)
 *(.text)
 .text          0x0000000008000188       0x40 /Applications/STM32CubeIDE.app/Contents/Eclipse/plugins/com.st.stm32cube.ide.mcu.externaltools.gnu-tools-for-stm32.7-2018-q2-update.macos64_1.0.0.201904181610/tools/bin/../lib/gcc/arm-none-eabi/7.3.1/thumb/v7e-m/fpv4-sp/hard/crtbegin.o
 *(.text*)
 .text.HAL_TIM_IC_CaptureCallback
                0x00000000080001c8      0x1cc Drivers/Robocup/Timer/src/Timer_InputCapture.o
                0x00000000080001c8                HAL_TIM_IC_CaptureCallback
 .text.TIMx_PWM_Init
                0x0000000008000394      0x1ac Drivers/Robocup/Timer/src/Timer_PWM.o
                0x0000000008000394                TIMx_PWM_Init
 .text.TIMx_PWM_Start
                0x0000000008000540       0x3e Drivers/Robocup/Timer/src/Timer_PWM.o
                0x0000000008000540                TIMx_PWM_Start
 *fill*         0x000000000800057e        0x2 
 .text.Change_PWM_Pulse
                0x0000000008000580       0xc0 Drivers/Robocup/Timer/src/Timer_PWM.o
                0x0000000008000580                Change_PWM_Pulse
 .text.HAL_TIM_PWM_MspInit
                0x0000000008000640       0x8c Drivers/Robocup/Timer/src/Timer_PWM.o
                0x0000000008000640                HAL_TIM_PWM_MspInit
 .text.HAL_Init
                0x00000000080006cc       0x40 Drivers/STM32L4xx_HAL_Driver/Src/stm32l4xx_hal.o
                0x00000000080006cc                HAL_Init
 .text.HAL_InitTick
                0x000000000800070c       0x74 Drivers/STM32L4xx_HAL_Driver/Src/stm32l4xx_hal.o
                0x000000000800070c                HAL_InitTick
 .text.HAL_GetTick
                0x0000000008000780       0x18 Drivers/STM32L4xx_HAL_Driver/Src/stm32l4xx_hal.o
                0x0000000008000780                HAL_GetTick
 .text.__NVIC_SetPriorityGrouping
                0x0000000008000798       0x48 Drivers/STM32L4xx_HAL_Driver/Src/stm32l4xx_hal_cortex.o
 .text.__NVIC_GetPriorityGrouping
                0x00000000080007e0       0x1c Drivers/STM32L4xx_HAL_Driver/Src/stm32l4xx_hal_cortex.o
 .text.__NVIC_EnableIRQ
                0x00000000080007fc       0x3c Drivers/STM32L4xx_HAL_Driver/Src/stm32l4xx_hal_cortex.o
 .text.__NVIC_SetPriority
                0x0000000008000838       0x54 Drivers/STM32L4xx_HAL_Driver/Src/stm32l4xx_hal_cortex.o
 .text.NVIC_EncodePriority
                0x000000000800088c       0x66 Drivers/STM32L4xx_HAL_Driver/Src/stm32l4xx_hal_cortex.o
 *fill*         0x00000000080008f2        0x2 
 .text.SysTick_Config
                0x00000000080008f4       0x44 Drivers/STM32L4xx_HAL_Driver/Src/stm32l4xx_hal_cortex.o
 .text.HAL_NVIC_SetPriorityGrouping
                0x0000000008000938       0x16 Drivers/STM32L4xx_HAL_Driver/Src/stm32l4xx_hal_cortex.o
                0x0000000008000938                HAL_NVIC_SetPriorityGrouping
 .text.HAL_NVIC_SetPriority
                0x000000000800094e       0x38 Drivers/STM32L4xx_HAL_Driver/Src/stm32l4xx_hal_cortex.o
                0x000000000800094e                HAL_NVIC_SetPriority
 .text.HAL_NVIC_EnableIRQ
                0x0000000008000986       0x1c Drivers/STM32L4xx_HAL_Driver/Src/stm32l4xx_hal_cortex.o
                0x0000000008000986                HAL_NVIC_EnableIRQ
 .text.HAL_SYSTICK_Config
                0x00000000080009a2       0x18 Drivers/STM32L4xx_HAL_Driver/Src/stm32l4xx_hal_cortex.o
                0x00000000080009a2                HAL_SYSTICK_Config
 *fill*         0x00000000080009ba        0x2 
 .text.HAL_GPIO_Init
                0x00000000080009bc      0x350 Drivers/STM32L4xx_HAL_Driver/Src/stm32l4xx_hal_gpio.o
                0x00000000080009bc                HAL_GPIO_Init
 .text.HAL_GPIO_WritePin
                0x0000000008000d0c       0x30 Drivers/STM32L4xx_HAL_Driver/Src/stm32l4xx_hal_gpio.o
                0x0000000008000d0c                HAL_GPIO_WritePin
 .text.HAL_GPIO_EXTI_IRQHandler
                0x0000000008000d3c       0x30 Drivers/STM32L4xx_HAL_Driver/Src/stm32l4xx_hal_gpio.o
                0x0000000008000d3c                HAL_GPIO_EXTI_IRQHandler
 .text.HAL_PWREx_GetVoltageRange
                0x0000000008000d6c       0x1c Drivers/STM32L4xx_HAL_Driver/Src/stm32l4xx_hal_pwr_ex.o
                0x0000000008000d6c                HAL_PWREx_GetVoltageRange
 .text.HAL_PWREx_ControlVoltageScaling
                0x0000000008000d88       0xac Drivers/STM32L4xx_HAL_Driver/Src/stm32l4xx_hal_pwr_ex.o
                0x0000000008000d88                HAL_PWREx_ControlVoltageScaling
 .text.HAL_RCC_OscConfig
                0x0000000008000e34      0x760 Drivers/STM32L4xx_HAL_Driver/Src/stm32l4xx_hal_rcc.o
                0x0000000008000e34                HAL_RCC_OscConfig
 .text.HAL_RCC_ClockConfig
                0x0000000008001594      0x1c4 Drivers/STM32L4xx_HAL_Driver/Src/stm32l4xx_hal_rcc.o
                0x0000000008001594                HAL_RCC_ClockConfig
 .text.HAL_RCC_GetSysClockFreq
                0x0000000008001758      0x114 Drivers/STM32L4xx_HAL_Driver/Src/stm32l4xx_hal_rcc.o
                0x0000000008001758                HAL_RCC_GetSysClockFreq
 .text.RCC_SetFlashLatencyFromMSIRange
                0x000000000800186c       0xc0 Drivers/STM32L4xx_HAL_Driver/Src/stm32l4xx_hal_rcc.o
 .text.HAL_TIM_PWM_Init
                0x000000000800192c       0x56 Drivers/STM32L4xx_HAL_Driver/Src/stm32l4xx_hal_tim.o
                0x000000000800192c                HAL_TIM_PWM_Init
 *fill*         0x0000000008001982        0x2 
 .text.HAL_TIM_PWM_Start
                0x0000000008001984       0xb0 Drivers/STM32L4xx_HAL_Driver/Src/stm32l4xx_hal_tim.o
                0x0000000008001984                HAL_TIM_PWM_Start
 .text.HAL_TIM_IRQHandler
                0x0000000008001a34      0x23e Drivers/STM32L4xx_HAL_Driver/Src/stm32l4xx_hal_tim.o
                0x0000000008001a34                HAL_TIM_IRQHandler
 *fill*         0x0000000008001c72        0x2 
 .text.HAL_TIM_PWM_ConfigChannel
                0x0000000008001c74      0x230 Drivers/STM32L4xx_HAL_Driver/Src/stm32l4xx_hal_tim.o
                0x0000000008001c74                HAL_TIM_PWM_ConfigChannel
 .text.HAL_TIM_ReadCapturedValue
                0x0000000008001ea4       0x88 Drivers/STM32L4xx_HAL_Driver/Src/stm32l4xx_hal_tim.o
                0x0000000008001ea4                HAL_TIM_ReadCapturedValue
 .text.HAL_TIM_PeriodElapsedCallback
                0x0000000008001f2c       0x14 Drivers/STM32L4xx_HAL_Driver/Src/stm32l4xx_hal_tim.o
                0x0000000008001f2c                HAL_TIM_PeriodElapsedCallback
 .text.HAL_TIM_OC_DelayElapsedCallback
                0x0000000008001f40       0x14 Drivers/STM32L4xx_HAL_Driver/Src/stm32l4xx_hal_tim.o
                0x0000000008001f40                HAL_TIM_OC_DelayElapsedCallback
 .text.HAL_TIM_PWM_PulseFinishedCallback
                0x0000000008001f54       0x14 Drivers/STM32L4xx_HAL_Driver/Src/stm32l4xx_hal_tim.o
                0x0000000008001f54                HAL_TIM_PWM_PulseFinishedCallback
 .text.HAL_TIM_TriggerCallback
                0x0000000008001f68       0x14 Drivers/STM32L4xx_HAL_Driver/Src/stm32l4xx_hal_tim.o
                0x0000000008001f68                HAL_TIM_TriggerCallback
 .text.TIM_Base_SetConfig
                0x0000000008001f7c      0x134 Drivers/STM32L4xx_HAL_Driver/Src/stm32l4xx_hal_tim.o
                0x0000000008001f7c                TIM_Base_SetConfig
 .text.TIM_OC1_SetConfig
                0x00000000080020b0      0x120 Drivers/STM32L4xx_HAL_Driver/Src/stm32l4xx_hal_tim.o
 .text.TIM_OC2_SetConfig
                0x00000000080021d0      0x114 Drivers/STM32L4xx_HAL_Driver/Src/stm32l4xx_hal_tim.o
                0x00000000080021d0                TIM_OC2_SetConfig
 .text.TIM_OC3_SetConfig
                0x00000000080022e4      0x110 Drivers/STM32L4xx_HAL_Driver/Src/stm32l4xx_hal_tim.o
 .text.TIM_OC4_SetConfig
                0x00000000080023f4       0xd4 Drivers/STM32L4xx_HAL_Driver/Src/stm32l4xx_hal_tim.o
 .text.TIM_OC5_SetConfig
                0x00000000080024c8       0xc8 Drivers/STM32L4xx_HAL_Driver/Src/stm32l4xx_hal_tim.o
 .text.TIM_OC6_SetConfig
                0x0000000008002590       0xcc Drivers/STM32L4xx_HAL_Driver/Src/stm32l4xx_hal_tim.o
 .text.TIM_CCxChannelCmd
                0x000000000800265c       0x4a Drivers/STM32L4xx_HAL_Driver/Src/stm32l4xx_hal_tim.o
                0x000000000800265c                TIM_CCxChannelCmd
 *fill*         0x00000000080026a6        0x2 
 .text.HAL_TIMEx_MasterConfigSynchronization
                0x00000000080026a8       0xb8 Drivers/STM32L4xx_HAL_Driver/Src/stm32l4xx_hal_tim_ex.o
                0x00000000080026a8                HAL_TIMEx_MasterConfigSynchronization
 .text.HAL_TIMEx_CommutCallback
                0x0000000008002760       0x14 Drivers/STM32L4xx_HAL_Driver/Src/stm32l4xx_hal_tim_ex.o
                0x0000000008002760                HAL_TIMEx_CommutCallback
 .text.HAL_TIMEx_BreakCallback
                0x0000000008002774       0x14 Drivers/STM32L4xx_HAL_Driver/Src/stm32l4xx_hal_tim_ex.o
                0x0000000008002774                HAL_TIMEx_BreakCallback
 .text.HAL_TIMEx_Break2Callback
                0x0000000008002788       0x14 Drivers/STM32L4xx_HAL_Driver/Src/stm32l4xx_hal_tim_ex.o
                0x0000000008002788                HAL_TIMEx_Break2Callback
 .text.Motor_Init
                0x000000000800279c       0xc4 Middlewares/Robocup/MotorController/src/MotorController.o
                0x000000000800279c                Motor_Init
 .text.Motor_Start
                0x0000000008002860       0x74 Middlewares/Robocup/MotorController/src/MotorController.o
                0x0000000008002860                Motor_Start
 .text.Motorx_Set_Speed
                0x00000000080028d4      0x26c Middlewares/Robocup/MotorController/src/MotorController.o
                0x00000000080028d4                Motorx_Set_Speed
 .text.Write_IC_Channel1_Raw_data
                0x0000000008002b40       0x20 Src/Common_Data.o
                0x0000000008002b40                Write_IC_Channel1_Raw_data
 .text.Write_IC_Channel2_Raw_data
                0x0000000008002b60       0x20 Src/Common_Data.o
                0x0000000008002b60                Write_IC_Channel2_Raw_data
 .text.Write_IC_Channel3_Raw_data
                0x0000000008002b80       0x20 Src/Common_Data.o
                0x0000000008002b80                Write_IC_Channel3_Raw_data
 .text.Write_Button_Pressed
                0x0000000008002ba0       0x20 Src/Common_Data.o
                0x0000000008002ba0                Write_Button_Pressed
 .text.Read_Calculated_Wheel_Speeds
                0x0000000008002bc0       0x24 Src/Common_Data.o
                0x0000000008002bc0                Read_Calculated_Wheel_Speeds
 .text.Write_Calculated_Wheel_Speeds
                0x0000000008002be4       0x24 Src/Common_Data.o
                0x0000000008002be4                Write_Calculated_Wheel_Speeds
 .text.Init_System_Startup
                0x0000000008002c08       0x20 Src/Initialize_System.o
                0x0000000008002c08                Init_System_Startup
 .text.main     0x0000000008002c28       0xd4 Src/main.o
                0x0000000008002c28                main
 .text.SystemClock_Config
                0x0000000008002cfc       0xa2 Src/main.o
                0x0000000008002cfc                SystemClock_Config
 *fill*         0x0000000008002d9e        0x2 
 .text.MX_GPIO_Init
                0x0000000008002da0       0xd8 Src/main.o
 .text.HAL_GPIO_EXTI_Callback
                0x0000000008002e78       0x40 Src/main.o
                0x0000000008002e78                HAL_GPIO_EXTI_Callback
 .text.SysTick_Handler
                0x0000000008002eb8       0x1c Src/main.o
                0x0000000008002eb8                SysTick_Handler
 .text.Error_Handler
                0x0000000008002ed4        0x6 Src/main.o
                0x0000000008002ed4                Error_Handler
 *fill*         0x0000000008002eda        0x2 
 .text.HAL_MspInit
                0x0000000008002edc       0x48 Src/stm32l4xx_hal_msp.o
                0x0000000008002edc                HAL_MspInit
 .text.NMI_Handler
                0x0000000008002f24        0xe Src/stm32l4xx_it.o
                0x0000000008002f24                NMI_Handler
 .text.HardFault_Handler
                0x0000000008002f32        0x6 Src/stm32l4xx_it.o
                0x0000000008002f32                HardFault_Handler
 .text.MemManage_Handler
                0x0000000008002f38        0x6 Src/stm32l4xx_it.o
                0x0000000008002f38                MemManage_Handler
 .text.BusFault_Handler
                0x0000000008002f3e        0x6 Src/stm32l4xx_it.o
                0x0000000008002f3e                BusFault_Handler
 .text.UsageFault_Handler
                0x0000000008002f44        0x6 Src/stm32l4xx_it.o
                0x0000000008002f44                UsageFault_Handler
 .text.SVC_Handler
                0x0000000008002f4a        0xe Src/stm32l4xx_it.o
                0x0000000008002f4a                SVC_Handler
 .text.DebugMon_Handler
                0x0000000008002f58        0xe Src/stm32l4xx_it.o
                0x0000000008002f58                DebugMon_Handler
 .text.PendSV_Handler
                0x0000000008002f66        0xe Src/stm32l4xx_it.o
                0x0000000008002f66                PendSV_Handler
 .text.TIM1_CC_IRQHandler
                0x0000000008002f74       0x14 Src/stm32l4xx_it.o
                0x0000000008002f74                TIM1_CC_IRQHandler
 .text.EXTI15_10_IRQHandler
                0x0000000008002f88       0x10 Src/stm32l4xx_it.o
                0x0000000008002f88                EXTI15_10_IRQHandler
 .text.SystemInit
                0x0000000008002f98       0x6c Src/system_stm32l4xx.o
                0x0000000008002f98                SystemInit
 .text.Reset_Handler
                0x0000000008003004       0x50 Startup/startup_stm32l476rgtx.o
                0x0000000008003004                Reset_Handler
 .text.Default_Handler
                0x0000000008003054        0x2 Startup/startup_stm32l476rgtx.o
                0x0000000008003054                TIM1_BRK_TIM15_IRQHandler
                0x0000000008003054                EXTI2_IRQHandler
                0x0000000008003054                TIM8_TRG_COM_IRQHandler
                0x0000000008003054                TIM8_CC_IRQHandler
                0x0000000008003054                TSC_IRQHandler
                0x0000000008003054                TAMP_STAMP_IRQHandler
                0x0000000008003054                EXTI3_IRQHandler
                0x0000000008003054                LPTIM2_IRQHandler
                0x0000000008003054                DFSDM1_FLT1_IRQHandler
                0x0000000008003054                I2C3_ER_IRQHandler
                0x0000000008003054                DFSDM1_FLT2_IRQHandler
                0x0000000008003054                EXTI0_IRQHandler
                0x0000000008003054                I2C2_EV_IRQHandler
                0x0000000008003054                CAN1_RX0_IRQHandler
                0x0000000008003054                FPU_IRQHandler
                0x0000000008003054                TIM1_UP_TIM16_IRQHandler
                0x0000000008003054                ADC1_2_IRQHandler
                0x0000000008003054                SPI1_IRQHandler
                0x0000000008003054                TIM6_DAC_IRQHandler
                0x0000000008003054                TIM8_UP_IRQHandler
                0x0000000008003054                DMA2_Channel2_IRQHandler
                0x0000000008003054                DMA1_Channel4_IRQHandler
                0x0000000008003054                SAI2_IRQHandler
                0x0000000008003054                DFSDM1_FLT3_IRQHandler
                0x0000000008003054                USART3_IRQHandler
                0x0000000008003054                DMA1_Channel7_IRQHandler
                0x0000000008003054                CAN1_RX1_IRQHandler
                0x0000000008003054                LCD_IRQHandler
                0x0000000008003054                UART5_IRQHandler
                0x0000000008003054                ADC3_IRQHandler
                0x0000000008003054                TIM4_IRQHandler
                0x0000000008003054                DMA2_Channel1_IRQHandler
                0x0000000008003054                QUADSPI_IRQHandler
                0x0000000008003054                I2C1_EV_IRQHandler
                0x0000000008003054                DMA1_Channel6_IRQHandler
                0x0000000008003054                UART4_IRQHandler
                0x0000000008003054                DMA2_Channel4_IRQHandler
                0x0000000008003054                TIM3_IRQHandler
                0x0000000008003054                RCC_IRQHandler
                0x0000000008003054                DMA1_Channel1_IRQHandler
                0x0000000008003054                Default_Handler
                0x0000000008003054                DMA2_Channel7_IRQHandler
                0x0000000008003054                TIM7_IRQHandler
                0x0000000008003054                SDMMC1_IRQHandler
                0x0000000008003054                TIM5_IRQHandler
                0x0000000008003054                I2C3_EV_IRQHandler
                0x0000000008003054                EXTI9_5_IRQHandler
                0x0000000008003054                RTC_WKUP_IRQHandler
                0x0000000008003054                PVD_PVM_IRQHandler
                0x0000000008003054                SPI2_IRQHandler
                0x0000000008003054                CAN1_TX_IRQHandler
                0x0000000008003054                DMA2_Channel5_IRQHandler
                0x0000000008003054                DMA1_Channel5_IRQHandler
                0x0000000008003054                EXTI4_IRQHandler
                0x0000000008003054                RNG_IRQHandler
                0x0000000008003054                TIM1_TRG_COM_TIM17_IRQHandler
                0x0000000008003054                DMA1_Channel3_IRQHandler
                0x0000000008003054                COMP_IRQHandler
                0x0000000008003054                WWDG_IRQHandler
                0x0000000008003054                LPUART1_IRQHandler
                0x0000000008003054                DMA2_Channel6_IRQHandler
                0x0000000008003054                TIM2_IRQHandler
                0x0000000008003054                EXTI1_IRQHandler
                0x0000000008003054                USART2_IRQHandler
                0x0000000008003054                DFSDM1_FLT0_IRQHandler
                0x0000000008003054                I2C2_ER_IRQHandler
                0x0000000008003054                DMA1_Channel2_IRQHandler
                0x0000000008003054                TIM8_BRK_IRQHandler
                0x0000000008003054                CAN1_SCE_IRQHandler
                0x0000000008003054                FLASH_IRQHandler
                0x0000000008003054                USART1_IRQHandler
                0x0000000008003054                OTG_FS_IRQHandler
                0x0000000008003054                SPI3_IRQHandler
                0x0000000008003054                I2C1_ER_IRQHandler
                0x0000000008003054                FMC_IRQHandler
                0x0000000008003054                SWPMI1_IRQHandler
                0x0000000008003054                LPTIM1_IRQHandler
                0x0000000008003054                SAI1_IRQHandler
                0x0000000008003054                DMA2_Channel3_IRQHandler
                0x0000000008003054                RTC_Alarm_IRQHandler
 *fill*         0x0000000008003056        0x2 
 .text.__libc_init_array
                0x0000000008003058       0x48 /Applications/STM32CubeIDE.app/Contents/Eclipse/plugins/com.st.stm32cube.ide.mcu.externaltools.gnu-tools-for-stm32.7-2018-q2-update.macos64_1.0.0.201904181610/tools/bin/../lib/gcc/arm-none-eabi/7.3.1/../../../../arm-none-eabi/lib/thumb/v7e-m/fpv4-sp/hard/libc_nano.a(lib_a-init.o)
                0x0000000008003058                __libc_init_array
 .text.memset   0x00000000080030a0       0x10 /Applications/STM32CubeIDE.app/Contents/Eclipse/plugins/com.st.stm32cube.ide.mcu.externaltools.gnu-tools-for-stm32.7-2018-q2-update.macos64_1.0.0.201904181610/tools/bin/../lib/gcc/arm-none-eabi/7.3.1/../../../../arm-none-eabi/lib/thumb/v7e-m/fpv4-sp/hard/libc_nano.a(lib_a-memset.o)
                0x00000000080030a0                memset
 *(.glue_7)
 .glue_7        0x00000000080030b0        0x0 linker stubs
 *(.glue_7t)
 .glue_7t       0x00000000080030b0        0x0 linker stubs
 *(.eh_frame)
 .eh_frame      0x00000000080030b0        0x0 /Applications/STM32CubeIDE.app/Contents/Eclipse/plugins/com.st.stm32cube.ide.mcu.externaltools.gnu-tools-for-stm32.7-2018-q2-update.macos64_1.0.0.201904181610/tools/bin/../lib/gcc/arm-none-eabi/7.3.1/thumb/v7e-m/fpv4-sp/hard/crtbegin.o
 *(.init)
 .init          0x00000000080030b0        0x4 /Applications/STM32CubeIDE.app/Contents/Eclipse/plugins/com.st.stm32cube.ide.mcu.externaltools.gnu-tools-for-stm32.7-2018-q2-update.macos64_1.0.0.201904181610/tools/bin/../lib/gcc/arm-none-eabi/7.3.1/thumb/v7e-m/fpv4-sp/hard/crti.o
                0x00000000080030b0                _init
 .init          0x00000000080030b4        0x8 /Applications/STM32CubeIDE.app/Contents/Eclipse/plugins/com.st.stm32cube.ide.mcu.externaltools.gnu-tools-for-stm32.7-2018-q2-update.macos64_1.0.0.201904181610/tools/bin/../lib/gcc/arm-none-eabi/7.3.1/thumb/v7e-m/fpv4-sp/hard/crtn.o
 *(.fini)
 .fini          0x00000000080030bc        0x4 /Applications/STM32CubeIDE.app/Contents/Eclipse/plugins/com.st.stm32cube.ide.mcu.externaltools.gnu-tools-for-stm32.7-2018-q2-update.macos64_1.0.0.201904181610/tools/bin/../lib/gcc/arm-none-eabi/7.3.1/thumb/v7e-m/fpv4-sp/hard/crti.o
                0x00000000080030bc                _fini
 .fini          0x00000000080030c0        0x8 /Applications/STM32CubeIDE.app/Contents/Eclipse/plugins/com.st.stm32cube.ide.mcu.externaltools.gnu-tools-for-stm32.7-2018-q2-update.macos64_1.0.0.201904181610/tools/bin/../lib/gcc/arm-none-eabi/7.3.1/thumb/v7e-m/fpv4-sp/hard/crtn.o
                0x00000000080030c8                . = ALIGN (0x4)
                0x00000000080030c8                _etext = .

.vfp11_veneer   0x00000000080030c8        0x0
 .vfp11_veneer  0x00000000080030c8        0x0 linker stubs

.v4_bx          0x00000000080030c8        0x0
 .v4_bx         0x00000000080030c8        0x0 linker stubs

.iplt           0x00000000080030c8        0x0
 .iplt          0x00000000080030c8        0x0 /Applications/STM32CubeIDE.app/Contents/Eclipse/plugins/com.st.stm32cube.ide.mcu.externaltools.gnu-tools-for-stm32.7-2018-q2-update.macos64_1.0.0.201904181610/tools/bin/../lib/gcc/arm-none-eabi/7.3.1/thumb/v7e-m/fpv4-sp/hard/crtbegin.o

.rodata         0x00000000080030c8       0x40
                0x00000000080030c8                . = ALIGN (0x4)
 *(.rodata)
 *(.rodata*)
 .rodata.AHBPrescTable
                0x00000000080030c8       0x10 Src/system_stm32l4xx.o
                0x00000000080030c8                AHBPrescTable
 .rodata.MSIRangeTable
                0x00000000080030d8       0x30 Src/system_stm32l4xx.o
                0x00000000080030d8                MSIRangeTable
                0x0000000008003108                . = ALIGN (0x4)

.rel.dyn        0x0000000008003108        0x0
 .rel.iplt      0x0000000008003108        0x0 /Applications/STM32CubeIDE.app/Contents/Eclipse/plugins/com.st.stm32cube.ide.mcu.externaltools.gnu-tools-for-stm32.7-2018-q2-update.macos64_1.0.0.201904181610/tools/bin/../lib/gcc/arm-none-eabi/7.3.1/thumb/v7e-m/fpv4-sp/hard/crtbegin.o

.ARM.extab      0x0000000008003108        0x0
                0x0000000008003108                . = ALIGN (0x4)
 *(.ARM.extab* .gnu.linkonce.armextab.*)
                0x0000000008003108                . = ALIGN (0x4)

.ARM            0x0000000008003108        0x0
                0x0000000008003108                . = ALIGN (0x4)
                0x0000000008003108                __exidx_start = .
 *(.ARM.exidx*)
                0x0000000008003108                __exidx_end = .
                0x0000000008003108                . = ALIGN (0x4)

.preinit_array  0x0000000008003108        0x0
                0x0000000008003108                . = ALIGN (0x4)
                0x0000000008003108                PROVIDE (__preinit_array_start = .)
 *(.preinit_array*)
                0x0000000008003108                PROVIDE (__preinit_array_end = .)
                0x0000000008003108                . = ALIGN (0x4)

.init_array     0x0000000008003108        0x4
                0x0000000008003108                . = ALIGN (0x4)
                0x0000000008003108                PROVIDE (__init_array_start = .)
 *(SORT_BY_NAME(.init_array.*))
 *(.init_array*)
 .init_array    0x0000000008003108        0x4 /Applications/STM32CubeIDE.app/Contents/Eclipse/plugins/com.st.stm32cube.ide.mcu.externaltools.gnu-tools-for-stm32.7-2018-q2-update.macos64_1.0.0.201904181610/tools/bin/../lib/gcc/arm-none-eabi/7.3.1/thumb/v7e-m/fpv4-sp/hard/crtbegin.o
                0x000000000800310c                PROVIDE (__init_array_end = .)
                0x000000000800310c                . = ALIGN (0x4)

.fini_array     0x000000000800310c        0x4
                0x000000000800310c                . = ALIGN (0x4)
                [!provide]                        PROVIDE (__fini_array_start = .)
 *(SORT_BY_NAME(.fini_array.*))
 *(.fini_array*)
 .fini_array    0x000000000800310c        0x4 /Applications/STM32CubeIDE.app/Contents/Eclipse/plugins/com.st.stm32cube.ide.mcu.externaltools.gnu-tools-for-stm32.7-2018-q2-update.macos64_1.0.0.201904181610/tools/bin/../lib/gcc/arm-none-eabi/7.3.1/thumb/v7e-m/fpv4-sp/hard/crtbegin.o
                [!provide]                        PROVIDE (__fini_array_end = .)
                0x0000000008003110                . = ALIGN (0x4)
                0x0000000008003110                _sidata = LOADADDR (.data)

.data           0x0000000020000000        0xc load address 0x0000000008003110
                0x0000000020000000                . = ALIGN (0x4)
                0x0000000020000000                _sdata = .
 *(.data)
 *(.data*)
 .data.uwTickPrio
                0x0000000020000000        0x4 Drivers/STM32L4xx_HAL_Driver/Src/stm32l4xx_hal.o
                0x0000000020000000                uwTickPrio
 .data.uwTickFreq
                0x0000000020000004        0x4 Drivers/STM32L4xx_HAL_Driver/Src/stm32l4xx_hal.o
                0x0000000020000004                uwTickFreq
 .data.SystemCoreClock
                0x0000000020000008        0x4 Src/system_stm32l4xx.o
                0x0000000020000008                SystemCoreClock
                0x000000002000000c                . = ALIGN (0x4)
                0x000000002000000c                _edata = .

.igot.plt       0x000000002000000c        0x0 load address 0x000000000800311c
 .igot.plt      0x000000002000000c        0x0 /Applications/STM32CubeIDE.app/Contents/Eclipse/plugins/com.st.stm32cube.ide.mcu.externaltools.gnu-tools-for-stm32.7-2018-q2-update.macos64_1.0.0.201904181610/tools/bin/../lib/gcc/arm-none-eabi/7.3.1/thumb/v7e-m/fpv4-sp/hard/crtbegin.o
                0x000000002000000c                . = ALIGN (0x4)

.bss            0x000000002000000c      0x12c load address 0x000000000800311c
                0x000000002000000c                _sbss = .
                0x000000002000000c                __bss_start__ = _sbss
 *(.bss)
 .bss           0x000000002000000c       0x1c /Applications/STM32CubeIDE.app/Contents/Eclipse/plugins/com.st.stm32cube.ide.mcu.externaltools.gnu-tools-for-stm32.7-2018-q2-update.macos64_1.0.0.201904181610/tools/bin/../lib/gcc/arm-none-eabi/7.3.1/thumb/v7e-m/fpv4-sp/hard/crtbegin.o
 *(.bss*)
 .bss.sys_count
                0x0000000020000028        0x4 Src/main.o
                0x0000000020000028                sys_count
 .bss.get_sys_count
                0x000000002000002c        0x4 Src/main.o
                0x000000002000002c                get_sys_count
 .bss.GPIO_InitStruct.8539
                0x0000000020000030       0x14 Src/main.o
 .bss.GPIO_InitStruct2.8540
                0x0000000020000044       0x14 Src/main.o
 *(COMMON)
 COMMON         0x0000000020000058       0x58 Drivers/Robocup/Timer/src/Timer_InputCapture.o
                0x0000000020000058                TIM_IC_1_Value_1
                0x000000002000005c                TIM_IC_3_Value_1
                0x0000000020000060                TIM_IC_1_CaptureIndex
                0x0000000020000064                TIM_IC_2_CaptureIndex
                0x0000000020000068                TIM_handler
                0x00000000200000a8                TIM_IC_2_Value_1
                0x00000000200000ac                TIM_IC_3_CaptureIndex
 COMMON         0x00000000200000b0        0x4 Drivers/STM32L4xx_HAL_Driver/Src/stm32l4xx_hal.o
                0x00000000200000b0                uwTick
 COMMON         0x00000000200000b4       0x41 Src/Common_Data.o
                0x00000000200000b4                RemoteControl_CH2_Min
                0x00000000200000b8                Timer_IC_Channel1_Raw_data
                0x00000000200000bc                Timer_IC_Channel3_Raw_data
                0x00000000200000c0                RemoteControl_CH2_Max
                0x00000000200000c4                Timer_IC_Channel2_Raw_data
                0x00000000200000c8                RemoteControl_CH3_Min
                0x00000000200000cc                RemoteControl_CH1_Min
                0x00000000200000d0                RemoteControl_CH1_Max
                0x00000000200000d4                WheelSpeedCalculation_Calculated_WheelSpeeds
                0x00000000200000e4                RemoteControl_Provided_Robot_Speed
                0x00000000200000f0                RemoteControl_CH3_Max
                0x00000000200000f4                Button_Pressed
 *fill*         0x00000000200000f5        0x3 
 COMMON         0x00000000200000f8       0x40 Src/Initialize_System.o
                0x00000000200000f8                htim1
                0x0000000020000138                . = ALIGN (0x4)
                0x0000000020000138                _ebss = .
                0x0000000020000138                __bss_end__ = _ebss

._user_heap_stack
                0x0000000020000138      0x600 load address 0x000000000800311c
                0x0000000020000138                . = ALIGN (0x8)
                0x0000000020000138                PROVIDE (end = .)
                [!provide]                        PROVIDE (_end = .)
                0x0000000020000338                . = (. + _Min_Heap_Size)
 *fill*         0x0000000020000138      0x200 
                0x0000000020000738                . = (. + _Min_Stack_Size)
 *fill*         0x0000000020000338      0x400 
                0x0000000020000738                . = ALIGN (0x8)

/DISCARD/
 libc.a(*)
 libm.a(*)
 libgcc.a(*)

.ARM.attributes
                0x0000000000000000       0x30
 *(.ARM.attributes)
 .ARM.attributes
                0x0000000000000000       0x22 /Applications/STM32CubeIDE.app/Contents/Eclipse/plugins/com.st.stm32cube.ide.mcu.externaltools.gnu-tools-for-stm32.7-2018-q2-update.macos64_1.0.0.201904181610/tools/bin/../lib/gcc/arm-none-eabi/7.3.1/thumb/v7e-m/fpv4-sp/hard/crti.o
 .ARM.attributes
                0x0000000000000022       0x34 /Applications/STM32CubeIDE.app/Contents/Eclipse/plugins/com.st.stm32cube.ide.mcu.externaltools.gnu-tools-for-stm32.7-2018-q2-update.macos64_1.0.0.201904181610/tools/bin/../lib/gcc/arm-none-eabi/7.3.1/thumb/v7e-m/fpv4-sp/hard/crtbegin.o
 .ARM.attributes
                0x0000000000000056       0x39 Drivers/Robocup/Timer/src/Timer_InputCapture.o
 .ARM.attributes
                0x000000000000008f       0x39 Drivers/Robocup/Timer/src/Timer_PWM.o
 .ARM.attributes
                0x00000000000000c8       0x39 Drivers/STM32L4xx_HAL_Driver/Src/stm32l4xx_hal.o
 .ARM.attributes
                0x0000000000000101       0x39 Drivers/STM32L4xx_HAL_Driver/Src/stm32l4xx_hal_cortex.o
 .ARM.attributes
                0x000000000000013a       0x39 Drivers/STM32L4xx_HAL_Driver/Src/stm32l4xx_hal_gpio.o
 .ARM.attributes
                0x0000000000000173       0x39 Drivers/STM32L4xx_HAL_Driver/Src/stm32l4xx_hal_pwr_ex.o
 .ARM.attributes
                0x00000000000001ac       0x39 Drivers/STM32L4xx_HAL_Driver/Src/stm32l4xx_hal_rcc.o
 .ARM.attributes
                0x00000000000001e5       0x39 Drivers/STM32L4xx_HAL_Driver/Src/stm32l4xx_hal_tim.o
 .ARM.attributes
                0x000000000000021e       0x39 Drivers/STM32L4xx_HAL_Driver/Src/stm32l4xx_hal_tim_ex.o
 .ARM.attributes
                0x0000000000000257       0x39 Middlewares/Robocup/MotorController/src/MotorController.o
 .ARM.attributes
                0x0000000000000290       0x39 Src/Common_Data.o
 .ARM.attributes
                0x00000000000002c9       0x39 Src/Initialize_System.o
 .ARM.attributes
                0x0000000000000302       0x39 Src/main.o
 .ARM.attributes
                0x000000000000033b       0x39 Src/stm32l4xx_hal_msp.o
 .ARM.attributes
                0x0000000000000374       0x39 Src/stm32l4xx_it.o
 .ARM.attributes
                0x00000000000003ad       0x39 Src/system_stm32l4xx.o
 .ARM.attributes
                0x00000000000003e6       0x21 Startup/startup_stm32l476rgtx.o
 .ARM.attributes
                0x0000000000000407       0x34 /Applications/STM32CubeIDE.app/Contents/Eclipse/plugins/com.st.stm32cube.ide.mcu.externaltools.gnu-tools-for-stm32.7-2018-q2-update.macos64_1.0.0.201904181610/tools/bin/../lib/gcc/arm-none-eabi/7.3.1/../../../../arm-none-eabi/lib/thumb/v7e-m/fpv4-sp/hard/libc_nano.a(lib_a-init.o)
 .ARM.attributes
                0x000000000000043b       0x34 /Applications/STM32CubeIDE.app/Contents/Eclipse/plugins/com.st.stm32cube.ide.mcu.externaltools.gnu-tools-for-stm32.7-2018-q2-update.macos64_1.0.0.201904181610/tools/bin/../lib/gcc/arm-none-eabi/7.3.1/../../../../arm-none-eabi/lib/thumb/v7e-m/fpv4-sp/hard/libc_nano.a(lib_a-memset.o)
 .ARM.attributes
                0x000000000000046f       0x22 /Applications/STM32CubeIDE.app/Contents/Eclipse/plugins/com.st.stm32cube.ide.mcu.externaltools.gnu-tools-for-stm32.7-2018-q2-update.macos64_1.0.0.201904181610/tools/bin/../lib/gcc/arm-none-eabi/7.3.1/thumb/v7e-m/fpv4-sp/hard/crtn.o
OUTPUT(robocup.elf elf32-littlearm)

.debug_info     0x0000000000000000     0xd0e0
 .debug_info    0x0000000000000000      0xfaa Drivers/Robocup/Timer/src/Timer_InputCapture.o
 .debug_info    0x0000000000000faa      0xdd7 Drivers/Robocup/Timer/src/Timer_PWM.o
 .debug_info    0x0000000000001d81      0xcee Drivers/STM32L4xx_HAL_Driver/Src/stm32l4xx_hal.o
 .debug_info    0x0000000000002a6f      0xf3c Drivers/STM32L4xx_HAL_Driver/Src/stm32l4xx_hal_cortex.o
 .debug_info    0x00000000000039ab      0x982 Drivers/STM32L4xx_HAL_Driver/Src/stm32l4xx_hal_gpio.o
 .debug_info    0x000000000000432d      0xada Drivers/STM32L4xx_HAL_Driver/Src/stm32l4xx_hal_pwr_ex.o
 .debug_info    0x0000000000004e07      0xcfe Drivers/STM32L4xx_HAL_Driver/Src/stm32l4xx_hal_rcc.o
 .debug_info    0x0000000000005b05     0x266d Drivers/STM32L4xx_HAL_Driver/Src/stm32l4xx_hal_tim.o
 .debug_info    0x0000000000008172     0x13d8 Drivers/STM32L4xx_HAL_Driver/Src/stm32l4xx_hal_tim_ex.o
 .debug_info    0x000000000000954a      0x60f Middlewares/Robocup/MotorController/src/MotorController.o
 .debug_info    0x0000000000009b59      0x742 Src/Common_Data.o
 .debug_info    0x000000000000a29b      0x75f Src/Initialize_System.o
 .debug_info    0x000000000000a9fa      0xb23 Src/main.o
 .debug_info    0x000000000000b51d      0xca3 Src/stm32l4xx_hal_msp.o
 .debug_info    0x000000000000c1c0      0x808 Src/stm32l4xx_it.o
 .debug_info    0x000000000000c9c8      0x6f6 Src/system_stm32l4xx.o
 .debug_info    0x000000000000d0be       0x22 Startup/startup_stm32l476rgtx.o

.debug_abbrev   0x0000000000000000     0x1c57
 .debug_abbrev  0x0000000000000000      0x1e7 Drivers/Robocup/Timer/src/Timer_InputCapture.o
 .debug_abbrev  0x00000000000001e7      0x1cd Drivers/Robocup/Timer/src/Timer_PWM.o
 .debug_abbrev  0x00000000000003b4      0x1fb Drivers/STM32L4xx_HAL_Driver/Src/stm32l4xx_hal.o
 .debug_abbrev  0x00000000000005af      0x2fa Drivers/STM32L4xx_HAL_Driver/Src/stm32l4xx_hal_cortex.o
 .debug_abbrev  0x00000000000008a9      0x1c0 Drivers/STM32L4xx_HAL_Driver/Src/stm32l4xx_hal_gpio.o
 .debug_abbrev  0x0000000000000a69      0x1cb Drivers/STM32L4xx_HAL_Driver/Src/stm32l4xx_hal_pwr_ex.o
 .debug_abbrev  0x0000000000000c34      0x245 Drivers/STM32L4xx_HAL_Driver/Src/stm32l4xx_hal_rcc.o
 .debug_abbrev  0x0000000000000e79      0x230 Drivers/STM32L4xx_HAL_Driver/Src/stm32l4xx_hal_tim.o
 .debug_abbrev  0x00000000000010a9      0x21e Drivers/STM32L4xx_HAL_Driver/Src/stm32l4xx_hal_tim_ex.o
 .debug_abbrev  0x00000000000012c7      0x134 Middlewares/Robocup/MotorController/src/MotorController.o
 .debug_abbrev  0x00000000000013fb      0x10d Src/Common_Data.o
 .debug_abbrev  0x0000000000001508      0x153 Src/Initialize_System.o
 .debug_abbrev  0x000000000000165b      0x1a9 Src/main.o
 .debug_abbrev  0x0000000000001804      0x197 Src/stm32l4xx_hal_msp.o
 .debug_abbrev  0x000000000000199b      0x15a Src/stm32l4xx_it.o
 .debug_abbrev  0x0000000000001af5      0x150 Src/system_stm32l4xx.o
 .debug_abbrev  0x0000000000001c45       0x12 Startup/startup_stm32l476rgtx.o

.debug_aranges  0x0000000000000000      0xc68
 .debug_aranges
                0x0000000000000000       0x40 Drivers/Robocup/Timer/src/Timer_InputCapture.o
 .debug_aranges
                0x0000000000000040       0x40 Drivers/Robocup/Timer/src/Timer_PWM.o
 .debug_aranges
                0x0000000000000080      0x130 Drivers/STM32L4xx_HAL_Driver/Src/stm32l4xx_hal.o
 .debug_aranges
                0x00000000000001b0      0x118 Drivers/STM32L4xx_HAL_Driver/Src/stm32l4xx_hal_cortex.o
 .debug_aranges
                0x00000000000002c8       0x58 Drivers/STM32L4xx_HAL_Driver/Src/stm32l4xx_hal_gpio.o
 .debug_aranges
                0x0000000000000320      0x148 Drivers/STM32L4xx_HAL_Driver/Src/stm32l4xx_hal_pwr_ex.o
 .debug_aranges
                0x0000000000000468       0x88 Drivers/STM32L4xx_HAL_Driver/Src/stm32l4xx_hal_rcc.o
 .debug_aranges
                0x00000000000004f0      0x3b8 Drivers/STM32L4xx_HAL_Driver/Src/stm32l4xx_hal_tim.o
 .debug_aranges
                0x00000000000008a8      0x168 Drivers/STM32L4xx_HAL_Driver/Src/stm32l4xx_hal_tim_ex.o
 .debug_aranges
                0x0000000000000a10       0x38 Middlewares/Robocup/MotorController/src/MotorController.o
 .debug_aranges
                0x0000000000000a48       0xd8 Src/Common_Data.o
 .debug_aranges
                0x0000000000000b20       0x20 Src/Initialize_System.o
 .debug_aranges
                0x0000000000000b40       0x48 Src/main.o
 .debug_aranges
                0x0000000000000b88       0x28 Src/stm32l4xx_hal_msp.o
 .debug_aranges
                0x0000000000000bb0       0x68 Src/stm32l4xx_it.o
 .debug_aranges
                0x0000000000000c18       0x28 Src/system_stm32l4xx.o
 .debug_aranges
                0x0000000000000c40       0x28 Startup/startup_stm32l476rgtx.o

.debug_ranges   0x0000000000000000      0xb60
 .debug_ranges  0x0000000000000000       0x30 Drivers/Robocup/Timer/src/Timer_InputCapture.o
 .debug_ranges  0x0000000000000030       0x30 Drivers/Robocup/Timer/src/Timer_PWM.o
 .debug_ranges  0x0000000000000060      0x120 Drivers/STM32L4xx_HAL_Driver/Src/stm32l4xx_hal.o
 .debug_ranges  0x0000000000000180      0x108 Drivers/STM32L4xx_HAL_Driver/Src/stm32l4xx_hal_cortex.o
 .debug_ranges  0x0000000000000288       0x48 Drivers/STM32L4xx_HAL_Driver/Src/stm32l4xx_hal_gpio.o
 .debug_ranges  0x00000000000002d0      0x138 Drivers/STM32L4xx_HAL_Driver/Src/stm32l4xx_hal_pwr_ex.o
 .debug_ranges  0x0000000000000408       0x78 Drivers/STM32L4xx_HAL_Driver/Src/stm32l4xx_hal_rcc.o
 .debug_ranges  0x0000000000000480      0x3a8 Drivers/STM32L4xx_HAL_Driver/Src/stm32l4xx_hal_tim.o
 .debug_ranges  0x0000000000000828      0x158 Drivers/STM32L4xx_HAL_Driver/Src/stm32l4xx_hal_tim_ex.o
 .debug_ranges  0x0000000000000980       0x28 Middlewares/Robocup/MotorController/src/MotorController.o
 .debug_ranges  0x00000000000009a8       0xc8 Src/Common_Data.o
 .debug_ranges  0x0000000000000a70       0x10 Src/Initialize_System.o
 .debug_ranges  0x0000000000000a80       0x38 Src/main.o
 .debug_ranges  0x0000000000000ab8       0x18 Src/stm32l4xx_hal_msp.o
 .debug_ranges  0x0000000000000ad0       0x58 Src/stm32l4xx_it.o
 .debug_ranges  0x0000000000000b28       0x18 Src/system_stm32l4xx.o
 .debug_ranges  0x0000000000000b40       0x20 Startup/startup_stm32l476rgtx.o

.debug_macro    0x0000000000000000    0x2632f
 .debug_macro   0x0000000000000000      0x21d Drivers/Robocup/Timer/src/Timer_InputCapture.o
 .debug_macro   0x000000000000021d      0xa5a Drivers/Robocup/Timer/src/Timer_InputCapture.o
 .debug_macro   0x0000000000000c77       0xba Drivers/Robocup/Timer/src/Timer_InputCapture.o
 .debug_macro   0x0000000000000d31       0x2e Drivers/Robocup/Timer/src/Timer_InputCapture.o
 .debug_macro   0x0000000000000d5f       0x28 Drivers/Robocup/Timer/src/Timer_InputCapture.o
 .debug_macro   0x0000000000000d87       0x22 Drivers/Robocup/Timer/src/Timer_InputCapture.o
 .debug_macro   0x0000000000000da9       0x8e Drivers/Robocup/Timer/src/Timer_InputCapture.o
 .debug_macro   0x0000000000000e37       0x51 Drivers/Robocup/Timer/src/Timer_InputCapture.o
 .debug_macro   0x0000000000000e88       0xef Drivers/Robocup/Timer/src/Timer_InputCapture.o
 .debug_macro   0x0000000000000f77       0x6a Drivers/Robocup/Timer/src/Timer_InputCapture.o
 .debug_macro   0x0000000000000fe1      0x1df Drivers/Robocup/Timer/src/Timer_InputCapture.o
 .debug_macro   0x00000000000011c0       0x1c Drivers/Robocup/Timer/src/Timer_InputCapture.o
 .debug_macro   0x00000000000011dc       0x22 Drivers/Robocup/Timer/src/Timer_InputCapture.o
 .debug_macro   0x00000000000011fe       0xdf Drivers/Robocup/Timer/src/Timer_InputCapture.o
 .debug_macro   0x00000000000012dd     0x102d Drivers/Robocup/Timer/src/Timer_InputCapture.o
 .debug_macro   0x000000000000230a      0x11f Drivers/Robocup/Timer/src/Timer_InputCapture.o
 .debug_macro   0x0000000000002429    0x1a11f Drivers/Robocup/Timer/src/Timer_InputCapture.o
 .debug_macro   0x000000000001c548       0x43 Drivers/Robocup/Timer/src/Timer_InputCapture.o
 .debug_macro   0x000000000001c58b     0x3820 Drivers/Robocup/Timer/src/Timer_InputCapture.o
 .debug_macro   0x000000000001fdab      0x174 Drivers/Robocup/Timer/src/Timer_InputCapture.o
 .debug_macro   0x000000000001ff1f       0x5a Drivers/Robocup/Timer/src/Timer_InputCapture.o
 .debug_macro   0x000000000001ff79     0x155f Drivers/Robocup/Timer/src/Timer_InputCapture.o
 .debug_macro   0x00000000000214d8      0x59e Drivers/Robocup/Timer/src/Timer_InputCapture.o
 .debug_macro   0x0000000000021a76      0x241 Drivers/Robocup/Timer/src/Timer_InputCapture.o
 .debug_macro   0x0000000000021cb7      0x13d Drivers/Robocup/Timer/src/Timer_InputCapture.o
 .debug_macro   0x0000000000021df4      0x18b Drivers/Robocup/Timer/src/Timer_InputCapture.o
 .debug_macro   0x0000000000021f7f      0x26b Drivers/Robocup/Timer/src/Timer_InputCapture.o
 .debug_macro   0x00000000000221ea      0x236 Drivers/Robocup/Timer/src/Timer_InputCapture.o
 .debug_macro   0x0000000000022420      0x36e Drivers/Robocup/Timer/src/Timer_InputCapture.o
 .debug_macro   0x000000000002278e       0xe4 Drivers/Robocup/Timer/src/Timer_InputCapture.o
 .debug_macro   0x0000000000022872      0x22c Drivers/Robocup/Timer/src/Timer_InputCapture.o
 .debug_macro   0x0000000000022a9e       0x5e Drivers/Robocup/Timer/src/Timer_InputCapture.o
 .debug_macro   0x0000000000022afc       0xa5 Drivers/Robocup/Timer/src/Timer_InputCapture.o
 .debug_macro   0x0000000000022ba1      0x122 Drivers/Robocup/Timer/src/Timer_InputCapture.o
 .debug_macro   0x0000000000022cc3      0x3d4 Drivers/Robocup/Timer/src/Timer_InputCapture.o
 .debug_macro   0x0000000000023097      0x9f7 Drivers/Robocup/Timer/src/Timer_InputCapture.o
 .debug_macro   0x0000000000023a8e      0x1e7 Drivers/Robocup/Timer/src/Timer_InputCapture.o
 .debug_macro   0x0000000000023c75      0x349 Drivers/Robocup/Timer/src/Timer_InputCapture.o
 .debug_macro   0x0000000000023fbe       0x10 Drivers/Robocup/Timer/src/Timer_InputCapture.o
 .debug_macro   0x0000000000023fce       0x52 Drivers/Robocup/Timer/src/Timer_InputCapture.o
 .debug_macro   0x0000000000024020       0x4c Drivers/Robocup/Timer/src/Timer_InputCapture.o
 .debug_macro   0x000000000002406c      0x17e Drivers/Robocup/Timer/src/Timer_InputCapture.o
 .debug_macro   0x00000000000241ea      0x1e5 Drivers/Robocup/Timer/src/Timer_PWM.o
 .debug_macro   0x00000000000243cf      0x223 Drivers/STM32L4xx_HAL_Driver/Src/stm32l4xx_hal.o
 .debug_macro   0x00000000000245f2      0x1d5 Drivers/STM32L4xx_HAL_Driver/Src/stm32l4xx_hal_cortex.o
 .debug_macro   0x00000000000247c7      0x214 Drivers/STM32L4xx_HAL_Driver/Src/stm32l4xx_hal_gpio.o
 .debug_macro   0x00000000000249db      0x1f9 Drivers/STM32L4xx_HAL_Driver/Src/stm32l4xx_hal_pwr_ex.o
 .debug_macro   0x0000000000024bd4      0x217 Drivers/STM32L4xx_HAL_Driver/Src/stm32l4xx_hal_rcc.o
 .debug_macro   0x0000000000024deb      0x1d6 Drivers/STM32L4xx_HAL_Driver/Src/stm32l4xx_hal_tim.o
 .debug_macro   0x0000000000024fc1      0x1d5 Drivers/STM32L4xx_HAL_Driver/Src/stm32l4xx_hal_tim_ex.o
 .debug_macro   0x0000000000025196      0x22c Middlewares/Robocup/MotorController/src/MotorController.o
 .debug_macro   0x00000000000253c2      0x178 Middlewares/Robocup/MotorController/src/MotorController.o
 .debug_macro   0x000000000002553a      0x10c Middlewares/Robocup/MotorController/src/MotorController.o
 .debug_macro   0x0000000000025646       0x58 Middlewares/Robocup/MotorController/src/MotorController.o
 .debug_macro   0x000000000002569e      0x204 Src/Common_Data.o
 .debug_macro   0x00000000000258a2      0x228 Src/Initialize_System.o
 .debug_macro   0x0000000000025aca      0x23e Src/main.o
 .debug_macro   0x0000000000025d08       0x2e Src/main.o
 .debug_macro   0x0000000000025d36      0x1e4 Src/stm32l4xx_hal_msp.o
 .debug_macro   0x0000000000025f1a      0x23a Src/stm32l4xx_it.o
 .debug_macro   0x0000000000026154      0x1db Src/system_stm32l4xx.o

.debug_line     0x0000000000000000     0xaa88
 .debug_line    0x0000000000000000      0x959 Drivers/Robocup/Timer/src/Timer_InputCapture.o
 .debug_line    0x0000000000000959      0x834 Drivers/Robocup/Timer/src/Timer_PWM.o
 .debug_line    0x000000000000118d      0x9a4 Drivers/STM32L4xx_HAL_Driver/Src/stm32l4xx_hal.o
 .debug_line    0x0000000000001b31      0xa2e Drivers/STM32L4xx_HAL_Driver/Src/stm32l4xx_hal_cortex.o
 .debug_line    0x000000000000255f      0x8c3 Drivers/STM32L4xx_HAL_Driver/Src/stm32l4xx_hal_gpio.o
 .debug_line    0x0000000000002e22      0xaa1 Drivers/STM32L4xx_HAL_Driver/Src/stm32l4xx_hal_pwr_ex.o
 .debug_line    0x00000000000038c3      0xa0a Drivers/STM32L4xx_HAL_Driver/Src/stm32l4xx_hal_rcc.o
 .debug_line    0x00000000000042cd     0x1ba0 Drivers/STM32L4xx_HAL_Driver/Src/stm32l4xx_hal_tim.o
 .debug_line    0x0000000000005e6d      0xdf1 Drivers/STM32L4xx_HAL_Driver/Src/stm32l4xx_hal_tim_ex.o
 .debug_line    0x0000000000006c5e      0x9b9 Middlewares/Robocup/MotorController/src/MotorController.o
 .debug_line    0x0000000000007617      0x98f Src/Common_Data.o
 .debug_line    0x0000000000007fa6      0x8e5 Src/Initialize_System.o
 .debug_line    0x000000000000888b      0x998 Src/main.o
 .debug_line    0x0000000000009223      0x715 Src/stm32l4xx_hal_msp.o
 .debug_line    0x0000000000009938      0x9a5 Src/stm32l4xx_it.o
 .debug_line    0x000000000000a2dd      0x72b Src/system_stm32l4xx.o
 .debug_line    0x000000000000aa08       0x80 Startup/startup_stm32l476rgtx.o

.debug_str      0x0000000000000000    0xe990f
 .debug_str     0x0000000000000000    0xe6350 Drivers/Robocup/Timer/src/Timer_InputCapture.o
                                      0xe67c6 (size before relaxing)
 .debug_str     0x00000000000e6350      0x165 Drivers/Robocup/Timer/src/Timer_PWM.o
                                      0xe593c (size before relaxing)
 .debug_str     0x00000000000e64b5      0x626 Drivers/STM32L4xx_HAL_Driver/Src/stm32l4xx_hal.o
                                      0xe5eb5 (size before relaxing)
 .debug_str     0x00000000000e6adb      0x3e1 Drivers/STM32L4xx_HAL_Driver/Src/stm32l4xx_hal_cortex.o
                                      0xe5bc5 (size before relaxing)
 .debug_str     0x00000000000e6ebc      0x251 Drivers/STM32L4xx_HAL_Driver/Src/stm32l4xx_hal_gpio.o
                                      0xe55f1 (size before relaxing)
 .debug_str     0x00000000000e710d      0x482 Drivers/STM32L4xx_HAL_Driver/Src/stm32l4xx_hal_pwr_ex.o
                                      0xe5860 (size before relaxing)
 .debug_str     0x00000000000e758f      0x4b6 Drivers/STM32L4xx_HAL_Driver/Src/stm32l4xx_hal_rcc.o
                                      0xe5934 (size before relaxing)
 .debug_str     0x00000000000e7a45      0xcf0 Drivers/STM32L4xx_HAL_Driver/Src/stm32l4xx_hal_tim.o
                                      0xe63ec (size before relaxing)
 .debug_str     0x00000000000e8735      0x5b0 Drivers/STM32L4xx_HAL_Driver/Src/stm32l4xx_hal_tim_ex.o
                                      0xe5d0d (size before relaxing)
 .debug_str     0x00000000000e8ce5      0x5fd Middlewares/Robocup/MotorController/src/MotorController.o
                                      0xe61e0 (size before relaxing)
 .debug_str     0x00000000000e92e2      0x369 Src/Common_Data.o
                                      0xe5832 (size before relaxing)
 .debug_str     0x00000000000e964b       0x4b Src/Initialize_System.o
                                      0xe6406 (size before relaxing)
 .debug_str     0x00000000000e9696      0x10d Src/main.o
                                      0xe6a02 (size before relaxing)
 .debug_str     0x00000000000e97a3       0x1b Src/stm32l4xx_hal_msp.o
                                      0xe5c7a (size before relaxing)
 .debug_str     0x00000000000e97be       0xd0 Src/stm32l4xx_it.o
                                      0xe655a (size before relaxing)
 .debug_str     0x00000000000e988e       0x50 Src/system_stm32l4xx.o
                                      0xe536d (size before relaxing)
 .debug_str     0x00000000000e98de       0x31 Startup/startup_stm32l476rgtx.o
                                         0x6b (size before relaxing)

.comment        0x0000000000000000       0x7b
 .comment       0x0000000000000000       0x7b Drivers/Robocup/Timer/src/Timer_InputCapture.o
                                         0x7c (size before relaxing)
 .comment       0x000000000000007b       0x7c Drivers/Robocup/Timer/src/Timer_PWM.o
 .comment       0x000000000000007b       0x7c Drivers/STM32L4xx_HAL_Driver/Src/stm32l4xx_hal.o
 .comment       0x000000000000007b       0x7c Drivers/STM32L4xx_HAL_Driver/Src/stm32l4xx_hal_cortex.o
 .comment       0x000000000000007b       0x7c Drivers/STM32L4xx_HAL_Driver/Src/stm32l4xx_hal_gpio.o
 .comment       0x000000000000007b       0x7c Drivers/STM32L4xx_HAL_Driver/Src/stm32l4xx_hal_pwr_ex.o
 .comment       0x000000000000007b       0x7c Drivers/STM32L4xx_HAL_Driver/Src/stm32l4xx_hal_rcc.o
 .comment       0x000000000000007b       0x7c Drivers/STM32L4xx_HAL_Driver/Src/stm32l4xx_hal_tim.o
 .comment       0x000000000000007b       0x7c Drivers/STM32L4xx_HAL_Driver/Src/stm32l4xx_hal_tim_ex.o
 .comment       0x000000000000007b       0x7c Middlewares/Robocup/MotorController/src/MotorController.o
 .comment       0x000000000000007b       0x7c Src/Common_Data.o
 .comment       0x000000000000007b       0x7c Src/Initialize_System.o
 .comment       0x000000000000007b       0x7c Src/main.o
 .comment       0x000000000000007b       0x7c Src/stm32l4xx_hal_msp.o
 .comment       0x000000000000007b       0x7c Src/stm32l4xx_it.o
 .comment       0x000000000000007b       0x7c Src/system_stm32l4xx.o

.debug_frame    0x0000000000000000     0x3280
 .debug_frame   0x0000000000000000       0xd4 Drivers/Robocup/Timer/src/Timer_InputCapture.o
 .debug_frame   0x00000000000000d4       0xf8 Drivers/Robocup/Timer/src/Timer_PWM.o
 .debug_frame   0x00000000000001cc      0x498 Drivers/STM32L4xx_HAL_Driver/Src/stm32l4xx_hal.o
 .debug_frame   0x0000000000000664      0x498 Drivers/STM32L4xx_HAL_Driver/Src/stm32l4xx_hal_cortex.o
 .debug_frame   0x0000000000000afc      0x14c Drivers/STM32L4xx_HAL_Driver/Src/stm32l4xx_hal_gpio.o
 .debug_frame   0x0000000000000c48      0x524 Drivers/STM32L4xx_HAL_Driver/Src/stm32l4xx_hal_pwr_ex.o
 .debug_frame   0x000000000000116c      0x1f4 Drivers/STM32L4xx_HAL_Driver/Src/stm32l4xx_hal_rcc.o
 .debug_frame   0x0000000000001360     0x1148 Drivers/STM32L4xx_HAL_Driver/Src/stm32l4xx_hal_tim.o
 .debug_frame   0x00000000000024a8      0x638 Drivers/STM32L4xx_HAL_Driver/Src/stm32l4xx_hal_tim_ex.o
 .debug_frame   0x0000000000002ae0       0xa8 Middlewares/Robocup/MotorController/src/MotorController.o
 .debug_frame   0x0000000000002b88      0x3d0 Src/Common_Data.o
 .debug_frame   0x0000000000002f58       0x2c Src/Initialize_System.o
 .debug_frame   0x0000000000002f84       0xd4 Src/main.o
 .debug_frame   0x0000000000003058       0x5c Src/stm32l4xx_hal_msp.o
 .debug_frame   0x00000000000030b4      0x128 Src/stm32l4xx_it.o
 .debug_frame   0x00000000000031dc       0x58 Src/system_stm32l4xx.o
 .debug_frame   0x0000000000003234       0x2c /Applications/STM32CubeIDE.app/Contents/Eclipse/plugins/com.st.stm32cube.ide.mcu.externaltools.gnu-tools-for-stm32.7-2018-q2-update.macos64_1.0.0.201904181610/tools/bin/../lib/gcc/arm-none-eabi/7.3.1/../../../../arm-none-eabi/lib/thumb/v7e-m/fpv4-sp/hard/libc_nano.a(lib_a-init.o)
 .debug_frame   0x0000000000003260       0x20 /Applications/STM32CubeIDE.app/Contents/Eclipse/plugins/com.st.stm32cube.ide.mcu.externaltools.gnu-tools-for-stm32.7-2018-q2-update.macos64_1.0.0.201904181610/tools/bin/../lib/gcc/arm-none-eabi/7.3.1/../../../../arm-none-eabi/lib/thumb/v7e-m/fpv4-sp/hard/libc_nano.a(lib_a-memset.o)
