Common_Data.c:28:6:Read_IC_Channel1_Raw_data	16	static
Common_Data.c:33:6:Write_IC_Channel1_Raw_data	16	static
Common_Data.c:38:6:Read_IC_Channel2_Raw_data	16	static
Common_Data.c:43:6:Write_IC_Channel2_Raw_data	16	static
Common_Data.c:48:6:Read_IC_Channel3_Raw_data	16	static
Common_Data.c:53:6:Write_IC_Channel3_Raw_data	16	static
Common_Data.c:58:6:Read_Button_Pressed	16	static
Common_Data.c:63:6:Write_Button_Pressed	16	static
Common_Data.c:68:6:Read_RC_CH1_Max	16	static
Common_Data.c:73:6:Write_RC_CH1_Max	16	static
Common_Data.c:78:6:Read_RC_CH1_Min	16	static
Common_Data.c:83:6:Write_RC_CH1_Min	16	static
Common_Data.c:88:6:Read_RC_CH2_Max	16	static
Common_Data.c:93:6:Write_RC_CH2_Max	16	static
Common_Data.c:98:6:Read_RC_CH2_Min	16	static
Common_Data.c:103:6:Write_RC_CH2_Min	16	static
Common_Data.c:108:6:Read_RC_CH3_Max	16	static
Common_Data.c:113:6:Write_RC_CH3_Max	16	static
Common_Data.c:118:6:Read_RC_CH3_Min	16	static
Common_Data.c:123:6:Write_RC_CH3_Min	16	static
Common_Data.c:128:6:Read_Provided_Robot_Speed	16	static
Common_Data.c:133:6:Write_Provided_Robot_Speed	16	static
Common_Data.c:139:6:Read_Calculated_Wheel_Speeds	16	static
Common_Data.c:144:6:Write_Calculated_Wheel_Speeds	16	static
