Common_Data.c:37:6:Read_IC_Channel1_Raw_data	16	static
Common_Data.c:42:6:Write_IC_Channel1_Raw_data	16	static
Common_Data.c:47:6:Read_IC_Channel2_Raw_data	16	static
Common_Data.c:52:6:Write_IC_Channel2_Raw_data	16	static
Common_Data.c:57:6:Read_IC_Channel3_Raw_data	16	static
Common_Data.c:62:6:Write_IC_Channel3_Raw_data	16	static
Common_Data.c:67:6:Read_Button_Pressed	16	static
Common_Data.c:72:6:Write_Button_Pressed	16	static
Common_Data.c:77:6:Read_RC_CH1_Max	16	static
Common_Data.c:82:6:Write_RC_CH1_Max	16	static
Common_Data.c:87:6:Read_RC_CH1_Min	16	static
Common_Data.c:92:6:Write_RC_CH1_Min	16	static
Common_Data.c:97:6:Read_RC_CH2_Max	16	static
Common_Data.c:102:6:Write_RC_CH2_Max	16	static
Common_Data.c:107:6:Read_RC_CH2_Min	16	static
Common_Data.c:112:6:Write_RC_CH2_Min	16	static
Common_Data.c:117:6:Read_RC_CH3_Max	16	static
Common_Data.c:122:6:Write_RC_CH3_Max	16	static
Common_Data.c:127:6:Read_RC_CH3_Min	16	static
Common_Data.c:132:6:Write_RC_CH3_Min	16	static
Common_Data.c:137:6:Read_Provided_Robot_Speed	16	static
Common_Data.c:142:6:Write_Provided_Robot_Speed	16	static
Common_Data.c:147:6:Read_Received_Robot_Speed	16	static
Common_Data.c:152:6:Write_Received_Robot_Speed	16	static
Common_Data.c:157:6:Read_Transmit_Enabled	16	static
Common_Data.c:162:6:Write_Transmit_Enabled	16	static
Common_Data.c:167:6:Read_Wifi_Connected	16	static
Common_Data.c:172:6:Write_Wifi_Connected	16	static
Common_Data.c:177:6:Read_Connection_Estabilished	16	static
Common_Data.c:182:6:Write_Connection_Estabilished	16	static
Common_Data.c:187:6:Read_Calculated_Wheel_Speeds	16	static
Common_Data.c:192:6:Write_Calculated_Wheel_Speeds	16	static
Common_Data.c:197:6:Read_Provided_Wheel_Speeds	16	static
Common_Data.c:202:6:Write_Provided_Wheel_Speeds	16	static
Common_Data.c:207:6:Read_Controlled_Wheel_Speeds	16	static
Common_Data.c:212:6:Write_Controlled_Wheel_Speeds	16	static
